This is pdfTeX, Version 3.141592653-2.6-1.40.27 (MiKTeX 25.4) (preloaded format=pdflatex 2025.11.6)  20 APR 2026 14:17
entering extended mode
 restricted \write18 enabled.
 %&-line parsing enabled.
**"./Event-Driven Programming.tex"
(Event-Driven Programming.tex
LaTeX2e <2025-06-01> patch level 1
L3 programming layer <2025-10-09>
(C:\Program Files\MiKTeX\tex/latex/beamer\beamer.cls
Document Class: beamer 2025/08/13 v3.76 A class for typesetting presentations
(C:\Program Files\MiKTeX\tex/latex/beamer\beamerbasemodes.sty
(C:\Program Files\MiKTeX\tex/latex/etoolbox\etoolbox.sty
Package: etoolbox 2025/10/02 v2.5m e-TeX tools for LaTeX (JAW)
\etb@tempcnta=\count275
)
\beamer@tempbox=\box53
\beamer@tempcount=\count276
\c@beamerpauses=\count277

(C:\Program Files\MiKTeX\tex/latex/beamer\beamerbasedecode.sty
\beamer@slideinframe=\count278
\beamer@minimum=\count279
\beamer@decode@box=\box54
)
\beamer@commentbox=\box55
\beamer@modecount=\count280
)
(C:\Program Files\MiKTeX\tex/generic/iftex\iftex.sty
Package: iftex 2024/12/12 v1.0g TeX engine tests
)
\headdp=\dimen148
\footheight=\dimen149
\sidebarheight=\dimen150
\beamer@tempdim=\dimen151
\beamer@finalheight=\dimen152
\beamer@animht=\dimen153
\beamer@animdp=\dimen154
\beamer@animwd=\dimen155
\beamer@leftmargin=\dimen156
\beamer@rightmargin=\dimen157
\beamer@leftsidebar=\dimen158
\beamer@rightsidebar=\dimen159
\beamer@boxsize=\dimen160
\beamer@vboxoffset=\dimen161
\beamer@descdefault=\dimen162
\beamer@descriptionwidth=\dimen163
\beamer@lastskip=\skip49
\beamer@areabox=\box56
\beamer@animcurrent=\box57
\beamer@animshowbox=\box58
\beamer@sectionbox=\box59
\beamer@logobox=\box60
\beamer@linebox=\box61
\beamer@sectioncount=\count281
\beamer@subsubsectionmax=\count282
\beamer@subsectionmax=\count283
\beamer@sectionmax=\count284
\beamer@totalheads=\count285
\beamer@headcounter=\count286
\beamer@partstartpage=\count287
\beamer@sectionstartpage=\count288
\beamer@subsectionstartpage=\count289
\beamer@animationtempa=\count290
\beamer@animationtempb=\count291
\beamer@xpos=\count292
\beamer@ypos=\count293
\beamer@ypos@offset=\count294
\beamer@showpartnumber=\count295
\beamer@currentsubsection=\count296
\beamer@coveringdepth=\count297
\beamer@sectionadjust=\count298
\beamer@toclastsection=\count299
\beamer@tocsectionnumber=\count300

(C:\Program Files\MiKTeX\tex/latex/beamer\beamerbaseoptions.sty
(C:\Program Files\MiKTeX\tex/latex/graphics\keyval.sty
Package: keyval 2022/05/29 v1.15 key=value parser (DPC)
\KV@toks@=\toks17
))
\beamer@paperwidth=\skip50
\beamer@paperheight=\skip51

(C:\Program Files\MiKTeX\tex/latex/geometry\geometry.sty
Package: geometry 2020/01/02 v5.9 Page Geometry

(C:\Program Files\MiKTeX\tex/generic/iftex\ifvtex.sty
Package: ifvtex 2019/10/25 v1.7 ifvtex legacy package. Use iftex instead.
)
\Gm@cnth=\count301
\Gm@cntv=\count302
\c@Gm@tempcnt=\count303
\Gm@bindingoffset=\dimen164
\Gm@wd@mp=\dimen165
\Gm@odd@mp=\dimen166
\Gm@even@mp=\dimen167
\Gm@layoutwidth=\dimen168
\Gm@layoutheight=\dimen169
\Gm@layouthoffset=\dimen170
\Gm@layoutvoffset=\dimen171
\Gm@dimlist=\toks18

(C:\Program Files\MiKTeX\tex/latex/geometry\geometry.cfg))
(C:\Program Files\MiKTeX\tex/latex/pgf/math\pgfmath.sty
(C:\Program Files\MiKTeX\tex/latex/pgf/utilities\pgfrcs.sty
(C:\Program Files\MiKTeX\tex/generic/pgf/utilities\pgfutil-common.tex
\pgfutil@everybye=\toks19
\pgfutil@tempdima=\dimen172
\pgfutil@tempdimb=\dimen173
)
(C:\Program Files\MiKTeX\tex/generic/pgf/utilities\pgfutil-latex.def
\pgfutil@abb=\box62
)
(C:\Program Files\MiKTeX\tex/generic/pgf/utilities\pgfrcs.code.tex
(C:\Program Files\MiKTeX\tex/generic/pgf\pgf.revision.tex)
Package: pgfrcs 2025-08-29 v3.1.11a (3.1.11a)
))
(C:\Program Files\MiKTeX\tex/latex/pgf/utilities\pgfkeys.sty
(C:\Program Files\MiKTeX\tex/generic/pgf/utilities\pgfkeys.code.tex
\pgfkeys@pathtoks=\toks20
\pgfkeys@temptoks=\toks21

(C:\Program Files\MiKTeX\tex/generic/pgf/utilities\pgfkeyslibraryfiltered.code.
tex
\pgfkeys@tmptoks=\toks22
))) (C:\Program Files\MiKTeX\tex/generic/pgf/math\pgfmath.code.tex
(C:\Program Files\MiKTeX\tex/generic/pgf/math\pgfmathutil.code.tex
\pgf@x=\dimen174
\pgf@xa=\dimen175
\pgf@xb=\dimen176
\pgf@xc=\dimen177
\pgf@y=\dimen178
\pgf@ya=\dimen179
\pgf@yb=\dimen180
\pgf@yc=\dimen181
\c@pgf@counta=\count304
\c@pgf@countb=\count305
\c@pgf@countc=\count306
\c@pgf@countd=\count307
)
(C:\Program Files\MiKTeX\tex/generic/pgf/math\pgfmathparser.code.tex
\pgfmath@dimen=\dimen182
\pgfmath@count=\count308
\pgfmath@box=\box63
\pgfmath@toks=\toks23
\pgfmath@stack@operand=\toks24
\pgfmath@stack@operation=\toks25
)
(C:\Program Files\MiKTeX\tex/generic/pgf/math\pgfmathfunctions.code.tex)
(C:\Program Files\MiKTeX\tex/generic/pgf/math\pgfmathfunctions.basic.code.tex)
(C:\Program Files\MiKTeX\tex/generic/pgf/math\pgfmathfunctions.trigonometric.co
de.tex)
(C:\Program Files\MiKTeX\tex/generic/pgf/math\pgfmathfunctions.random.code.tex)

(C:\Program Files\MiKTeX\tex/generic/pgf/math\pgfmathfunctions.comparison.code.
tex)
(C:\Program Files\MiKTeX\tex/generic/pgf/math\pgfmathfunctions.base.code.tex)
(C:\Program Files\MiKTeX\tex/generic/pgf/math\pgfmathfunctions.round.code.tex)
(C:\Program Files\MiKTeX\tex/generic/pgf/math\pgfmathfunctions.misc.code.tex)
(C:\Program Files\MiKTeX\tex/generic/pgf/math\pgfmathfunctions.integerarithmeti
cs.code.tex) (C:\Program Files\MiKTeX\tex/generic/pgf/math\pgfmathcalc.code.tex
) (C:\Program Files\MiKTeX\tex/generic/pgf/math\pgfmathfloat.code.tex
\c@pgfmathroundto@lastzeros=\count309
)))
(C:\Program Files\MiKTeX\tex/latex/base\size11.clo
File: size11.clo 2025/01/22 v1.4n Standard LaTeX file (size option)
)
(C:\Program Files\MiKTeX\tex/latex/pgf/basiclayer\pgfcore.sty
(C:\Program Files\MiKTeX\tex/latex/graphics\graphicx.sty
Package: graphicx 2024/12/31 v1.2e Enhanced LaTeX Graphics (DPC,SPQR)

(C:\Program Files\MiKTeX\tex/latex/graphics\graphics.sty
Package: graphics 2024/08/06 v1.4g Standard LaTeX Graphics (DPC,SPQR)

(C:\Program Files\MiKTeX\tex/latex/graphics\trig.sty
Package: trig 2023/12/02 v1.11 sin cos tan (DPC)
)
(C:\Program Files\MiKTeX\tex/latex/graphics-cfg\graphics.cfg
File: graphics.cfg 2016/06/04 v1.11 sample graphics configuration
)
Package graphics Info: Driver file: pdftex.def on input line 106.

(C:\Program Files\MiKTeX\tex/latex/graphics-def\pdftex.def
File: pdftex.def 2025/09/29 v1.2d Graphics/color driver for pdftex
))
\Gin@req@height=\dimen183
\Gin@req@width=\dimen184
)
(C:\Program Files\MiKTeX\tex/latex/pgf/systemlayer\pgfsys.sty
(C:\Program Files\MiKTeX\tex/generic/pgf/systemlayer\pgfsys.code.tex
Package: pgfsys 2025-08-29 v3.1.11a (3.1.11a)
\pgf@x=\dimen185
\pgf@y=\dimen186
\pgf@xa=\dimen187
\pgf@ya=\dimen188
\pgf@xb=\dimen189
\pgf@yb=\dimen190
\pgf@xc=\dimen191
\pgf@yc=\dimen192
\pgf@xd=\dimen193
\pgf@yd=\dimen194
\w@pgf@writea=\write3
\r@pgf@reada=\read2
\c@pgf@counta=\count310
\c@pgf@countb=\count311
\c@pgf@countc=\count312
\c@pgf@countd=\count313
\t@pgf@toka=\toks26
\t@pgf@tokb=\toks27
\t@pgf@tokc=\toks28
\pgf@sys@id@count=\count314

(C:\Program Files\MiKTeX\tex/generic/pgf/systemlayer\pgf.cfg
File: pgf.cfg 2025-08-29 v3.1.11a (3.1.11a)
)
Driver file for pgf: pgfsys-pdftex.def

(C:\Program Files\MiKTeX\tex/generic/pgf/systemlayer\pgfsys-pdftex.def
File: pgfsys-pdftex.def 2025-08-29 v3.1.11a (3.1.11a)

(C:\Program Files\MiKTeX\tex/generic/pgf/systemlayer\pgfsys-common-pdf.def
File: pgfsys-common-pdf.def 2025-08-29 v3.1.11a (3.1.11a)
)))
(C:\Program Files\MiKTeX\tex/generic/pgf/systemlayer\pgfsyssoftpath.code.tex
File: pgfsyssoftpath.code.tex 2025-08-29 v3.1.11a (3.1.11a)
\pgfsyssoftpath@smallbuffer@items=\count315
\pgfsyssoftpath@bigbuffer@items=\count316
)
(C:\Program Files\MiKTeX\tex/generic/pgf/systemlayer\pgfsysprotocol.code.tex
File: pgfsysprotocol.code.tex 2025-08-29 v3.1.11a (3.1.11a)
))
(C:\Program Files\MiKTeX\tex/latex/xcolor\xcolor.sty
Package: xcolor 2024/09/29 v3.02 LaTeX color extensions (UK)

(C:\Program Files\MiKTeX\tex/latex/graphics-cfg\color.cfg
File: color.cfg 2016/01/02 v1.6 sample color configuration
)
Package xcolor Info: Driver file: pdftex.def on input line 274.

(C:\Program Files\MiKTeX\tex/latex/graphics\mathcolor.ltx)
Package xcolor Info: Model `cmy' substituted by `cmy0' on input line 1349.
Package xcolor Info: Model `hsb' substituted by `rgb' on input line 1353.
Package xcolor Info: Model `RGB' extended on input line 1365.
Package xcolor Info: Model `HTML' substituted by `rgb' on input line 1367.
Package xcolor Info: Model `Hsb' substituted by `hsb' on input line 1368.
Package xcolor Info: Model `tHsb' substituted by `hsb' on input line 1369.
Package xcolor Info: Model `HSB' substituted by `hsb' on input line 1370.
Package xcolor Info: Model `Gray' substituted by `gray' on input line 1371.
Package xcolor Info: Model `wave' substituted by `hsb' on input line 1372.
)
(C:\Program Files\MiKTeX\tex/generic/pgf/basiclayer\pgfcore.code.tex
Package: pgfcore 2025-08-29 v3.1.11a (3.1.11a)

(C:\Program Files\MiKTeX\tex/generic/pgf/math\pgfint.code.tex)
(C:\Program Files\MiKTeX\tex/generic/pgf/basiclayer\pgfcorepoints.code.tex
File: pgfcorepoints.code.tex 2025-08-29 v3.1.11a (3.1.11a)
\pgf@picminx=\dimen195
\pgf@picmaxx=\dimen196
\pgf@picminy=\dimen197
\pgf@picmaxy=\dimen198
\pgf@pathminx=\dimen199
\pgf@pathmaxx=\dimen256
\pgf@pathminy=\dimen257
\pgf@pathmaxy=\dimen258
\pgf@xx=\dimen259
\pgf@xy=\dimen260
\pgf@yx=\dimen261
\pgf@yy=\dimen262
\pgf@zx=\dimen263
\pgf@zy=\dimen264
)
(C:\Program Files\MiKTeX\tex/generic/pgf/basiclayer\pgfcorepathconstruct.code.t
ex
File: pgfcorepathconstruct.code.tex 2025-08-29 v3.1.11a (3.1.11a)
\pgf@path@lastx=\dimen265
\pgf@path@lasty=\dimen266
)
(C:\Program Files\MiKTeX\tex/generic/pgf/basiclayer\pgfcorepathusage.code.tex
File: pgfcorepathusage.code.tex 2025-08-29 v3.1.11a (3.1.11a)
\pgf@shorten@end@additional=\dimen267
\pgf@shorten@start@additional=\dimen268
)
(C:\Program Files\MiKTeX\tex/generic/pgf/basiclayer\pgfcorescopes.code.tex
File: pgfcorescopes.code.tex 2025-08-29 v3.1.11a (3.1.11a)
\pgfpic=\box64
\pgf@hbox=\box65
\pgf@layerbox@main=\box66
\pgf@picture@serial@count=\count317
)
(C:\Program Files\MiKTeX\tex/generic/pgf/basiclayer\pgfcoregraphicstate.code.te
x
File: pgfcoregraphicstate.code.tex 2025-08-29 v3.1.11a (3.1.11a)
\pgflinewidth=\dimen269
)
(C:\Program Files\MiKTeX\tex/generic/pgf/basiclayer\pgfcoretransformations.code
.tex
File: pgfcoretransformations.code.tex 2025-08-29 v3.1.11a (3.1.11a)
\pgf@pt@x=\dimen270
\pgf@pt@y=\dimen271
\pgf@pt@temp=\dimen272
) (C:\Program Files\MiKTeX\tex/generic/pgf/basiclayer\pgfcorequick.code.tex
File: pgfcorequick.code.tex 2025-08-29 v3.1.11a (3.1.11a)
) (C:\Program Files\MiKTeX\tex/generic/pgf/basiclayer\pgfcoreobjects.code.tex
File: pgfcoreobjects.code.tex 2025-08-29 v3.1.11a (3.1.11a)
)
(C:\Program Files\MiKTeX\tex/generic/pgf/basiclayer\pgfcorepathprocessing.code.
tex
File: pgfcorepathprocessing.code.tex 2025-08-29 v3.1.11a (3.1.11a)
) (C:\Program Files\MiKTeX\tex/generic/pgf/basiclayer\pgfcorearrows.code.tex
File: pgfcorearrows.code.tex 2025-08-29 v3.1.11a (3.1.11a)
\pgfarrowsep=\dimen273
) (C:\Program Files\MiKTeX\tex/generic/pgf/basiclayer\pgfcoreshade.code.tex
File: pgfcoreshade.code.tex 2025-08-29 v3.1.11a (3.1.11a)
\pgf@max=\dimen274
\pgf@sys@shading@range@num=\count318
\pgf@shadingcount=\count319
)
(C:\Program Files\MiKTeX\tex/generic/pgf/basiclayer\pgfcoreimage.code.tex
File: pgfcoreimage.code.tex 2025-08-29 v3.1.11a (3.1.11a)
)
(C:\Program Files\MiKTeX\tex/generic/pgf/basiclayer\pgfcoreexternal.code.tex
File: pgfcoreexternal.code.tex 2025-08-29 v3.1.11a (3.1.11a)
\pgfexternal@startupbox=\box67
)
(C:\Program Files\MiKTeX\tex/generic/pgf/basiclayer\pgfcorelayers.code.tex
File: pgfcorelayers.code.tex 2025-08-29 v3.1.11a (3.1.11a)
)
(C:\Program Files\MiKTeX\tex/generic/pgf/basiclayer\pgfcoretransparency.code.te
x
File: pgfcoretransparency.code.tex 2025-08-29 v3.1.11a (3.1.11a)
) (C:\Program Files\MiKTeX\tex/generic/pgf/basiclayer\pgfcorepatterns.code.tex
File: pgfcorepatterns.code.tex 2025-08-29 v3.1.11a (3.1.11a)
) (C:\Program Files\MiKTeX\tex/generic/pgf/basiclayer\pgfcorerdf.code.tex
File: pgfcorerdf.code.tex 2025-08-29 v3.1.11a (3.1.11a)
)))
(C:\Program Files\MiKTeX\tex/latex/pgf/utilities\xxcolor.sty
Package: xxcolor 2003/10/24 ver 0.1
\XC@nummixins=\count320
\XC@countmixins=\count321
)
(C:\Program Files\MiKTeX\tex/latex/base\atbegshi-ltx.sty
Package: atbegshi-ltx 2021/01/10 v1.0c Emulation of the original atbegshi
package with kernel methods
)
(C:\Program Files\MiKTeX\tex/latex/hyperref\hyperref.sty
Package: hyperref 2025-07-12 v7.01o Hypertext links for LaTeX

(C:\Program Files\MiKTeX\tex/latex/kvsetkeys\kvsetkeys.sty
Package: kvsetkeys 2022-10-05 v1.19 Key value parser (HO)
)
(C:\Program Files\MiKTeX\tex/generic/kvdefinekeys\kvdefinekeys.sty
Package: kvdefinekeys 2019-12-19 v1.6 Define keys (HO)
)
(C:\Program Files\MiKTeX\tex/generic/pdfescape\pdfescape.sty
Package: pdfescape 2019/12/09 v1.15 Implements pdfTeX's escape features (HO)

(C:\Program Files\MiKTeX\tex/generic/ltxcmds\ltxcmds.sty
Package: ltxcmds 2023-12-04 v1.26 LaTeX kernel commands for general use (HO)
)
(C:\Program Files\MiKTeX\tex/generic/pdftexcmds\pdftexcmds.sty
Package: pdftexcmds 2020-06-27 v0.33 Utility functions of pdfTeX for LuaTeX (HO
)

(C:\Program Files\MiKTeX\tex/generic/infwarerr\infwarerr.sty
Package: infwarerr 2019/12/03 v1.5 Providing info/warning/error messages (HO)
)
Package pdftexcmds Info: \pdf@primitive is available.
Package pdftexcmds Info: \pdf@ifprimitive is available.
Package pdftexcmds Info: \pdfdraftmode found.
))
(C:\Program Files\MiKTeX\tex/latex/hycolor\hycolor.sty
Package: hycolor 2020-01-27 v1.10 Color options for hyperref/bookmark (HO)
)
(C:\Program Files\MiKTeX\tex/latex/hyperref\nameref.sty
Package: nameref 2025-06-21 v2.57 Cross-referencing by name of section

(C:\Program Files\MiKTeX\tex/latex/refcount\refcount.sty
Package: refcount 2019/12/15 v3.6 Data extraction from label references (HO)
)
(C:\Program Files\MiKTeX\tex/generic/gettitlestring\gettitlestring.sty
Package: gettitlestring 2019/12/15 v1.6 Cleanup title references (HO)

(C:\Program Files\MiKTeX\tex/latex/kvoptions\kvoptions.sty
Package: kvoptions 2022-06-15 v3.15 Key value format for package options (HO)
))
\c@section@level=\count322
)
(C:\Program Files\MiKTeX\tex/generic/stringenc\stringenc.sty
Package: stringenc 2019/11/29 v1.12 Convert strings between diff. encodings (HO
)
)
\@linkdim=\dimen275
\Hy@linkcounter=\count323
\Hy@pagecounter=\count324

(C:\Program Files\MiKTeX\tex/latex/hyperref\pd1enc.def
File: pd1enc.def 2025-07-12 v7.01o Hyperref: PDFDocEncoding definition (HO)
Now handling font encoding PD1 ...
... no UTF-8 mapping file for font encoding PD1
)
(C:\Program Files\MiKTeX\tex/generic/intcalc\intcalc.sty
Package: intcalc 2019/12/15 v1.3 Expandable calculations with integers (HO)
)
\Hy@SavedSpaceFactor=\count325

(C:\Program Files\MiKTeX\tex/latex/hyperref\puenc.def
File: puenc.def 2025-07-12 v7.01o Hyperref: PDF Unicode definition (HO)
Now handling font encoding PU ...
... no UTF-8 mapping file for font encoding PU
)
Package hyperref Info: Option `bookmarks' set `true' on input line 4066.
Package hyperref Info: Option `bookmarksopen' set `true' on input line 4066.
Package hyperref Info: Option `implicit' set `false' on input line 4066.
Package hyperref Info: Hyper figures OFF on input line 4195.
Package hyperref Info: Link nesting OFF on input line 4200.
Package hyperref Info: Hyper index ON on input line 4203.
Package hyperref Info: Plain pages OFF on input line 4210.
Package hyperref Info: Backreferencing OFF on input line 4215.
Package hyperref Info: Implicit mode OFF; no redefinition of LaTeX internals.
Package hyperref Info: Bookmarks ON on input line 4462.
\c@Hy@tempcnt=\count326

(C:\Program Files\MiKTeX\tex/latex/url\url.sty
\Urlmuskip=\muskip17
Package: url 2013/09/16  ver 3.4  Verb mode for urls, etc.
)
LaTeX Info: Redefining \url on input line 4801.
\XeTeXLinkMargin=\dimen276

(C:\Program Files\MiKTeX\tex/generic/bitset\bitset.sty
Package: bitset 2019/12/09 v1.3 Handle bit-vector datatype (HO)

(C:\Program Files\MiKTeX\tex/generic/bigintcalc\bigintcalc.sty
Package: bigintcalc 2019/12/15 v1.5 Expandable calculations on big integers (HO
)
))
\Fld@menulength=\count327
\Field@Width=\dimen277
\Fld@charsize=\dimen278
Package hyperref Info: Hyper figures OFF on input line 6078.
Package hyperref Info: Link nesting OFF on input line 6083.
Package hyperref Info: Hyper index ON on input line 6086.
Package hyperref Info: backreferencing OFF on input line 6093.
Package hyperref Info: Link coloring OFF on input line 6098.
Package hyperref Info: Link coloring with OCG OFF on input line 6103.
Package hyperref Info: PDF/A mode OFF on input line 6108.
\Hy@abspage=\count328


Package hyperref Message: Stopped early.

)
Package hyperref Info: Driver (autodetected): hpdftex.
 (C:\Program Files\MiKTeX\tex/latex/hyperref\hpdftex.def
File: hpdftex.def 2025-07-12 v7.01o Hyperref driver for pdfTeX
\Fld@listcount=\count329
\c@bookmark@seq@number=\count330

(C:\Program Files\MiKTeX\tex/latex/rerunfilecheck\rerunfilecheck.sty
Package: rerunfilecheck 2025-06-21 v1.11 Rerun checks for auxiliary files (HO)

(C:\Program Files\MiKTeX\tex/generic/uniquecounter\uniquecounter.sty
Package: uniquecounter 2019/12/15 v1.4 Provide unlimited unique counter (HO)
)
Package uniquecounter Info: New unique counter `rerunfilecheck' on input line 2
84.
))
(C:\Program Files\MiKTeX\tex/latex/beamer\beamerbaserequires.sty
(C:\Program Files\MiKTeX\tex/latex/beamer\beamerbasecompatibility.sty)
(C:\Program Files\MiKTeX\tex/latex/beamer\beamerbasefont.sty
(C:\Program Files\MiKTeX\tex/latex/amsfonts\amssymb.sty
Package: amssymb 2013/01/14 v3.01 AMS font symbols

(C:\Program Files\MiKTeX\tex/latex/amsfonts\amsfonts.sty
Package: amsfonts 2013/01/14 v3.01 Basic AMSFonts support
\@emptytoks=\toks29
\symAMSa=\mathgroup4
\symAMSb=\mathgroup5
LaTeX Font Info:    Redeclaring math symbol \hbar on input line 98.
LaTeX Font Info:    Overwriting math alphabet `\mathfrak' in version `bold'
(Font)                  U/euf/m/n --> U/euf/b/n on input line 106.
))
(C:\Program Files\MiKTeX\tex/latex/sansmathaccent\sansmathaccent.sty
Package: sansmathaccent 2020/01/31

(C:\Program Files\MiKTeX\tex/latex/koma-script\scrlfile.sty
Package: scrlfile 2025/09/09 v3.48 KOMA-Script package (file load hooks)

(C:\Program Files\MiKTeX\tex/latex/koma-script\scrlfile-hook.sty
Package: scrlfile-hook 2025/09/09 v3.48 KOMA-Script package (using LaTeX hooks)


(C:\Program Files\MiKTeX\tex/latex/koma-script\scrlogo.sty
Package: scrlogo 2025/09/09 v3.48 KOMA-Script package (logo)
)))))
(C:\Program Files\MiKTeX\tex/latex/beamer\beamerbasetranslator.sty
(C:\Program Files\MiKTeX\tex/latex/translator\translator.sty
Package: translator 2021-05-31 v1.12d Easy translation of strings in LaTeX
))
(C:\Program Files\MiKTeX\tex/latex/beamer\beamerbasemisc.sty)
(C:\Program Files\MiKTeX\tex/latex/beamer\beamerbasetwoscreens.sty)
(C:\Program Files\MiKTeX\tex/latex/beamer\beamerbaseoverlay.sty
\beamer@argscount=\count331
\beamer@lastskipcover=\skip52
\beamer@trivlistdepth=\count332
)
(C:\Program Files\MiKTeX\tex/latex/beamer\beamerbasetitle.sty)
(C:\Program Files\MiKTeX\tex/latex/beamer\beamerbasesection.sty
\c@lecture=\count333
\c@part=\count334
\c@section=\count335
\c@subsection=\count336
\c@subsubsection=\count337
)
(C:\Program Files\MiKTeX\tex/latex/beamer\beamerbaseframe.sty
\beamer@framebox=\box68
\beamer@frametitlebox=\box69
\beamer@zoombox=\box70
\beamer@zoomcount=\count338
\beamer@zoomframecount=\count339
\beamer@frametextheight=\dimen279
\c@subsectionslide=\count340
\beamer@frametopskip=\skip53
\beamer@framebottomskip=\skip54
\beamer@frametopskipautobreak=\skip55
\beamer@framebottomskipautobreak=\skip56
\beamer@envbody=\toks30
\framewidth=\dimen280
\c@framenumber=\count341
)
(C:\Program Files\MiKTeX\tex/latex/beamer\beamerbaseverbatim.sty
\beamer@verbatimfileout=\write4
)
(C:\Program Files\MiKTeX\tex/latex/beamer\beamerbaseframesize.sty
\beamer@splitbox=\box71
\beamer@autobreakcount=\count342
\beamer@autobreaklastheight=\dimen281
\beamer@frametitletoks=\toks31
\beamer@framesubtitletoks=\toks32
)
(C:\Program Files\MiKTeX\tex/latex/beamer\beamerbaseframecomponents.sty
\beamer@colheight=\skip57
\beamer@footins=\box72
)
(C:\Program Files\MiKTeX\tex/latex/beamer\beamerbasecolor.sty)
(C:\Program Files\MiKTeX\tex/latex/beamer\beamerbasenotes.sty
\beamer@frameboxcopy=\box73
)
(C:\Program Files\MiKTeX\tex/latex/beamer\beamerbasetoc.sty)
(C:\Program Files\MiKTeX\tex/latex/beamer\beamerbasetemplates.sty
\beamer@sbttoks=\toks33

(C:\Program Files\MiKTeX\tex/latex/beamer\beamerbaseauxtemplates.sty
(C:\Program Files\MiKTeX\tex/latex/beamer\beamerbaseboxes.sty
\bmb@box=\box74
\bmb@colorbox=\box75
\bmb@boxwidth=\dimen282
\bmb@boxheight=\dimen283
\bmb@prevheight=\dimen284
\bmb@temp=\dimen285
\bmb@dima=\dimen286
\bmb@dimb=\dimen287
\bmb@prevheight=\dimen288
)
\beamer@blockheadheight=\dimen289
))
(C:\Program Files\MiKTeX\tex/latex/beamer\beamerbaselocalstructure.sty
(C:\Program Files\MiKTeX\tex/latex/tools\enumerate.sty
Package: enumerate 2023/07/04 v3.00 enumerate extensions (DPC)
\@enLab=\toks34
)
\beamer@bibiconwidth=\skip58
\c@figure=\count343
\c@table=\count344
\abovecaptionskip=\skip59
\belowcaptionskip=\skip60
)
(C:\Program Files\MiKTeX\tex/latex/beamer\beamerbasenavigation.sty
(C:\Program Files\MiKTeX\tex/latex/beamer\beamerbasenavigationsymbols.tex)
\beamer@section@min@dim=\dimen290
)
(C:\Program Files\MiKTeX\tex/latex/beamer\beamerbasetheorems.sty
(C:\Program Files\MiKTeX\tex/latex/amsmath\amsmath.sty
Package: amsmath 2025/06/16 v2.17y AMS math features
\@mathmargin=\skip61

For additional information on amsmath, use the `?' option.
(C:\Program Files\MiKTeX\tex/latex/amsmath\amstext.sty
Package: amstext 2024/11/17 v2.01 AMS text

(C:\Program Files\MiKTeX\tex/latex/amsmath\amsgen.sty
File: amsgen.sty 1999/11/30 v2.0 generic functions
\@emptytoks=\toks35
\ex@=\dimen291
))
(C:\Program Files\MiKTeX\tex/latex/amsmath\amsbsy.sty
Package: amsbsy 1999/11/29 v1.2d Bold Symbols
\pmbraise@=\dimen292
)
(C:\Program Files\MiKTeX\tex/latex/amsmath\amsopn.sty
Package: amsopn 2022/04/08 v2.04 operator names
)
\inf@bad=\count345
LaTeX Info: Redefining \frac on input line 233.
\uproot@=\count346
\leftroot@=\count347
LaTeX Info: Redefining \overline on input line 398.
LaTeX Info: Redefining \colon on input line 409.
\classnum@=\count348
\DOTSCASE@=\count349
LaTeX Info: Redefining \ldots on input line 495.
LaTeX Info: Redefining \dots on input line 498.
LaTeX Info: Redefining \cdots on input line 619.
\Mathstrutbox@=\box76
\strutbox@=\box77
LaTeX Info: Redefining \big on input line 721.
LaTeX Info: Redefining \Big on input line 722.
LaTeX Info: Redefining \bigg on input line 723.
LaTeX Info: Redefining \Bigg on input line 724.
\big@size=\dimen293
LaTeX Font Info:    Redeclaring font encoding OML on input line 742.
LaTeX Font Info:    Redeclaring font encoding OMS on input line 743.
\macc@depth=\count350
LaTeX Info: Redefining \bmod on input line 904.
LaTeX Info: Redefining \pmod on input line 909.
LaTeX Info: Redefining \smash on input line 939.
LaTeX Info: Redefining \relbar on input line 969.
LaTeX Info: Redefining \Relbar on input line 970.
\c@MaxMatrixCols=\count351
\dotsspace@=\muskip18
\c@parentequation=\count352
\dspbrk@lvl=\count353
\tag@help=\toks36
\row@=\count354
\column@=\count355
\maxfields@=\count356
\andhelp@=\toks37
\eqnshift@=\dimen294
\alignsep@=\dimen295
\tagshift@=\dimen296
\tagwidth@=\dimen297
\totwidth@=\dimen298
\lineht@=\dimen299
\@envbody=\toks38
\multlinegap=\skip62
\multlinetaggap=\skip63
\mathdisplay@stack=\toks39
LaTeX Info: Redefining \[ on input line 2949.
LaTeX Info: Redefining \] on input line 2950.
)
(C:\Program Files\MiKTeX\tex/latex/amscls\amsthm.sty
Package: amsthm 2020/05/29 v2.20.6
\thm@style=\toks40
\thm@bodyfont=\toks41
\thm@headfont=\toks42
\thm@notefont=\toks43
\thm@headpunct=\toks44
\thm@preskip=\skip64
\thm@postskip=\skip65
\thm@headsep=\skip66
\dth@everypar=\toks45
)
\c@theorem=\count357
)
(C:\Program Files\MiKTeX\tex/latex/beamer\beamerbasethemes.sty))
(C:\Program Files\MiKTeX\tex/latex/beamer\beamerthemedefault.sty
(C:\Program Files\MiKTeX\tex/latex/beamer\beamerfontthemedefault.sty)
(C:\Program Files\MiKTeX\tex/latex/beamer\beamercolorthemedefault.sty)
(C:\Program Files\MiKTeX\tex/latex/beamer\beamerinnerthemedefault.sty
\beamer@dima=\dimen300
\beamer@dimb=\dimen301
)
(C:\Program Files\MiKTeX\tex/latex/beamer\beamerouterthemedefault.sty)))
(C:\Program Files\MiKTeX\tex/latex/beamer\beamerthemeMadrid.sty
(C:\Program Files\MiKTeX\tex/latex/beamer\beamercolorthemewhale.sty)
(C:\Program Files\MiKTeX\tex/latex/beamer\beamercolorthemeorchid.sty)
(C:\Program Files\MiKTeX\tex/latex/beamer\beamerinnerthemerounded.sty)
(C:\Program Files\MiKTeX\tex/latex/beamer\beamerouterthemeinfolines.sty))
(C:\Program Files\MiKTeX\tex/latex/beamer\beamerfontthemeserif.sty)
(C:\Program Files\MiKTeX\tex/latex/base\inputenc.sty
Package: inputenc 2024/02/08 v1.3d Input encoding file
\inpenc@prehook=\toks46
\inpenc@posthook=\toks47
)
(C:\Program Files\MiKTeX\tex/generic/babel\babel.sty
Package: babel 2025/10/22 v25.14 The multilingual framework for LuaLaTeX, pdfLa
TeX and XeLaTeX
\babel@savecnt=\count358
LaTeX Encoding Info:    Redeclaring text command \ij (encoding OT1) on input li
ne 2050.
LaTeX Encoding Info:    Redeclaring text command \IJ (encoding OT1) on input li
ne 2052.
LaTeX Encoding Info:    Redeclaring text command \ij (encoding T1) on input lin
e 2054.
LaTeX Encoding Info:    Redeclaring text command \IJ (encoding T1) on input lin
e 2055.
LaTeX Encoding Info:    Ignoring declaration for text command \ij (encoding ?) 
on input line 2056.
LaTeX Encoding Info:    Ignoring declaration for text command \IJ (encoding ?) 
on input line 2058.
LaTeX Encoding Info:    Ignoring declaration for text command \SS (encoding ?) 
on input line 2083.
\U@D=\dimen302
\l@unhyphenated=\language79

(C:\Program Files\MiKTeX\tex/generic/babel\txtbabel.def)
\bbl@readstream=\read3
LaTeX Info: Redefining \textlatin on input line 3942.
\bbl@dirlevel=\count359


Package babel Warning: Configuration files are deprecated, as
(babel)                they can break document portability.
(babel)                Reported on input line 4172.

*************************************
* Local config file bblopts.cfg used
*
(C:\Program Files\MiKTeX\tex/latex/arabi\bblopts.cfg
File: bblopts.cfg 2005/09/08 v0.1 add Arabic and Farsi to "declared" options of
 babel
)
(C:\Program Files\MiKTeX\tex/generic/babel/locale/es\babel-spanish.tex)
Package babel Info: Importing font and identification data for spanish
(babel)             from babel-es.ini. Reported on input line 4295.

(C:\Program Files\MiKTeX\tex/latex/babel-spanish\spanish.ldf
Language: spanish.ldf 2021/05/27 v5.0q Spanish support from the babel system
\es@quottoks=\toks48
\es@quotdepth=\count360
Package babel Info: Making " an active character on input line 570.
Package babel Info: Making . an active character on input line 675.
Package babel Info: Making < an active character on input line 722.
Package babel Info: Making > an active character on input line 722.
))
LaTeX Encoding Info:    Redeclaring text command \guillemotleft (encoding OT1) 
on input line 7.
LaTeX Encoding Info:    Redeclaring text command \guillemotright (encoding OT1)
 on input line 7.

(C:\Program Files\MiKTeX\tex/latex/base\fontenc.sty
Package: fontenc 2024/12/21 v2.1c Standard LaTeX package
)
(C:\Program Files\MiKTeX\tex/latex/listings\listings.sty
\lst@mode=\count361
\lst@gtempboxa=\box78
\lst@token=\toks49
\lst@length=\count362
\lst@currlwidth=\dimen303
\lst@column=\count363
\lst@pos=\count364
\lst@lostspace=\dimen304
\lst@width=\dimen305
\lst@newlines=\count365
\lst@lineno=\count366
\lst@maxwidth=\dimen306

(C:\Program Files\MiKTeX\tex/latex/listings\lstpatch.sty
File: lstpatch.sty 2024/09/23 1.10c (Carsten Heinz)
)
(C:\Program Files\MiKTeX\tex/latex/listings\lstmisc.sty
File: lstmisc.sty 2024/09/23 1.10c (Carsten Heinz)
\c@lstnumber=\count367
\lst@skipnumbers=\count368
\lst@framebox=\box79
)
(C:\Program Files\MiKTeX\tex/latex/listings\listings.cfg
File: listings.cfg 2024/09/23 1.10c listings configuration
))
Package: listings 2024/09/23 1.10c (Carsten Heinz)

(C:\Program Files\MiKTeX\tex/latex/tools\array.sty
Package: array 2025/06/08 v2.6j Tabular extension package (FMi)
\col@sep=\dimen307
\ar@mcellbox=\box80
\extrarowheight=\dimen308
\NC@list=\toks50
\extratabsurround=\skip67
\backup@length=\skip68
\ar@cellbox=\box81
)
(C:\Program Files\MiKTeX\tex/latex/colortbl\colortbl.sty
Package: colortbl 2024/10/29 v1.0k Color table columns (DPC)
\everycr=\toks51
\minrowclearance=\skip69
\rownum=\count369
)
(C:\Program Files\MiKTeX\tex/latex/textpos\textpos.sty
Package: textpos 2022/07/23 v1.10.1
Package textpos Info: choosing support for LaTeX3 on input line 60.
\TP@textbox=\box82
\TP@holdbox=\box83
\TPHorizModule=\dimen309
\TPVertModule=\dimen310
\TP@margin=\dimen311
\TP@absmargin=\dimen312

Grid set 16 x 16 = 22.7622pt x 17.07166pt
\TPboxrulesize=\dimen313
\TP@ox=\dimen314
\TP@oy=\dimen315
\TP@tbargs=\toks52
TextBlockOrigin set to 0pt x 0pt
) (C:\Program Files\MiKTeX\tex/latex/tcolorbox\tcolorbox.sty
Package: tcolorbox 2025/09/09 version 6.8.0 text color boxes

(C:\Program Files\MiKTeX\tex/latex/pgf/frontendlayer\tikz.sty
(C:\Program Files\MiKTeX\tex/latex/pgf/basiclayer\pgf.sty
Package: pgf 2025-08-29 v3.1.11a (3.1.11a)

(C:\Program Files\MiKTeX\tex/generic/pgf/modules\pgfmoduleshapes.code.tex
File: pgfmoduleshapes.code.tex 2025-08-29 v3.1.11a (3.1.11a)
\pgfnodeparttextbox=\box84
)
(C:\Program Files\MiKTeX\tex/generic/pgf/modules\pgfmoduleplot.code.tex
File: pgfmoduleplot.code.tex 2025-08-29 v3.1.11a (3.1.11a)
)
(C:\Program Files\MiKTeX\tex/latex/pgf/compatibility\pgfcomp-version-0-65.sty
Package: pgfcomp-version-0-65 2025-08-29 v3.1.11a (3.1.11a)
\pgf@nodesepstart=\dimen316
\pgf@nodesepend=\dimen317
)
(C:\Program Files\MiKTeX\tex/latex/pgf/compatibility\pgfcomp-version-1-18.sty
Package: pgfcomp-version-1-18 2025-08-29 v3.1.11a (3.1.11a)
)) (C:\Program Files\MiKTeX\tex/latex/pgf/utilities\pgffor.sty
(C:\Program Files\MiKTeX\tex/generic/pgf/utilities\pgffor.code.tex
Package: pgffor 2025-08-29 v3.1.11a (3.1.11a)
\pgffor@iter=\dimen318
\pgffor@skip=\dimen319
\pgffor@stack=\toks53
\pgffor@toks=\toks54
))
(C:\Program Files\MiKTeX\tex/generic/pgf/frontendlayer/tikz\tikz.code.tex
Package: tikz 2025-08-29 v3.1.11a (3.1.11a)

(C:\Program Files\MiKTeX\tex/generic/pgf/libraries\pgflibraryplothandlers.code.
tex
File: pgflibraryplothandlers.code.tex 2025-08-29 v3.1.11a (3.1.11a)
\pgf@plot@mark@count=\count370
\pgfplotmarksize=\dimen320
)
\tikz@lastx=\dimen321
\tikz@lasty=\dimen322
\tikz@lastxsaved=\dimen323
\tikz@lastysaved=\dimen324
\tikz@lastmovetox=\dimen325
\tikz@lastmovetoy=\dimen326
\tikzleveldistance=\dimen327
\tikzsiblingdistance=\dimen328
\tikz@figbox=\box85
\tikz@figbox@bg=\box86
\tikz@tempbox=\box87
\tikz@tempbox@bg=\box88
\tikztreelevel=\count371
\tikznumberofchildren=\count372
\tikznumberofcurrentchild=\count373
\tikz@fig@count=\count374
 (C:\Program Files\MiKTeX\tex/generic/pgf/modules\pgfmodulematrix.code.tex
File: pgfmodulematrix.code.tex 2025-08-29 v3.1.11a (3.1.11a)
\pgfmatrixcurrentrow=\count375
\pgfmatrixcurrentcolumn=\count376
\pgf@matrix@numberofcolumns=\count377
)
\tikz@expandcount=\count378

(C:\Program Files\MiKTeX\tex/generic/pgf/frontendlayer/tikz/libraries\tikzlibra
rytopaths.code.tex
File: tikzlibrarytopaths.code.tex 2025-08-29 v3.1.11a (3.1.11a)
))) (C:\Program Files\MiKTeX\tex/latex/tools\verbatim.sty
Package: verbatim 2024-01-22 v1.5x LaTeX2e package for verbatim enhancements
\every@verbatim=\toks55
\verbatim@line=\toks56
\verbatim@in@stream=\read4
)
(C:\Program Files\MiKTeX\tex/latex/environ\environ.sty
Package: environ 2014/05/04 v0.3 A new way to define environments

(C:\Program Files\MiKTeX\tex/latex/trimspaces\trimspaces.sty
Package: trimspaces 2009/09/17 v1.1 Trim spaces around a token list
))
\tcb@titlebox=\box89
\tcb@upperbox=\box90
\tcb@lowerbox=\box91
\tcb@phantombox=\box92
\c@tcbbreakpart=\count379
\c@tcblayer=\count380
\c@tcolorbox@number=\count381
\l__tcobox_tmpa_box=\box93
\l__tcobox_tmpa_dim=\dimen329
\tcb@temp=\box94
\tcb@temp=\box95
\tcb@temp=\box96
\tcb@temp=\box97

(C:\Program Files\MiKTeX\tex/latex/tcolorbox\tcbraster.code.tex
Library (tcolorbox): 'tcbraster.code.tex' version '6.8.0'
\c@tcbrastercolumn=\count382
\c@tcbrasterrow=\count383
\c@tcbrasternum=\count384
\c@tcbraster=\count385
) (C:\Program Files\MiKTeX\tex/latex/tcolorbox\tcbskins.code.tex
Library (tcolorbox): 'tcbskins.code.tex' version '6.8.0'
(C:\Program Files\MiKTeX\tex/latex/tikzfill\tikzfill.image.sty
Package: tikzfill.image 2023/08/08 v1.0.1 Image filling library for TikZ

(C:\Program Files\MiKTeX\tex/latex/tikzfill\tikzfill-common.sty
Package: tikzfill-common 2023/08/08 v1.0.1 Auxiliary code for tikzfill
)
(C:\Program Files\MiKTeX\tex/latex/tikzfill\tikzlibraryfill.image.code.tex
File: tikzlibraryfill.image.code.tex 2023/08/08 v1.0.1 Image filling library
\l__tikzfill_img_box=\box98
))
(C:\Program Files\MiKTeX\tex/latex/tcolorbox\tcbskinsjigsaw.code.tex
Library (tcolorbox): 'tcbskinsjigsaw.code.tex' version '6.8.0'
)) (C:\Program Files\MiKTeX\tex/latex/tcolorbox\tcbbreakable.code.tex
Library (tcolorbox): 'tcbbreakable.code.tex' version '6.8.0'
(C:\Program Files\MiKTeX\tex/latex/pdfcol\pdfcol.sty
Package: pdfcol 2022-09-21 v1.7 Handle new color stacks for pdfTeX (HO)
)
Package pdfcol Info: New color stack `tcb@breakable' = 1 on input line 23.
\tcb@testbox=\box99
\tcb@totalupperbox=\box100
\tcb@totallowerbox=\box101
)
(C:\Program Files\MiKTeX\tex/latex/tcolorbox\tcbhooks.code.tex
Library (tcolorbox): 'tcbhooks.code.tex' version '6.8.0'
) (C:\Program Files\MiKTeX\tex/latex/tcolorbox\tcbtheorems.code.tex
Library (tcolorbox): 'tcbtheorems.code.tex' version '6.8.0'
) (C:\Program Files\MiKTeX\tex/latex/tcolorbox\tcbfitting.code.tex
Library (tcolorbox): 'tcbfitting.code.tex' version '6.8.0'
\tcbfitdim=\dimen330
\tcb@lowerfitdim=\dimen331
\tcb@upperfitdim=\dimen332
\tcb@cur@hbadness=\count386
) (C:\Program Files\MiKTeX\tex/latex/tcolorbox\tcblistingsutf8.code.tex
Library (tcolorbox): 'tcblistingsutf8.code.tex' version '6.8.0'
(C:\Program Files\MiKTeX\tex/latex/tcolorbox\tcblistings.code.tex
Library (tcolorbox): 'tcblistings.code.tex' version '6.8.0'
(C:\Program Files\MiKTeX\tex/latex/tcolorbox\tcblistingscore.code.tex
Library (tcolorbox): 'tcblistingscore.code.tex' version '6.8.0'
(C:\Program Files\MiKTeX\tex/latex/tcolorbox\tcbprocessing.code.tex
Library (tcolorbox): 'tcbprocessing.code.tex' version '6.8.0'
)
\c@tcblisting=\count387
)) (C:\Program Files\MiKTeX\tex/latex/listingsutf8\listingsutf8.sty
Package: listingsutf8 2019-12-10 v1.5 Allow UTF-8 in listings input (HO)
))
(C:\Program Files\MiKTeX\tex/latex/tcolorbox\tcbexternal.code.tex
Library (tcolorbox): 'tcbexternal.code.tex' version '6.8.0'
) (C:\Program Files\MiKTeX\tex/latex/tcolorbox\tcbmagazine.code.tex
Library (tcolorbox): 'tcbmagazine.code.tex' version '6.8.0'
) (C:\Program Files\MiKTeX\tex/latex/tcolorbox\tcbvignette.code.tex
Library (tcolorbox): 'tcbvignette.code.tex' version '6.8.0'

(C:\Program Files\MiKTeX\tex/generic/pgf/frontendlayer/tikz/libraries\tikzlibra
ryfadings.code.tex
File: tikzlibraryfadings.code.tex 2025-08-29 v3.1.11a (3.1.11a)

(C:\Program Files\MiKTeX\tex/generic/pgf/libraries\pgflibraryfadings.code.tex
File: pgflibraryfadings.code.tex 2025-08-29 v3.1.11a (3.1.11a)
))) (C:\Program Files\MiKTeX\tex/latex/tcolorbox\tcbposter.code.tex
Library (tcolorbox): 'tcbposter.code.tex' version '6.8.0'
)) (C:\Program Files\MiKTeX\tex/latex/natbib\natbib.sty
Package: natbib 2010/09/13 8.31b (PWD, AO)
\bibhang=\skip70
\bibsep=\skip71
LaTeX Info: Redefining \cite on input line 694.
\c@NAT@ctr=\count388
)
(C:\Program Files\MiKTeX\tex/latex/ragged2e\ragged2e.sty
Package: ragged2e 2023/06/22 v3.6 ragged2e Package
\CenteringLeftskip=\skip72
\RaggedLeftLeftskip=\skip73
\RaggedRightLeftskip=\skip74
\CenteringRightskip=\skip75
\RaggedLeftRightskip=\skip76
\RaggedRightRightskip=\skip77
\CenteringParfillskip=\skip78
\RaggedLeftParfillskip=\skip79
\RaggedRightParfillskip=\skip80
\JustifyingParfillskip=\skip81
\CenteringParindent=\skip82
\RaggedLeftParindent=\skip83
\RaggedRightParindent=\skip84
\JustifyingParindent=\skip85
)
(C:\Program Files\MiKTeX\tex/latex/lipsum\lipsum.sty
(C:\Program Files\MiKTeX\tex/latex/l3packages/l3keys2e\l3keys2e.sty
(C:\Program Files\MiKTeX\tex/latex/l3kernel\expl3.sty
Package: expl3 2025-10-09 L3 programming layer (loader) 

(C:\Program Files\MiKTeX\tex/latex/l3backend\l3backend-pdftex.def
File: l3backend-pdftex.def 2025-10-09 L3 backend support: PDF output (pdfTeX)
\l__color_backend_stack_int=\count389
))
Package: l3keys2e 2025-10-09 LaTeX2e option processing using LaTeX3 keys
)
Package: lipsum 2021-09-20 v2.7 150 paragraphs of Lorem Ipsum dummy text
\g__lipsum_par_int=\count390
\l__lipsum_a_int=\count391
\l__lipsum_b_int=\count392

(C:\Program Files\MiKTeX\tex/latex/lipsum\lipsum.ltd.tex))
(C:\Program Files\MiKTeX\tex/latex/framed\framed.sty
Package: framed 2011/10/22 v 0.96: framed or shaded text with page breaks
\OuterFrameSep=\skip86
\fb@frw=\dimen333
\fb@frh=\dimen334
\FrameRule=\dimen335
\FrameSep=\dimen336
)
(C:\Program Files\MiKTeX\tex/generic/pgf/frontendlayer/tikz/libraries\tikzlibra
ryshapes.geometric.code.tex
File: tikzlibraryshapes.geometric.code.tex 2025-08-29 v3.1.11a (3.1.11a)

(C:\Program Files\MiKTeX\tex/generic/pgf/libraries/shapes\pgflibraryshapes.geom
etric.code.tex
File: pgflibraryshapes.geometric.code.tex 2025-08-29 v3.1.11a (3.1.11a)
))
(C:\Program Files\MiKTeX\tex/generic/pgf/libraries\pgflibraryarrows.meta.code.t
ex
File: pgflibraryarrows.meta.code.tex 2025-08-29 v3.1.11a (3.1.11a)
\pgfarrowinset=\dimen337
\pgfarrowlength=\dimen338
\pgfarrowwidth=\dimen339
\pgfarrowlinewidth=\dimen340
)
(C:\Program Files\MiKTeX\tex/generic/pgf/frontendlayer/tikz/libraries\tikzlibra
rypositioning.code.tex
File: tikzlibrarypositioning.code.tex 2025-08-29 v3.1.11a (3.1.11a)
)
(C:\Program Files\MiKTeX\tex/generic/pgf/frontendlayer/tikz/libraries\tikzlibra
rycalc.code.tex
File: tikzlibrarycalc.code.tex 2025-08-29 v3.1.11a (3.1.11a)
)
(C:\Program Files\MiKTeX\tex/generic/pgf/frontendlayer/tikz/libraries\tikzlibra
ryautomata.code.tex
File: tikzlibraryautomata.code.tex 2025-08-29 v3.1.11a (3.1.11a)

(C:\Program Files\MiKTeX\tex/generic/pgf/frontendlayer/tikz/libraries\tikzlibra
ryshapes.multipart.code.tex
File: tikzlibraryshapes.multipart.code.tex 2025-08-29 v3.1.11a (3.1.11a)

(C:\Program Files\MiKTeX\tex/generic/pgf/libraries/shapes\pgflibraryshapes.mult
ipart.code.tex
File: pgflibraryshapes.multipart.code.tex 2025-08-29 v3.1.11a (3.1.11a)
\pgfnodepartlowerbox=\box102
\pgfnodeparttwobox=\box103
\pgfnodepartthreebox=\box104
\pgfnodepartfourbox=\box105
\pgfnodeparttwentybox=\box106
\pgfnodepartnineteenbox=\box107
\pgfnodeparteighteenbox=\box108
\pgfnodepartseventeenbox=\box109
\pgfnodepartsixteenbox=\box110
\pgfnodepartfifteenbox=\box111
\pgfnodepartfourteenbox=\box112
\pgfnodepartthirteenbox=\box113
\pgfnodeparttwelvebox=\box114
\pgfnodepartelevenbox=\box115
\pgfnodeparttenbox=\box116
\pgfnodepartninebox=\box117
\pgfnodeparteightbox=\box118
\pgfnodepartsevenbox=\box119
\pgfnodepartsixbox=\box120
\pgfnodepartfivebox=\box121
)))
(C:\Program Files\MiKTeX\tex/generic/pgf/frontendlayer/tikz/libraries\tikzlibra
ryshapes.code.tex
File: tikzlibraryshapes.code.tex 2025-08-29 v3.1.11a (3.1.11a)

(C:\Program Files\MiKTeX\tex/generic/pgf/frontendlayer/tikz/libraries\tikzlibra
ryshapes.misc.code.tex
File: tikzlibraryshapes.misc.code.tex 2025-08-29 v3.1.11a (3.1.11a)

(C:\Program Files\MiKTeX\tex/generic/pgf/libraries/shapes\pgflibraryshapes.misc
.code.tex
File: pgflibraryshapes.misc.code.tex 2025-08-29 v3.1.11a (3.1.11a)
))
(C:\Program Files\MiKTeX\tex/generic/pgf/frontendlayer/tikz/libraries\tikzlibra
ryshapes.symbols.code.tex
File: tikzlibraryshapes.symbols.code.tex 2025-08-29 v3.1.11a (3.1.11a)

(C:\Program Files\MiKTeX\tex/generic/pgf/libraries/shapes\pgflibraryshapes.symb
ols.code.tex
File: pgflibraryshapes.symbols.code.tex 2025-08-29 v3.1.11a (3.1.11a)
))
(C:\Program Files\MiKTeX\tex/generic/pgf/frontendlayer/tikz/libraries\tikzlibra
ryshapes.arrows.code.tex
File: tikzlibraryshapes.arrows.code.tex 2025-08-29 v3.1.11a (3.1.11a)

(C:\Program Files\MiKTeX\tex/generic/pgf/libraries/shapes\pgflibraryshapes.arro
ws.code.tex
File: pgflibraryshapes.arrows.code.tex 2025-08-29 v3.1.11a (3.1.11a)
))
(C:\Program Files\MiKTeX\tex/generic/pgf/frontendlayer/tikz/libraries\tikzlibra
ryshapes.callouts.code.tex
(C:\Program Files\MiKTeX\tex/generic/pgf/libraries/shapes\pgflibraryshapes.call
outs.code.tex)))
(C:\Program Files\MiKTeX\tex/generic/pgf/frontendlayer/tikz/libraries\tikzlibra
ryarrows.code.tex
File: tikzlibraryarrows.code.tex 2025-08-29 v3.1.11a (3.1.11a)

(C:\Program Files\MiKTeX\tex/generic/pgf/libraries\pgflibraryarrows.code.tex
File: pgflibraryarrows.code.tex 2025-08-29 v3.1.11a (3.1.11a)
\arrowsize=\dimen341
))
(Event-Driven Programming.aux
LaTeX Info: Redefining \. on input line 12.
LaTeX Info: Redefining \% on input line 12.
Package babel Info: 'spanish' activates 'spanish' shorthands.
(babel)             Reported on input line 12.
)
\openout1 = `"Event-Driven Programming.aux"'.

LaTeX Font Info:    Checking defaults for OML/cmm/m/it on input line 133.
LaTeX Font Info:    ... okay on input line 133.
LaTeX Font Info:    Checking defaults for OMS/cmsy/m/n on input line 133.
LaTeX Font Info:    ... okay on input line 133.
LaTeX Font Info:    Checking defaults for OT1/cmr/m/n on input line 133.
LaTeX Font Info:    ... okay on input line 133.
LaTeX Font Info:    Checking defaults for T1/cmr/m/n on input line 133.
LaTeX Font Info:    ... okay on input line 133.
LaTeX Font Info:    Checking defaults for TS1/cmr/m/n on input line 133.
LaTeX Font Info:    ... okay on input line 133.
LaTeX Font Info:    Checking defaults for OMX/cmex/m/n on input line 133.
LaTeX Font Info:    ... okay on input line 133.
LaTeX Font Info:    Checking defaults for U/cmr/m/n on input line 133.
LaTeX Font Info:    ... okay on input line 133.
LaTeX Font Info:    Checking defaults for PD1/pdf/m/n on input line 133.
LaTeX Font Info:    ... okay on input line 133.
LaTeX Font Info:    Checking defaults for PU/pdf/m/n on input line 133.
LaTeX Font Info:    ... okay on input line 133.

*geometry* driver: auto-detecting
*geometry* detected driver: pdftex
*geometry* verbose mode - [ preamble ] result:
* driver: pdftex
* paper: custom
* layout: <same size as paper>
* layoutoffset:(h,v)=(0.0pt,0.0pt)
* modes: includehead includefoot 
* h-part:(L,W,R)=(10.95003pt, 342.2953pt, 10.95003pt)
* v-part:(T,H,B)=(0.0pt, 273.14662pt, 0.0pt)
* \paperwidth=364.19536pt
* \paperheight=273.14662pt
* \textwidth=342.2953pt
* \textheight=244.6939pt
* \oddsidemargin=-61.31996pt
* \evensidemargin=-61.31996pt
* \topmargin=-72.26999pt
* \headheight=14.22636pt
* \headsep=0.0pt
* \topskip=11.0pt
* \footskip=14.22636pt
* \marginparwidth=4.0pt
* \marginparsep=10.0pt
* \columnsep=10.0pt
* \skip\footins=10.0pt plus 4.0pt minus 2.0pt
* \hoffset=0.0pt
* \voffset=0.0pt
* \mag=1000
* \@twocolumnfalse
* \@twosidefalse
* \@mparswitchfalse
* \@reversemarginfalse
* (1in=72.27pt=25.4mm, 1cm=28.453pt)

(C:\Program Files\MiKTeX\tex/context/base/mkii\supp-pdf.mkii
[Loading MPS to PDF converter (version 2006.09.02).]
\scratchcounter=\count393
\scratchdimen=\dimen342
\scratchbox=\box122
\nofMPsegments=\count394
\nofMParguments=\count395
\everyMPshowfont=\toks57
\MPscratchCnt=\count396
\MPscratchDim=\dimen343
\MPnumerator=\count397
\makeMPintoPDFobject=\count398
\everyMPtoPDFconversion=\toks58
) (C:\Program Files\MiKTeX\tex/latex/epstopdf-pkg\epstopdf-base.sty
Package: epstopdf-base 2020-01-24 v2.11 Base part for package epstopdf
Package epstopdf-base Info: Redefining graphics rule for `.eps' on input line 4
85.

(C:\Program Files\MiKTeX\tex/latex/00miktex\epstopdf-sys.cfg
File: epstopdf-sys.cfg 2021/03/18 v2.0 Configuration of epstopdf for MiKTeX
))
Package hyperref Info: Link coloring OFF on input line 133.

(Event-Driven Programming.out) (Event-Driven Programming.out)
\@outlinefile=\write5
\openout5 = `"Event-Driven Programming.out"'.


(C:\Program Files\MiKTeX\tex/latex/translator\translator-basic-dictionary-Engli
sh.dict
Dictionary: translator-basic-dictionary, Language: English 
)
(C:\Program Files\MiKTeX\tex/latex/translator\translator-bibliography-dictionar
y-English.dict
Dictionary: translator-bibliography-dictionary, Language: English 
)
(C:\Program Files\MiKTeX\tex/latex/translator\translator-environment-dictionary
-English.dict
Dictionary: translator-environment-dictionary, Language: English 
)
(C:\Program Files\MiKTeX\tex/latex/translator\translator-months-dictionary-Engl
ish.dict
Dictionary: translator-months-dictionary, Language: English 
)
(C:\Program Files\MiKTeX\tex/latex/translator\translator-numbers-dictionary-Eng
lish.dict
Dictionary: translator-numbers-dictionary, Language: English 
)
(C:\Program Files\MiKTeX\tex/latex/translator\translator-theorem-dictionary-Eng
lish.dict
Dictionary: translator-theorem-dictionary, Language: English 
)
LaTeX Info: Redefining \. on input line 133.
LaTeX Info: Redefining \% on input line 133.
\c@lstlisting=\count399
 (Event-Driven Programming.nav)
Overfull \hbox (203.4569pt too wide) in paragraph at lines 133--133
 [][][][]  
 []


Overfull \hbox (203.4569pt too wide) in paragraph at lines 137--137
 [][][][]  
 []



<images/IB.png, id=82, 301.125pt x 301.125pt>
File: images/IB.png Graphic file (type png)
<use images/IB.png>
Package pdftex.def Info: images/IB.png  used on input line 137.
(pdftex.def)             Requested size: 24.09048pt x 24.09048pt.

Overfull \hbox (203.4569pt too wide) has occurred while \output is active
 [][][][]  
 []

[1

{C:/Users/Leonardo Ortiz/AppData/Local/MiKTeX/fonts/map/pdftex/pdftex.map} <./i
mages/IB.png>]
Overfull \hbox (203.4569pt too wide) in paragraph at lines 143--143
 [][][][]  
 []



File: images/IB.png Graphic file (type png)
<use images/IB.png>
Package pdftex.def Info: images/IB.png  used on input line 143.
(pdftex.def)             Requested size: 24.09048pt x 24.09048pt.

Overfull \hbox (203.4569pt too wide) has occurred while \output is active
 [][][][]  
 []

[2

]
Overfull \hbox (203.4569pt too wide) in paragraph at lines 147--147
 [][][][]  
 []

(Event-Driven Programming.toc
LaTeX Info: Redefining \. on input line 1.
LaTeX Info: Redefining \% on input line 1.
)

File: images/IB.png Graphic file (type png)
<use images/IB.png>
Package pdftex.def Info: images/IB.png  used on input line 147.
(pdftex.def)             Requested size: 24.09048pt x 24.09048pt.

Overfull \hbox (203.4569pt too wide) has occurred while \output is active
 [][][][]  
 []

[3

]
Overfull \hbox (203.4569pt too wide) in paragraph at lines 165--165
 [][][][]  
 []



File: images/IB.png Graphic file (type png)
<use images/IB.png>
Package pdftex.def Info: images/IB.png  used on input line 165.
(pdftex.def)             Requested size: 24.09048pt x 24.09048pt.

Overfull \hbox (203.4569pt too wide) has occurred while \output is active
 [][][][]  
 []

[4

]
Overfull \hbox (203.4569pt too wide) in paragraph at lines 204--204
 [][][][]  
 []

LaTeX Font Info:    Trying to load font information for U+msa on input line 204
.
(C:\Program Files\MiKTeX\tex/latex/amsfonts\umsa.fd
File: umsa.fd 2013/01/14 v3.01 AMS symbols A
)
LaTeX Font Info:    Trying to load font information for U+msb on input line 204
.

(C:\Program Files\MiKTeX\tex/latex/amsfonts\umsb.fd
File: umsb.fd 2013/01/14 v3.01 AMS symbols B
)
Overfull \hbox (0.33812pt too wide) in paragraph at lines 204--204
 [] 
 []


Overfull \vbox (49.02637pt too high) detected at line 204
 []



File: images/IB.png Graphic file (type png)
<use images/IB.png>
Package pdftex.def Info: images/IB.png  used on input line 204.
(pdftex.def)             Requested size: 24.09048pt x 24.09048pt.

Overfull \hbox (203.4569pt too wide) has occurred while \output is active
 [][][][]  
 []

[5

]
Overfull \hbox (203.4569pt too wide) in paragraph at lines 223--223
 [][][][]  
 []



File: images/IB.png Graphic file (type png)
<use images/IB.png>
Package pdftex.def Info: images/IB.png  used on input line 223.
(pdftex.def)             Requested size: 24.09048pt x 24.09048pt.

Overfull \hbox (203.4569pt too wide) has occurred while \output is active
 [][][][]  
 []

[6

]
Overfull \hbox (203.4569pt too wide) in paragraph at lines 232--232
 [][][][]  
 []



File: images/IB.png Graphic file (type png)
<use images/IB.png>
Package pdftex.def Info: images/IB.png  used on input line 232.
(pdftex.def)             Requested size: 24.09048pt x 24.09048pt.

Overfull \hbox (203.4569pt too wide) has occurred while \output is active
 [][][][]  
 []

[7

]
Overfull \hbox (203.4569pt too wide) in paragraph at lines 242--242
 [][][][]  
 []



File: images/IB.png Graphic file (type png)
<use images/IB.png>
Package pdftex.def Info: images/IB.png  used on input line 242.
(pdftex.def)             Requested size: 24.09048pt x 24.09048pt.

Overfull \hbox (203.4569pt too wide) has occurred while \output is active
 [][][][]  
 []

[8

]
Overfull \hbox (203.4569pt too wide) in paragraph at lines 252--252
 [][][][]  
 []



File: images/IB.png Graphic file (type png)
<use images/IB.png>
Package pdftex.def Info: images/IB.png  used on input line 252.
(pdftex.def)             Requested size: 24.09048pt x 24.09048pt.

Overfull \hbox (203.4569pt too wide) has occurred while \output is active
 [][][][]  
 []

[9

]
Overfull \hbox (203.4569pt too wide) in paragraph at lines 264--264
 [][][][]  
 []



File: images/IB.png Graphic file (type png)
<use images/IB.png>
Package pdftex.def Info: images/IB.png  used on input line 264.
(pdftex.def)             Requested size: 24.09048pt x 24.09048pt.

Overfull \hbox (203.4569pt too wide) has occurred while \output is active
 [][][][]  
 []

[10

]
Overfull \hbox (203.4569pt too wide) in paragraph at lines 274--274
 [][][][]  
 []



File: images/IB.png Graphic file (type png)
<use images/IB.png>
Package pdftex.def Info: images/IB.png  used on input line 274.
(pdftex.def)             Requested size: 24.09048pt x 24.09048pt.

Overfull \hbox (203.4569pt too wide) has occurred while \output is active
 [][][][]  
 []

[11

]
Overfull \hbox (203.4569pt too wide) in paragraph at lines 276--276
 [][][][]  
 []

\openout4 = `"Event-Driven Programming.vrb"'.


Overfull \hbox (203.4569pt too wide) in paragraph at lines 309--309
 [][][][]  
 []

(Event-Driven Programming.vrb
Overfull \hbox (0.33812pt too wide) in paragraph at lines 32--33
 [] 
 []

)
Overfull \vbox (49.02637pt too high) detected at line 309
 []



File: images/IB.png Graphic file (type png)
<use images/IB.png>
Package pdftex.def Info: images/IB.png  used on input line 309.
(pdftex.def)             Requested size: 24.09048pt x 24.09048pt.

Overfull \hbox (203.4569pt too wide) has occurred while \output is active
 [][][][]  
 []

[12

]
Overfull \hbox (203.4569pt too wide) in paragraph at lines 315--315
 [][][][]  
 []



File: images/IB.png Graphic file (type png)
<use images/IB.png>
Package pdftex.def Info: images/IB.png  used on input line 315.
(pdftex.def)             Requested size: 24.09048pt x 24.09048pt.

Overfull \hbox (203.4569pt too wide) has occurred while \output is active
 [][][][]  
 []

[13

]
Overfull \hbox (203.4569pt too wide) in paragraph at lines 317--317
 [][][][]  
 []

\openout4 = `"Event-Driven Programming.vrb"'.


Overfull \hbox (203.4569pt too wide) in paragraph at lines 338--338
 [][][][]  
 []

(Event-Driven Programming.vrb)

File: images/IB.png Graphic file (type png)
<use images/IB.png>
Package pdftex.def Info: images/IB.png  used on input line 338.
(pdftex.def)             Requested size: 24.09048pt x 24.09048pt.

Overfull \hbox (203.4569pt too wide) has occurred while \output is active
 [][][][]  
 []

[14

]
Overfull \hbox (203.4569pt too wide) in paragraph at lines 352--352
 [][][][]  
 []



File: images/IB.png Graphic file (type png)
<use images/IB.png>
Package pdftex.def Info: images/IB.png  used on input line 352.
(pdftex.def)             Requested size: 24.09048pt x 24.09048pt.

Overfull \hbox (203.4569pt too wide) has occurred while \output is active
 [][][][]  
 []

[15

]
Overfull \hbox (203.4569pt too wide) in paragraph at lines 363--363
 [][][][]  
 []



File: images/IB.png Graphic file (type png)
<use images/IB.png>
Package pdftex.def Info: images/IB.png  used on input line 363.
(pdftex.def)             Requested size: 24.09048pt x 24.09048pt.

Overfull \hbox (203.4569pt too wide) has occurred while \output is active
 [][][][]  
 []

[16

]
Overfull \hbox (203.4569pt too wide) in paragraph at lines 369--369
 [][][][]  
 []



File: images/IB.png Graphic file (type png)
<use images/IB.png>
Package pdftex.def Info: images/IB.png  used on input line 369.
(pdftex.def)             Requested size: 24.09048pt x 24.09048pt.

Overfull \hbox (203.4569pt too wide) has occurred while \output is active
 [][][][]  
 []

[17

]
Overfull \hbox (203.4569pt too wide) in paragraph at lines 381--381
 [][][][]  
 []



File: images/IB.png Graphic file (type png)
<use images/IB.png>
Package pdftex.def Info: images/IB.png  used on input line 381.
(pdftex.def)             Requested size: 24.09048pt x 24.09048pt.

Overfull \hbox (203.4569pt too wide) has occurred while \output is active
 [][][][]  
 []

[18

]
Overfull \hbox (203.4569pt too wide) in paragraph at lines 392--392
 [][][][]  
 []



File: images/IB.png Graphic file (type png)
<use images/IB.png>
Package pdftex.def Info: images/IB.png  used on input line 392.
(pdftex.def)             Requested size: 24.09048pt x 24.09048pt.

Overfull \hbox (203.4569pt too wide) has occurred while \output is active
 [][][][]  
 []

[19

]
Overfull \hbox (203.4569pt too wide) in paragraph at lines 397--397
 [][][][]  
 []



File: images/IB.png Graphic file (type png)
<use images/IB.png>
Package pdftex.def Info: images/IB.png  used on input line 397.
(pdftex.def)             Requested size: 24.09048pt x 24.09048pt.

Overfull \hbox (203.4569pt too wide) has occurred while \output is active
 [][][][]  
 []

[20

]
Overfull \hbox (203.4569pt too wide) in paragraph at lines 409--409
 [][][][]  
 []



File: images/IB.png Graphic file (type png)
<use images/IB.png>
Package pdftex.def Info: images/IB.png  used on input line 409.
(pdftex.def)             Requested size: 24.09048pt x 24.09048pt.

Overfull \hbox (203.4569pt too wide) has occurred while \output is active
 [][][][]  
 []

[21

]
Overfull \hbox (203.4569pt too wide) in paragraph at lines 425--425
 [][][][]  
 []



File: images/IB.png Graphic file (type png)
<use images/IB.png>
Package pdftex.def Info: images/IB.png  used on input line 425.
(pdftex.def)             Requested size: 24.09048pt x 24.09048pt.

Overfull \hbox (203.4569pt too wide) has occurred while \output is active
 [][][][]  
 []

[22

]
Overfull \hbox (203.4569pt too wide) in paragraph at lines 432--432
 [][][][]  
 []

<images/Event_queue.png, id=269, 3035.34pt x 1226.33156pt>
File: images/Event_queue.png Graphic file (type png)
<use images/Event_queue.png>
Package pdftex.def Info: images/Event_queue.png  used on input line 432.
(pdftex.def)             Requested size: 342.2953pt x 138.28381pt.


File: images/IB.png Graphic file (type png)
<use images/IB.png>
Package pdftex.def Info: images/IB.png  used on input line 432.
(pdftex.def)             Requested size: 24.09048pt x 24.09048pt.

Overfull \hbox (203.4569pt too wide) has occurred while \output is active
 [][][][]  
 []

[23

 <./images/Event_queue.png>]
Overfull \hbox (203.4569pt too wide) in paragraph at lines 443--443
 [][][][]  
 []


Underfull \hbox (badness 10000) in paragraph at lines 443--443

 []



File: images/IB.png Graphic file (type png)
<use images/IB.png>
Package pdftex.def Info: images/IB.png  used on input line 443.
(pdftex.def)             Requested size: 24.09048pt x 24.09048pt.

Overfull \hbox (203.4569pt too wide) has occurred while \output is active
 [][][][]  
 []

[24

]
Overfull \hbox (203.4569pt too wide) in paragraph at lines 457--457
 [][][][]  
 []



File: images/IB.png Graphic file (type png)
<use images/IB.png>
Package pdftex.def Info: images/IB.png  used on input line 457.
(pdftex.def)             Requested size: 24.09048pt x 24.09048pt.

Overfull \hbox (203.4569pt too wide) has occurred while \output is active
 [][][][]  
 []

[25

]
Overfull \hbox (203.4569pt too wide) in paragraph at lines 467--467
 [][][][]  
 []



File: images/IB.png Graphic file (type png)
<use images/IB.png>
Package pdftex.def Info: images/IB.png  used on input line 467.
(pdftex.def)             Requested size: 24.09048pt x 24.09048pt.

Overfull \hbox (203.4569pt too wide) has occurred while \output is active
 [][][][]  
 []

[26

]
Overfull \hbox (203.4569pt too wide) in paragraph at lines 473--473
 [][][][]  
 []



File: images/IB.png Graphic file (type png)
<use images/IB.png>
Package pdftex.def Info: images/IB.png  used on input line 473.
(pdftex.def)             Requested size: 24.09048pt x 24.09048pt.

Overfull \hbox (203.4569pt too wide) has occurred while \output is active
 [][][][]  
 []

[27

]
Overfull \hbox (203.4569pt too wide) in paragraph at lines 483--483
 [][][][]  
 []



File: images/IB.png Graphic file (type png)
<use images/IB.png>
Package pdftex.def Info: images/IB.png  used on input line 483.
(pdftex.def)             Requested size: 24.09048pt x 24.09048pt.

Overfull \hbox (203.4569pt too wide) has occurred while \output is active
 [][][][]  
 []

[28

]
Overfull \hbox (203.4569pt too wide) in paragraph at lines 494--494
 [][][][]  
 []



File: images/IB.png Graphic file (type png)
<use images/IB.png>
Package pdftex.def Info: images/IB.png  used on input line 494.
(pdftex.def)             Requested size: 24.09048pt x 24.09048pt.

Overfull \hbox (203.4569pt too wide) has occurred while \output is active
 [][][][]  
 []

[29

]
Overfull \hbox (203.4569pt too wide) in paragraph at lines 514--514
 [][][][]  
 []


Overfull \hbox (8.28497pt too wide) in paragraph at lines 514--514
 [] 
 []



File: images/IB.png Graphic file (type png)
<use images/IB.png>
Package pdftex.def Info: images/IB.png  used on input line 514.
(pdftex.def)             Requested size: 24.09048pt x 24.09048pt.

Overfull \hbox (203.4569pt too wide) has occurred while \output is active
 [][][][]  
 []

[30

]
Overfull \hbox (203.4569pt too wide) in paragraph at lines 529--529
 [][][][]  
 []



File: images/IB.png Graphic file (type png)
<use images/IB.png>
Package pdftex.def Info: images/IB.png  used on input line 529.
(pdftex.def)             Requested size: 24.09048pt x 24.09048pt.

Overfull \hbox (203.4569pt too wide) has occurred while \output is active
 [][][][]  
 []

[31

]
Overfull \hbox (203.4569pt too wide) in paragraph at lines 539--539
 [][][][]  
 []



File: images/IB.png Graphic file (type png)
<use images/IB.png>
Package pdftex.def Info: images/IB.png  used on input line 539.
(pdftex.def)             Requested size: 24.09048pt x 24.09048pt.

Overfull \hbox (203.4569pt too wide) has occurred while \output is active
 [][][][]  
 []

[32

]
Overfull \hbox (203.4569pt too wide) in paragraph at lines 549--549
 [][][][]  
 []



File: images/IB.png Graphic file (type png)
<use images/IB.png>
Package pdftex.def Info: images/IB.png  used on input line 549.
(pdftex.def)             Requested size: 24.09048pt x 24.09048pt.

Overfull \hbox (203.4569pt too wide) has occurred while \output is active
 [][][][]  
 []

[33

]
Overfull \hbox (203.4569pt too wide) in paragraph at lines 560--560
 [][][][]  
 []



File: images/IB.png Graphic file (type png)
<use images/IB.png>
Package pdftex.def Info: images/IB.png  used on input line 560.
(pdftex.def)             Requested size: 24.09048pt x 24.09048pt.

Overfull \hbox (203.4569pt too wide) has occurred while \output is active
 [][][][]  
 []

[34

]
Overfull \hbox (203.4569pt too wide) in paragraph at lines 575--575
 [][][][]  
 []


Overfull \vbox (7.98955pt too high) detected at line 575
 []



File: images/IB.png Graphic file (type png)
<use images/IB.png>
Package pdftex.def Info: images/IB.png  used on input line 575.
(pdftex.def)             Requested size: 24.09048pt x 24.09048pt.

Overfull \hbox (203.4569pt too wide) has occurred while \output is active
 [][][][]  
 []

[35

]
Overfull \hbox (203.4569pt too wide) in paragraph at lines 591--591
 [][][][]  
 []


Underfull \hbox (badness 1755) in paragraph at lines 591--591
[]|\T1/cmr/bx/n/10.95 Arquitectura Tra-di-
 []


Underfull \hbox (badness 10000) in paragraph at lines 591--591
[]|\T1/cmr/bx/n/10.95 Control de
 []


Overfull \hbox (8.28497pt too wide) in paragraph at lines 591--591
 [] 
 []



File: images/IB.png Graphic file (type png)
<use images/IB.png>
Package pdftex.def Info: images/IB.png  used on input line 591.
(pdftex.def)             Requested size: 24.09048pt x 24.09048pt.

Overfull \hbox (203.4569pt too wide) has occurred while \output is active
 [][][][]  
 []

[36

]
Overfull \hbox (203.4569pt too wide) in paragraph at lines 602--602
 [][][][]  
 []



File: images/IB.png Graphic file (type png)
<use images/IB.png>
Package pdftex.def Info: images/IB.png  used on input line 602.
(pdftex.def)             Requested size: 24.09048pt x 24.09048pt.

Overfull \hbox (203.4569pt too wide) has occurred while \output is active
 [][][][]  
 []

[37

]
Overfull \hbox (203.4569pt too wide) in paragraph at lines 607--607
 [][][][]  
 []



File: images/IB.png Graphic file (type png)
<use images/IB.png>
Package pdftex.def Info: images/IB.png  used on input line 607.
(pdftex.def)             Requested size: 24.09048pt x 24.09048pt.

Overfull \hbox (203.4569pt too wide) has occurred while \output is active
 [][][][]  
 []

[38

]
Overfull \hbox (203.4569pt too wide) in paragraph at lines 616--616
 [][][][]  
 []



File: images/IB.png Graphic file (type png)
<use images/IB.png>
Package pdftex.def Info: images/IB.png  used on input line 616.
(pdftex.def)             Requested size: 24.09048pt x 24.09048pt.

Overfull \hbox (203.4569pt too wide) has occurred while \output is active
 [][][][]  
 []

[39

]
Overfull \hbox (203.4569pt too wide) in paragraph at lines 626--626
 [][][][]  
 []



File: images/IB.png Graphic file (type png)
<use images/IB.png>
Package pdftex.def Info: images/IB.png  used on input line 626.
(pdftex.def)             Requested size: 24.09048pt x 24.09048pt.

Overfull \hbox (203.4569pt too wide) has occurred while \output is active
 [][][][]  
 []

[40

]
Overfull \hbox (203.4569pt too wide) in paragraph at lines 635--635
 [][][][]  
 []



File: images/IB.png Graphic file (type png)
<use images/IB.png>
Package pdftex.def Info: images/IB.png  used on input line 635.
(pdftex.def)             Requested size: 24.09048pt x 24.09048pt.

Overfull \hbox (203.4569pt too wide) has occurred while \output is active
 [][][][]  
 []

[41

]
Overfull \hbox (203.4569pt too wide) in paragraph at lines 644--644
 [][][][]  
 []



File: images/IB.png Graphic file (type png)
<use images/IB.png>
Package pdftex.def Info: images/IB.png  used on input line 644.
(pdftex.def)             Requested size: 24.09048pt x 24.09048pt.

Overfull \hbox (203.4569pt too wide) has occurred while \output is active
 [][][][]  
 []

[42

]
Overfull \hbox (203.4569pt too wide) in paragraph at lines 654--654
 [][][][]  
 []



File: images/IB.png Graphic file (type png)
<use images/IB.png>
Package pdftex.def Info: images/IB.png  used on input line 654.
(pdftex.def)             Requested size: 24.09048pt x 24.09048pt.

Overfull \hbox (203.4569pt too wide) has occurred while \output is active
 [][][][]  
 []

[43

]
Overfull \hbox (203.4569pt too wide) in paragraph at lines 660--660
 [][][][]  
 []



File: images/IB.png Graphic file (type png)
<use images/IB.png>
Package pdftex.def Info: images/IB.png  used on input line 660.
(pdftex.def)             Requested size: 24.09048pt x 24.09048pt.

Overfull \hbox (203.4569pt too wide) has occurred while \output is active
 [][][][]  
 []

[44

]
Overfull \hbox (203.4569pt too wide) in paragraph at lines 671--671
 [][][][]  
 []



File: images/IB.png Graphic file (type png)
<use images/IB.png>
Package pdftex.def Info: images/IB.png  used on input line 671.
(pdftex.def)             Requested size: 24.09048pt x 24.09048pt.

Overfull \hbox (203.4569pt too wide) has occurred while \output is active
 [][][][]  
 []

[45

]
Overfull \hbox (203.4569pt too wide) in paragraph at lines 682--682
 [][][][]  
 []



File: images/IB.png Graphic file (type png)
<use images/IB.png>
Package pdftex.def Info: images/IB.png  used on input line 682.
(pdftex.def)             Requested size: 24.09048pt x 24.09048pt.

Overfull \hbox (203.4569pt too wide) has occurred while \output is active
 [][][][]  
 []

[46

]
Overfull \hbox (203.4569pt too wide) in paragraph at lines 689--689
 [][][][]  
 []

<images/Frameworks.png, id=441, 400.49625pt x 336.50719pt>
File: images/Frameworks.png Graphic file (type png)
<use images/Frameworks.png>
Package pdftex.def Info: images/Frameworks.png  used on input line 689.
(pdftex.def)             Requested size: 256.72147pt x 215.71814pt.


File: images/IB.png Graphic file (type png)
<use images/IB.png>
Package pdftex.def Info: images/IB.png  used on input line 689.
(pdftex.def)             Requested size: 24.09048pt x 24.09048pt.

Overfull \hbox (203.4569pt too wide) has occurred while \output is active
 [][][][]  
 []

[47

 <./images/Frameworks.png>]
Overfull \hbox (203.4569pt too wide) in paragraph at lines 699--699
 [][][][]  
 []



File: images/IB.png Graphic file (type png)
<use images/IB.png>
Package pdftex.def Info: images/IB.png  used on input line 699.
(pdftex.def)             Requested size: 24.09048pt x 24.09048pt.

Overfull \hbox (203.4569pt too wide) has occurred while \output is active
 [][][][]  
 []

[48

]
Overfull \hbox (203.4569pt too wide) in paragraph at lines 706--706
 [][][][]  
 []

<images/EDP/concurrency_parallelism.png, id=456, 589.4522pt x 508.14844pt>
File: images/EDP/concurrency_parallelism.png Graphic file (type png)
<use images/EDP/concurrency_parallelism.png>
Package pdftex.def Info: images/EDP/concurrency_parallelism.png  used on input 
line 706.
(pdftex.def)             Requested size: 256.72147pt x 221.31416pt.

Overfull \vbox (0.35974pt too high) detected at line 706
 []



File: images/IB.png Graphic file (type png)
<use images/IB.png>
Package pdftex.def Info: images/IB.png  used on input line 706.
(pdftex.def)             Requested size: 24.09048pt x 24.09048pt.

Overfull \hbox (203.4569pt too wide) has occurred while \output is active
 [][][][]  
 []

[49

 <./images/EDP/concurrency_parallelism.png>]
Overfull \hbox (203.4569pt too wide) in paragraph at lines 718--718
 [][][][]  
 []



File: images/IB.png Graphic file (type png)
<use images/IB.png>
Package pdftex.def Info: images/IB.png  used on input line 718.
(pdftex.def)             Requested size: 24.09048pt x 24.09048pt.

Overfull \hbox (203.4569pt too wide) has occurred while \output is active
 [][][][]  
 []

[50

]
Overfull \hbox (203.4569pt too wide) in paragraph at lines 725--725
 [][][][]  
 []



File: images/IB.png Graphic file (type png)
<use images/IB.png>
Package pdftex.def Info: images/IB.png  used on input line 725.
(pdftex.def)             Requested size: 24.09048pt x 24.09048pt.

Overfull \hbox (203.4569pt too wide) has occurred while \output is active
 [][][][]  
 []

[51

]
Overfull \hbox (203.4569pt too wide) in paragraph at lines 785--785
 [][][][]  
 []



File: images/IB.png Graphic file (type png)
<use images/IB.png>
Package pdftex.def Info: images/IB.png  used on input line 785.
(pdftex.def)             Requested size: 24.09048pt x 24.09048pt.

Overfull \hbox (203.4569pt too wide) has occurred while \output is active
 [][][][]  
 []

[52

]
Overfull \hbox (203.4569pt too wide) in paragraph at lines 802--802
 [][][][]  
 []


Overfull \hbox (8.28497pt too wide) in paragraph at lines 802--802
 [] 
 []



File: images/IB.png Graphic file (type png)
<use images/IB.png>
Package pdftex.def Info: images/IB.png  used on input line 802.
(pdftex.def)             Requested size: 24.09048pt x 24.09048pt.

Overfull \hbox (203.4569pt too wide) has occurred while \output is active
 [][][][]  
 []

[53

]
Overfull \hbox (203.4569pt too wide) in paragraph at lines 812--812
 [][][][]  
 []



File: images/IB.png Graphic file (type png)
<use images/IB.png>
Package pdftex.def Info: images/IB.png  used on input line 812.
(pdftex.def)             Requested size: 24.09048pt x 24.09048pt.

Overfull \hbox (203.4569pt too wide) has occurred while \output is active
 [][][][]  
 []

[54

]
Overfull \hbox (203.4569pt too wide) in paragraph at lines 855--855
 [][][][]  
 []



File: images/IB.png Graphic file (type png)
<use images/IB.png>
Package pdftex.def Info: images/IB.png  used on input line 855.
(pdftex.def)             Requested size: 24.09048pt x 24.09048pt.

Overfull \hbox (203.4569pt too wide) has occurred while \output is active
 [][][][]  
 []

[55

]
Overfull \hbox (203.4569pt too wide) in paragraph at lines 871--871
 [][][][]  
 []


Overfull \hbox (8.28497pt too wide) in paragraph at lines 871--871
 [] 
 []



File: images/IB.png Graphic file (type png)
<use images/IB.png>
Package pdftex.def Info: images/IB.png  used on input line 871.
(pdftex.def)             Requested size: 24.09048pt x 24.09048pt.

Overfull \hbox (203.4569pt too wide) has occurred while \output is active
 [][][][]  
 []

[56

]
Overfull \hbox (203.4569pt too wide) in paragraph at lines 882--882
 [][][][]  
 []



File: images/IB.png Graphic file (type png)
<use images/IB.png>
Package pdftex.def Info: images/IB.png  used on input line 882.
(pdftex.def)             Requested size: 24.09048pt x 24.09048pt.

Overfull \hbox (203.4569pt too wide) has occurred while \output is active
 [][][][]  
 []

[57

]
Overfull \hbox (203.4569pt too wide) in paragraph at lines 942--942
 [][][][]  
 []



File: images/IB.png Graphic file (type png)
<use images/IB.png>
Package pdftex.def Info: images/IB.png  used on input line 942.
(pdftex.def)             Requested size: 24.09048pt x 24.09048pt.

Overfull \hbox (203.4569pt too wide) has occurred while \output is active
 [][][][]  
 []

[58

]
Overfull \hbox (203.4569pt too wide) in paragraph at lines 958--958
 [][][][]  
 []


Underfull \hbox (badness 10000) in paragraph at lines 958--958
[]|\T1/cmr/m/n/9 Tareas de-pen-
 []


Overfull \hbox (6.45857pt too wide) in paragraph at lines 958--958
 [] 
 []



File: images/IB.png Graphic file (type png)
<use images/IB.png>
Package pdftex.def Info: images/IB.png  used on input line 958.
(pdftex.def)             Requested size: 24.09048pt x 24.09048pt.

Overfull \hbox (203.4569pt too wide) has occurred while \output is active
 [][][][]  
 []

[59

]
Overfull \hbox (203.4569pt too wide) in paragraph at lines 968--968
 [][][][]  
 []



File: images/IB.png Graphic file (type png)
<use images/IB.png>
Package pdftex.def Info: images/IB.png  used on input line 968.
(pdftex.def)             Requested size: 24.09048pt x 24.09048pt.

Overfull \hbox (203.4569pt too wide) has occurred while \output is active
 [][][][]  
 []

[60

]
Overfull \hbox (203.4569pt too wide) in paragraph at lines 1013--1013
 [][][][]  
 []



File: images/IB.png Graphic file (type png)
<use images/IB.png>
Package pdftex.def Info: images/IB.png  used on input line 1013.
(pdftex.def)             Requested size: 24.09048pt x 24.09048pt.

Overfull \hbox (203.4569pt too wide) has occurred while \output is active
 [][][][]  
 []

[61

]
Overfull \hbox (203.4569pt too wide) in paragraph at lines 1030--1030
 [][][][]  
 []


Underfull \hbox (badness 10000) in paragraph at lines 1030--1030
[]|\T1/cmr/bx/n/10 Cooperative Con-cu-
 []


Underfull \hbox (badness 10000) in paragraph at lines 1030--1030
[]|\T1/cmr/bx/n/10 Preemptive Con-cu-
 []


Underfull \hbox (badness 10000) in paragraph at lines 1030--1030
[]|\T1/cmr/m/n/10 Conmutación de
 []


Underfull \hbox (badness 2680) in paragraph at lines 1030--1030
[]|\T1/cmr/m/n/10 Tareas con res-tric-cio-nes
 []


Underfull \hbox (badness 2680) in paragraph at lines 1030--1030
[]|\T1/cmr/m/n/10 Tareas con res-tric-cio-nes
 []


Underfull \hbox (badness 4072) in paragraph at lines 1030--1030
[]|\T1/cmr/m/n/10 Condiciones de ca-rre-ra,
 []


Underfull \hbox (badness 10000) in paragraph at lines 1030--1030
[]|\T1/cmr/m/n/10 Threads, Mul-ti-pro-ce-sa-
 []


Overfull \hbox (8.28497pt too wide) in paragraph at lines 1030--1030
 [] 
 []



File: images/IB.png Graphic file (type png)
<use images/IB.png>
Package pdftex.def Info: images/IB.png  used on input line 1030.
(pdftex.def)             Requested size: 24.09048pt x 24.09048pt.

Overfull \hbox (203.4569pt too wide) has occurred while \output is active
 [][][][]  
 []

[62

]
Overfull \hbox (203.4569pt too wide) in paragraph at lines 1040--1040
 [][][][]  
 []

<images/EDP/confused_emoji.png, id=674, 1882.03125pt x 1882.03125pt>
File: images/EDP/confused_emoji.png Graphic file (type png)
<use images/EDP/confused_emoji.png>
Package pdftex.def Info: images/EDP/confused_emoji.png  used on input line 1040
.
(pdftex.def)             Requested size: 171.14764pt x 171.12726pt.


File: images/IB.png Graphic file (type png)
<use images/IB.png>
Package pdftex.def Info: images/IB.png  used on input line 1040.
(pdftex.def)             Requested size: 24.09048pt x 24.09048pt.

Overfull \hbox (203.4569pt too wide) has occurred while \output is active
 [][][][]  
 []

[63

 <./images/EDP/confused_emoji.png>]
Overfull \hbox (203.4569pt too wide) in paragraph at lines 1050--1050
 [][][][]  
 []

<images/EDP/relaxed_emoji.png, id=684, 4015.0pt x 4015.0pt>
File: images/EDP/relaxed_emoji.png Graphic file (type png)
<use images/EDP/relaxed_emoji.png>
Package pdftex.def Info: images/EDP/relaxed_emoji.png  used on input line 1050.

(pdftex.def)             Requested size: 171.14764pt x 171.11003pt.


File: images/IB.png Graphic file (type png)
<use images/IB.png>
Package pdftex.def Info: images/IB.png  used on input line 1050.
(pdftex.def)             Requested size: 24.09048pt x 24.09048pt.

Overfull \hbox (203.4569pt too wide) has occurred while \output is active
 [][][][]  
 []

[64

 <./images/EDP/relaxed_emoji.png>]
\tf@nav=\write6
\openout6 = `"Event-Driven Programming.nav"'.

\tf@toc=\write7
\openout7 = `"Event-Driven Programming.toc"'.

\tf@snm=\write8
\openout8 = `"Event-Driven Programming.snm"'.

 (Event-Driven Programming.aux
LaTeX Info: Redefining \. on input line 12.
LaTeX Info: Redefining \% on input line 12.
)
 ***********
LaTeX2e <2025-06-01> patch level 1
L3 programming layer <2025-10-09>
 ***********
Package rerunfilecheck Info: File `"Event-Driven Programming".out' has not chan
ged.
(rerunfilecheck)             Checksum: C4C4192FC6039D0BB4DAA09ABEF5E0D8;1140.
 ) 
Here is how much of TeX's memory you used:
 37586 strings out of 468079
 800038 string characters out of 5435789
 1334150 words of memory out of 5000000
 65391 multiletter control sequences out of 15000+600000
 650050 words of font info for 96 fonts, out of 8000000 for 9000
 1141 hyphenation exceptions out of 8191
 128i,15n,123p,780b,1007s stack positions out of 10000i,1000n,20000p,200000b,200000s
 <C:\Users\Leonardo Ortiz\AppData\Local\MiKTeX\fonts/pk/ljfour/jknappen/ec/dp
i600\ecrm2488.pk> <C:\Users\Leonardo Ortiz\AppData\Local\MiKTeX\fonts/pk/ljfour
/jknappen/ec/dpi600\ecrm0900.pk> <C:\Users\Leonardo Ortiz\AppData\Local\MiKTeX\
fonts/pk/ljfour/jknappen/ec/dpi600\ecbx0900.pk> <C:\Users\Leonardo Ortiz\AppDat
a\Local\MiKTeX\fonts/pk/ljfour/jknappen/ec/dpi600\ecbx0600.pk> <C:\Users\Leonar
do Ortiz\AppData\Local\MiKTeX\fonts/pk/ljfour/jknappen/ec/dpi600\ecrm1200.pk> <
C:\Users\Leonardo Ortiz\AppData\Local\MiKTeX\fonts/pk/ljfour/jknappen/ec/dpi600
\tcrm1000.pk> <C:\Users\Leonardo Ortiz\AppData\Local\MiKTeX\fonts/pk/ljfour/jkn
appen/ec/dpi600\ecbx1095.pk> <C:\Users\Leonardo Ortiz\AppData\Local\MiKTeX\font
s/pk/ljfour/jknappen/ec/dpi600\ecxc1000.pk> <C:\Users\Leonardo Ortiz\AppData\Lo
cal\MiKTeX\fonts/pk/ljfour/jknappen/ec/dpi600\ecbx1000.pk> <C:\Users\Leonardo O
rtiz\AppData\Local\MiKTeX\fonts/pk/ljfour/jknappen/ec/dpi600\ecrm1000.pk> <C:\U
sers\Leonardo Ortiz\AppData\Local\MiKTeX\fonts/pk/ljfour/jknappen/ec/dpi600\ecb
x2074.pk> <C:\Users\Leonardo Ortiz\AppData\Local\MiKTeX\fonts/pk/ljfour/jknappe
n/ec/dpi600\ecrm0600.pk> <C:\Users\Leonardo Ortiz\AppData\Local\MiKTeX\fonts/pk
/ljfour/jknappen/ec/dpi600\ecrm0800.pk> <C:\Users\Leonardo Ortiz\AppData\Local\
MiKTeX\fonts/pk/ljfour/jknappen/ec/dpi600\ecrm1095.pk> <C:\Users\Leonardo Ortiz
\AppData\Local\MiKTeX\fonts/pk/ljfour/jknappen/ec/dpi600\ecrm1440.pk><C:/Progra
m Files/MiKTeX/fonts/type1/public/amsfonts/cm/cmsy10.pfb>
Output written on "Event-Driven Programming.pdf" (64 pages, 17186137 bytes).
PDF statistics:
 1311 PDF objects out of 1440 (max. 8388607)
 134 named destinations out of 1000 (max. 500000)
 641 words of extra memory for PDF output out of 10000 (max. 10000000)

