This is pdfTeX, Version 3.141592653-2.6-1.40.27 (MiKTeX 25.4) (preloaded format=pdflatex 2025.11.6)  3 FEB 2026 15:31
entering extended mode
 restricted \write18 enabled.
 %&-line parsing enabled.
**./Presentation_01.tex
(Presentation_01.tex
LaTeX2e <2025-06-01> patch level 1
L3 programming layer <2025-10-09>
(C:\Program Files\MiKTeX\tex/latex/beamer\beamer.cls
Document Class: beamer 2025/08/13 v3.76 A class for typesetting presentations
(C:\Program Files\MiKTeX\tex/latex/beamer\beamerbasemodes.sty
(C:\Program Files\MiKTeX\tex/latex/etoolbox\etoolbox.sty
Package: etoolbox 2025/10/02 v2.5m e-TeX tools for LaTeX (JAW)
\etb@tempcnta=\count275
)
\beamer@tempbox=\box53
\beamer@tempcount=\count276
\c@beamerpauses=\count277

(C:\Program Files\MiKTeX\tex/latex/beamer\beamerbasedecode.sty
\beamer@slideinframe=\count278
\beamer@minimum=\count279
\beamer@decode@box=\box54
)
\beamer@commentbox=\box55
\beamer@modecount=\count280
)
(C:\Program Files\MiKTeX\tex/generic/iftex\iftex.sty
Package: iftex 2024/12/12 v1.0g TeX engine tests
)
\headdp=\dimen148
\footheight=\dimen149
\sidebarheight=\dimen150
\beamer@tempdim=\dimen151
\beamer@finalheight=\dimen152
\beamer@animht=\dimen153
\beamer@animdp=\dimen154
\beamer@animwd=\dimen155
\beamer@leftmargin=\dimen156
\beamer@rightmargin=\dimen157
\beamer@leftsidebar=\dimen158
\beamer@rightsidebar=\dimen159
\beamer@boxsize=\dimen160
\beamer@vboxoffset=\dimen161
\beamer@descdefault=\dimen162
\beamer@descriptionwidth=\dimen163
\beamer@lastskip=\skip49
\beamer@areabox=\box56
\beamer@animcurrent=\box57
\beamer@animshowbox=\box58
\beamer@sectionbox=\box59
\beamer@logobox=\box60
\beamer@linebox=\box61
\beamer@sectioncount=\count281
\beamer@subsubsectionmax=\count282
\beamer@subsectionmax=\count283
\beamer@sectionmax=\count284
\beamer@totalheads=\count285
\beamer@headcounter=\count286
\beamer@partstartpage=\count287
\beamer@sectionstartpage=\count288
\beamer@subsectionstartpage=\count289
\beamer@animationtempa=\count290
\beamer@animationtempb=\count291
\beamer@xpos=\count292
\beamer@ypos=\count293
\beamer@ypos@offset=\count294
\beamer@showpartnumber=\count295
\beamer@currentsubsection=\count296
\beamer@coveringdepth=\count297
\beamer@sectionadjust=\count298
\beamer@toclastsection=\count299
\beamer@tocsectionnumber=\count300

(C:\Program Files\MiKTeX\tex/latex/beamer\beamerbaseoptions.sty
(C:\Program Files\MiKTeX\tex/latex/graphics\keyval.sty
Package: keyval 2022/05/29 v1.15 key=value parser (DPC)
\KV@toks@=\toks17
))
\beamer@paperwidth=\skip50
\beamer@paperheight=\skip51

(C:\Program Files\MiKTeX\tex/latex/geometry\geometry.sty
Package: geometry 2020/01/02 v5.9 Page Geometry

(C:\Program Files\MiKTeX\tex/generic/iftex\ifvtex.sty
Package: ifvtex 2019/10/25 v1.7 ifvtex legacy package. Use iftex instead.
)
\Gm@cnth=\count301
\Gm@cntv=\count302
\c@Gm@tempcnt=\count303
\Gm@bindingoffset=\dimen164
\Gm@wd@mp=\dimen165
\Gm@odd@mp=\dimen166
\Gm@even@mp=\dimen167
\Gm@layoutwidth=\dimen168
\Gm@layoutheight=\dimen169
\Gm@layouthoffset=\dimen170
\Gm@layoutvoffset=\dimen171
\Gm@dimlist=\toks18

(C:\Program Files\MiKTeX\tex/latex/geometry\geometry.cfg))
(C:\Program Files\MiKTeX\tex/latex/pgf/math\pgfmath.sty
(C:\Program Files\MiKTeX\tex/latex/pgf/utilities\pgfrcs.sty
(C:\Program Files\MiKTeX\tex/generic/pgf/utilities\pgfutil-common.tex
\pgfutil@everybye=\toks19
\pgfutil@tempdima=\dimen172
\pgfutil@tempdimb=\dimen173
)
(C:\Program Files\MiKTeX\tex/generic/pgf/utilities\pgfutil-latex.def
\pgfutil@abb=\box62
)
(C:\Program Files\MiKTeX\tex/generic/pgf/utilities\pgfrcs.code.tex
(C:\Program Files\MiKTeX\tex/generic/pgf\pgf.revision.tex)
Package: pgfrcs 2025-08-29 v3.1.11a (3.1.11a)
))
(C:\Program Files\MiKTeX\tex/latex/pgf/utilities\pgfkeys.sty
(C:\Program Files\MiKTeX\tex/generic/pgf/utilities\pgfkeys.code.tex
\pgfkeys@pathtoks=\toks20
\pgfkeys@temptoks=\toks21

(C:\Program Files\MiKTeX\tex/generic/pgf/utilities\pgfkeyslibraryfiltered.code.
tex
\pgfkeys@tmptoks=\toks22
))) (C:\Program Files\MiKTeX\tex/generic/pgf/math\pgfmath.code.tex
(C:\Program Files\MiKTeX\tex/generic/pgf/math\pgfmathutil.code.tex
\pgf@x=\dimen174
\pgf@xa=\dimen175
\pgf@xb=\dimen176
\pgf@xc=\dimen177
\pgf@y=\dimen178
\pgf@ya=\dimen179
\pgf@yb=\dimen180
\pgf@yc=\dimen181
\c@pgf@counta=\count304
\c@pgf@countb=\count305
\c@pgf@countc=\count306
\c@pgf@countd=\count307
)
(C:\Program Files\MiKTeX\tex/generic/pgf/math\pgfmathparser.code.tex
\pgfmath@dimen=\dimen182
\pgfmath@count=\count308
\pgfmath@box=\box63
\pgfmath@toks=\toks23
\pgfmath@stack@operand=\toks24
\pgfmath@stack@operation=\toks25
)
(C:\Program Files\MiKTeX\tex/generic/pgf/math\pgfmathfunctions.code.tex)
(C:\Program Files\MiKTeX\tex/generic/pgf/math\pgfmathfunctions.basic.code.tex)
(C:\Program Files\MiKTeX\tex/generic/pgf/math\pgfmathfunctions.trigonometric.co
de.tex)
(C:\Program Files\MiKTeX\tex/generic/pgf/math\pgfmathfunctions.random.code.tex)

(C:\Program Files\MiKTeX\tex/generic/pgf/math\pgfmathfunctions.comparison.code.
tex)
(C:\Program Files\MiKTeX\tex/generic/pgf/math\pgfmathfunctions.base.code.tex)
(C:\Program Files\MiKTeX\tex/generic/pgf/math\pgfmathfunctions.round.code.tex)
(C:\Program Files\MiKTeX\tex/generic/pgf/math\pgfmathfunctions.misc.code.tex)
(C:\Program Files\MiKTeX\tex/generic/pgf/math\pgfmathfunctions.integerarithmeti
cs.code.tex) (C:\Program Files\MiKTeX\tex/generic/pgf/math\pgfmathcalc.code.tex
) (C:\Program Files\MiKTeX\tex/generic/pgf/math\pgfmathfloat.code.tex
\c@pgfmathroundto@lastzeros=\count309
)))
(C:\Program Files\MiKTeX\tex/latex/base\size11.clo
File: size11.clo 2025/01/22 v1.4n Standard LaTeX file (size option)
)
(C:\Program Files\MiKTeX\tex/latex/pgf/basiclayer\pgfcore.sty
(C:\Program Files\MiKTeX\tex/latex/graphics\graphicx.sty
Package: graphicx 2024/12/31 v1.2e Enhanced LaTeX Graphics (DPC,SPQR)

(C:\Program Files\MiKTeX\tex/latex/graphics\graphics.sty
Package: graphics 2024/08/06 v1.4g Standard LaTeX Graphics (DPC,SPQR)

(C:\Program Files\MiKTeX\tex/latex/graphics\trig.sty
Package: trig 2023/12/02 v1.11 sin cos tan (DPC)
)
(C:\Program Files\MiKTeX\tex/latex/graphics-cfg\graphics.cfg
File: graphics.cfg 2016/06/04 v1.11 sample graphics configuration
)
Package graphics Info: Driver file: pdftex.def on input line 106.

(C:\Program Files\MiKTeX\tex/latex/graphics-def\pdftex.def
File: pdftex.def 2025/09/29 v1.2d Graphics/color driver for pdftex
))
\Gin@req@height=\dimen183
\Gin@req@width=\dimen184
)
(C:\Program Files\MiKTeX\tex/latex/pgf/systemlayer\pgfsys.sty
(C:\Program Files\MiKTeX\tex/generic/pgf/systemlayer\pgfsys.code.tex
Package: pgfsys 2025-08-29 v3.1.11a (3.1.11a)
\pgf@x=\dimen185
\pgf@y=\dimen186
\pgf@xa=\dimen187
\pgf@ya=\dimen188
\pgf@xb=\dimen189
\pgf@yb=\dimen190
\pgf@xc=\dimen191
\pgf@yc=\dimen192
\pgf@xd=\dimen193
\pgf@yd=\dimen194
\w@pgf@writea=\write3
\r@pgf@reada=\read2
\c@pgf@counta=\count310
\c@pgf@countb=\count311
\c@pgf@countc=\count312
\c@pgf@countd=\count313
\t@pgf@toka=\toks26
\t@pgf@tokb=\toks27
\t@pgf@tokc=\toks28
\pgf@sys@id@count=\count314

(C:\Program Files\MiKTeX\tex/generic/pgf/systemlayer\pgf.cfg
File: pgf.cfg 2025-08-29 v3.1.11a (3.1.11a)
)
Driver file for pgf: pgfsys-pdftex.def

(C:\Program Files\MiKTeX\tex/generic/pgf/systemlayer\pgfsys-pdftex.def
File: pgfsys-pdftex.def 2025-08-29 v3.1.11a (3.1.11a)

(C:\Program Files\MiKTeX\tex/generic/pgf/systemlayer\pgfsys-common-pdf.def
File: pgfsys-common-pdf.def 2025-08-29 v3.1.11a (3.1.11a)
)))
(C:\Program Files\MiKTeX\tex/generic/pgf/systemlayer\pgfsyssoftpath.code.tex
File: pgfsyssoftpath.code.tex 2025-08-29 v3.1.11a (3.1.11a)
\pgfsyssoftpath@smallbuffer@items=\count315
\pgfsyssoftpath@bigbuffer@items=\count316
)
(C:\Program Files\MiKTeX\tex/generic/pgf/systemlayer\pgfsysprotocol.code.tex
File: pgfsysprotocol.code.tex 2025-08-29 v3.1.11a (3.1.11a)
))
(C:\Program Files\MiKTeX\tex/latex/xcolor\xcolor.sty
Package: xcolor 2024/09/29 v3.02 LaTeX color extensions (UK)

(C:\Program Files\MiKTeX\tex/latex/graphics-cfg\color.cfg
File: color.cfg 2016/01/02 v1.6 sample color configuration
)
Package xcolor Info: Driver file: pdftex.def on input line 274.

(C:\Program Files\MiKTeX\tex/latex/graphics\mathcolor.ltx)
Package xcolor Info: Model `cmy' substituted by `cmy0' on input line 1349.
Package xcolor Info: Model `hsb' substituted by `rgb' on input line 1353.
Package xcolor Info: Model `RGB' extended on input line 1365.
Package xcolor Info: Model `HTML' substituted by `rgb' on input line 1367.
Package xcolor Info: Model `Hsb' substituted by `hsb' on input line 1368.
Package xcolor Info: Model `tHsb' substituted by `hsb' on input line 1369.
Package xcolor Info: Model `HSB' substituted by `hsb' on input line 1370.
Package xcolor Info: Model `Gray' substituted by `gray' on input line 1371.
Package xcolor Info: Model `wave' substituted by `hsb' on input line 1372.
)
(C:\Program Files\MiKTeX\tex/generic/pgf/basiclayer\pgfcore.code.tex
Package: pgfcore 2025-08-29 v3.1.11a (3.1.11a)

(C:\Program Files\MiKTeX\tex/generic/pgf/math\pgfint.code.tex)
(C:\Program Files\MiKTeX\tex/generic/pgf/basiclayer\pgfcorepoints.code.tex
File: pgfcorepoints.code.tex 2025-08-29 v3.1.11a (3.1.11a)
\pgf@picminx=\dimen195
\pgf@picmaxx=\dimen196
\pgf@picminy=\dimen197
\pgf@picmaxy=\dimen198
\pgf@pathminx=\dimen199
\pgf@pathmaxx=\dimen256
\pgf@pathminy=\dimen257
\pgf@pathmaxy=\dimen258
\pgf@xx=\dimen259
\pgf@xy=\dimen260
\pgf@yx=\dimen261
\pgf@yy=\dimen262
\pgf@zx=\dimen263
\pgf@zy=\dimen264
)
(C:\Program Files\MiKTeX\tex/generic/pgf/basiclayer\pgfcorepathconstruct.code.t
ex
File: pgfcorepathconstruct.code.tex 2025-08-29 v3.1.11a (3.1.11a)
\pgf@path@lastx=\dimen265
\pgf@path@lasty=\dimen266
)
(C:\Program Files\MiKTeX\tex/generic/pgf/basiclayer\pgfcorepathusage.code.tex
File: pgfcorepathusage.code.tex 2025-08-29 v3.1.11a (3.1.11a)
\pgf@shorten@end@additional=\dimen267
\pgf@shorten@start@additional=\dimen268
)
(C:\Program Files\MiKTeX\tex/generic/pgf/basiclayer\pgfcorescopes.code.tex
File: pgfcorescopes.code.tex 2025-08-29 v3.1.11a (3.1.11a)
\pgfpic=\box64
\pgf@hbox=\box65
\pgf@layerbox@main=\box66
\pgf@picture@serial@count=\count317
)
(C:\Program Files\MiKTeX\tex/generic/pgf/basiclayer\pgfcoregraphicstate.code.te
x
File: pgfcoregraphicstate.code.tex 2025-08-29 v3.1.11a (3.1.11a)
\pgflinewidth=\dimen269
)
(C:\Program Files\MiKTeX\tex/generic/pgf/basiclayer\pgfcoretransformations.code
.tex
File: pgfcoretransformations.code.tex 2025-08-29 v3.1.11a (3.1.11a)
\pgf@pt@x=\dimen270
\pgf@pt@y=\dimen271
\pgf@pt@temp=\dimen272
) (C:\Program Files\MiKTeX\tex/generic/pgf/basiclayer\pgfcorequick.code.tex
File: pgfcorequick.code.tex 2025-08-29 v3.1.11a (3.1.11a)
) (C:\Program Files\MiKTeX\tex/generic/pgf/basiclayer\pgfcoreobjects.code.tex
File: pgfcoreobjects.code.tex 2025-08-29 v3.1.11a (3.1.11a)
)
(C:\Program Files\MiKTeX\tex/generic/pgf/basiclayer\pgfcorepathprocessing.code.
tex
File: pgfcorepathprocessing.code.tex 2025-08-29 v3.1.11a (3.1.11a)
) (C:\Program Files\MiKTeX\tex/generic/pgf/basiclayer\pgfcorearrows.code.tex
File: pgfcorearrows.code.tex 2025-08-29 v3.1.11a (3.1.11a)
\pgfarrowsep=\dimen273
) (C:\Program Files\MiKTeX\tex/generic/pgf/basiclayer\pgfcoreshade.code.tex
File: pgfcoreshade.code.tex 2025-08-29 v3.1.11a (3.1.11a)
\pgf@max=\dimen274
\pgf@sys@shading@range@num=\count318
\pgf@shadingcount=\count319
)
(C:\Program Files\MiKTeX\tex/generic/pgf/basiclayer\pgfcoreimage.code.tex
File: pgfcoreimage.code.tex 2025-08-29 v3.1.11a (3.1.11a)
)
(C:\Program Files\MiKTeX\tex/generic/pgf/basiclayer\pgfcoreexternal.code.tex
File: pgfcoreexternal.code.tex 2025-08-29 v3.1.11a (3.1.11a)
\pgfexternal@startupbox=\box67
)
(C:\Program Files\MiKTeX\tex/generic/pgf/basiclayer\pgfcorelayers.code.tex
File: pgfcorelayers.code.tex 2025-08-29 v3.1.11a (3.1.11a)
)
(C:\Program Files\MiKTeX\tex/generic/pgf/basiclayer\pgfcoretransparency.code.te
x
File: pgfcoretransparency.code.tex 2025-08-29 v3.1.11a (3.1.11a)
) (C:\Program Files\MiKTeX\tex/generic/pgf/basiclayer\pgfcorepatterns.code.tex
File: pgfcorepatterns.code.tex 2025-08-29 v3.1.11a (3.1.11a)
) (C:\Program Files\MiKTeX\tex/generic/pgf/basiclayer\pgfcorerdf.code.tex
File: pgfcorerdf.code.tex 2025-08-29 v3.1.11a (3.1.11a)
)))
(C:\Program Files\MiKTeX\tex/latex/pgf/utilities\xxcolor.sty
Package: xxcolor 2003/10/24 ver 0.1
\XC@nummixins=\count320
\XC@countmixins=\count321
)
(C:\Program Files\MiKTeX\tex/latex/base\atbegshi-ltx.sty
Package: atbegshi-ltx 2021/01/10 v1.0c Emulation of the original atbegshi
package with kernel methods
)
(C:\Program Files\MiKTeX\tex/latex/hyperref\hyperref.sty
Package: hyperref 2025-07-12 v7.01o Hypertext links for LaTeX

(C:\Program Files\MiKTeX\tex/latex/kvsetkeys\kvsetkeys.sty
Package: kvsetkeys 2022-10-05 v1.19 Key value parser (HO)
)
(C:\Program Files\MiKTeX\tex/generic/kvdefinekeys\kvdefinekeys.sty
Package: kvdefinekeys 2019-12-19 v1.6 Define keys (HO)
)
(C:\Program Files\MiKTeX\tex/generic/pdfescape\pdfescape.sty
Package: pdfescape 2019/12/09 v1.15 Implements pdfTeX's escape features (HO)

(C:\Program Files\MiKTeX\tex/generic/ltxcmds\ltxcmds.sty
Package: ltxcmds 2023-12-04 v1.26 LaTeX kernel commands for general use (HO)
)
(C:\Program Files\MiKTeX\tex/generic/pdftexcmds\pdftexcmds.sty
Package: pdftexcmds 2020-06-27 v0.33 Utility functions of pdfTeX for LuaTeX (HO
)

(C:\Program Files\MiKTeX\tex/generic/infwarerr\infwarerr.sty
Package: infwarerr 2019/12/03 v1.5 Providing info/warning/error messages (HO)
)
Package pdftexcmds Info: \pdf@primitive is available.
Package pdftexcmds Info: \pdf@ifprimitive is available.
Package pdftexcmds Info: \pdfdraftmode found.
))
(C:\Program Files\MiKTeX\tex/latex/hycolor\hycolor.sty
Package: hycolor 2020-01-27 v1.10 Color options for hyperref/bookmark (HO)
)
(C:\Program Files\MiKTeX\tex/latex/hyperref\nameref.sty
Package: nameref 2025-06-21 v2.57 Cross-referencing by name of section

(C:\Program Files\MiKTeX\tex/latex/refcount\refcount.sty
Package: refcount 2019/12/15 v3.6 Data extraction from label references (HO)
)
(C:\Program Files\MiKTeX\tex/generic/gettitlestring\gettitlestring.sty
Package: gettitlestring 2019/12/15 v1.6 Cleanup title references (HO)

(C:\Program Files\MiKTeX\tex/latex/kvoptions\kvoptions.sty
Package: kvoptions 2022-06-15 v3.15 Key value format for package options (HO)
))
\c@section@level=\count322
)
(C:\Program Files\MiKTeX\tex/generic/stringenc\stringenc.sty
Package: stringenc 2019/11/29 v1.12 Convert strings between diff. encodings (HO
)
)
\@linkdim=\dimen275
\Hy@linkcounter=\count323
\Hy@pagecounter=\count324

(C:\Program Files\MiKTeX\tex/latex/hyperref\pd1enc.def
File: pd1enc.def 2025-07-12 v7.01o Hyperref: PDFDocEncoding definition (HO)
Now handling font encoding PD1 ...
... no UTF-8 mapping file for font encoding PD1
)
(C:\Program Files\MiKTeX\tex/generic/intcalc\intcalc.sty
Package: intcalc 2019/12/15 v1.3 Expandable calculations with integers (HO)
)
\Hy@SavedSpaceFactor=\count325

(C:\Program Files\MiKTeX\tex/latex/hyperref\puenc.def
File: puenc.def 2025-07-12 v7.01o Hyperref: PDF Unicode definition (HO)
Now handling font encoding PU ...
... no UTF-8 mapping file for font encoding PU
)
Package hyperref Info: Option `bookmarks' set `true' on input line 4066.
Package hyperref Info: Option `bookmarksopen' set `true' on input line 4066.
Package hyperref Info: Option `implicit' set `false' on input line 4066.
Package hyperref Info: Hyper figures OFF on input line 4195.
Package hyperref Info: Link nesting OFF on input line 4200.
Package hyperref Info: Hyper index ON on input line 4203.
Package hyperref Info: Plain pages OFF on input line 4210.
Package hyperref Info: Backreferencing OFF on input line 4215.
Package hyperref Info: Implicit mode OFF; no redefinition of LaTeX internals.
Package hyperref Info: Bookmarks ON on input line 4462.
\c@Hy@tempcnt=\count326

(C:\Program Files\MiKTeX\tex/latex/url\url.sty
\Urlmuskip=\muskip17
Package: url 2013/09/16  ver 3.4  Verb mode for urls, etc.
)
LaTeX Info: Redefining \url on input line 4801.
\XeTeXLinkMargin=\dimen276

(C:\Program Files\MiKTeX\tex/generic/bitset\bitset.sty
Package: bitset 2019/12/09 v1.3 Handle bit-vector datatype (HO)

(C:\Program Files\MiKTeX\tex/generic/bigintcalc\bigintcalc.sty
Package: bigintcalc 2019/12/15 v1.5 Expandable calculations on big integers (HO
)
))
\Fld@menulength=\count327
\Field@Width=\dimen277
\Fld@charsize=\dimen278
Package hyperref Info: Hyper figures OFF on input line 6078.
Package hyperref Info: Link nesting OFF on input line 6083.
Package hyperref Info: Hyper index ON on input line 6086.
Package hyperref Info: backreferencing OFF on input line 6093.
Package hyperref Info: Link coloring OFF on input line 6098.
Package hyperref Info: Link coloring with OCG OFF on input line 6103.
Package hyperref Info: PDF/A mode OFF on input line 6108.
\Hy@abspage=\count328


Package hyperref Message: Stopped early.

)
Package hyperref Info: Driver (autodetected): hpdftex.
 (C:\Program Files\MiKTeX\tex/latex/hyperref\hpdftex.def
File: hpdftex.def 2025-07-12 v7.01o Hyperref driver for pdfTeX
\Fld@listcount=\count329
\c@bookmark@seq@number=\count330

(C:\Program Files\MiKTeX\tex/latex/rerunfilecheck\rerunfilecheck.sty
Package: rerunfilecheck 2025-06-21 v1.11 Rerun checks for auxiliary files (HO)

(C:\Program Files\MiKTeX\tex/generic/uniquecounter\uniquecounter.sty
Package: uniquecounter 2019/12/15 v1.4 Provide unlimited unique counter (HO)
)
Package uniquecounter Info: New unique counter `rerunfilecheck' on input line 2
84.
))
(C:\Program Files\MiKTeX\tex/latex/beamer\beamerbaserequires.sty
(C:\Program Files\MiKTeX\tex/latex/beamer\beamerbasecompatibility.sty)
(C:\Program Files\MiKTeX\tex/latex/beamer\beamerbasefont.sty
(C:\Program Files\MiKTeX\tex/latex/amsfonts\amssymb.sty
Package: amssymb 2013/01/14 v3.01 AMS font symbols

(C:\Program Files\MiKTeX\tex/latex/amsfonts\amsfonts.sty
Package: amsfonts 2013/01/14 v3.01 Basic AMSFonts support
\@emptytoks=\toks29
\symAMSa=\mathgroup4
\symAMSb=\mathgroup5
LaTeX Font Info:    Redeclaring math symbol \hbar on input line 98.
LaTeX Font Info:    Overwriting math alphabet `\mathfrak' in version `bold'
(Font)                  U/euf/m/n --> U/euf/b/n on input line 106.
))
(C:\Program Files\MiKTeX\tex/latex/sansmathaccent\sansmathaccent.sty
Package: sansmathaccent 2020/01/31

(C:\Program Files\MiKTeX\tex/latex/koma-script\scrlfile.sty
Package: scrlfile 2025/09/09 v3.48 KOMA-Script package (file load hooks)

(C:\Program Files\MiKTeX\tex/latex/koma-script\scrlfile-hook.sty
Package: scrlfile-hook 2025/09/09 v3.48 KOMA-Script package (using LaTeX hooks)


(C:\Program Files\MiKTeX\tex/latex/koma-script\scrlogo.sty
Package: scrlogo 2025/09/09 v3.48 KOMA-Script package (logo)
)))))
(C:\Program Files\MiKTeX\tex/latex/beamer\beamerbasetranslator.sty
(C:\Program Files\MiKTeX\tex/latex/translator\translator.sty
Package: translator 2021-05-31 v1.12d Easy translation of strings in LaTeX
))
(C:\Program Files\MiKTeX\tex/latex/beamer\beamerbasemisc.sty)
(C:\Program Files\MiKTeX\tex/latex/beamer\beamerbasetwoscreens.sty)
(C:\Program Files\MiKTeX\tex/latex/beamer\beamerbaseoverlay.sty
\beamer@argscount=\count331
\beamer@lastskipcover=\skip52
\beamer@trivlistdepth=\count332
)
(C:\Program Files\MiKTeX\tex/latex/beamer\beamerbasetitle.sty)
(C:\Program Files\MiKTeX\tex/latex/beamer\beamerbasesection.sty
\c@lecture=\count333
\c@part=\count334
\c@section=\count335
\c@subsection=\count336
\c@subsubsection=\count337
)
(C:\Program Files\MiKTeX\tex/latex/beamer\beamerbaseframe.sty
\beamer@framebox=\box68
\beamer@frametitlebox=\box69
\beamer@zoombox=\box70
\beamer@zoomcount=\count338
\beamer@zoomframecount=\count339
\beamer@frametextheight=\dimen279
\c@subsectionslide=\count340
\beamer@frametopskip=\skip53
\beamer@framebottomskip=\skip54
\beamer@frametopskipautobreak=\skip55
\beamer@framebottomskipautobreak=\skip56
\beamer@envbody=\toks30
\framewidth=\dimen280
\c@framenumber=\count341
)
(C:\Program Files\MiKTeX\tex/latex/beamer\beamerbaseverbatim.sty
\beamer@verbatimfileout=\write4
)
(C:\Program Files\MiKTeX\tex/latex/beamer\beamerbaseframesize.sty
\beamer@splitbox=\box71
\beamer@autobreakcount=\count342
\beamer@autobreaklastheight=\dimen281
\beamer@frametitletoks=\toks31
\beamer@framesubtitletoks=\toks32
)
(C:\Program Files\MiKTeX\tex/latex/beamer\beamerbaseframecomponents.sty
\beamer@colheight=\skip57
\beamer@footins=\box72
)
(C:\Program Files\MiKTeX\tex/latex/beamer\beamerbasecolor.sty)
(C:\Program Files\MiKTeX\tex/latex/beamer\beamerbasenotes.sty
\beamer@frameboxcopy=\box73
)
(C:\Program Files\MiKTeX\tex/latex/beamer\beamerbasetoc.sty)
(C:\Program Files\MiKTeX\tex/latex/beamer\beamerbasetemplates.sty
\beamer@sbttoks=\toks33

(C:\Program Files\MiKTeX\tex/latex/beamer\beamerbaseauxtemplates.sty
(C:\Program Files\MiKTeX\tex/latex/beamer\beamerbaseboxes.sty
\bmb@box=\box74
\bmb@colorbox=\box75
\bmb@boxwidth=\dimen282
\bmb@boxheight=\dimen283
\bmb@prevheight=\dimen284
\bmb@temp=\dimen285
\bmb@dima=\dimen286
\bmb@dimb=\dimen287
\bmb@prevheight=\dimen288
)
\beamer@blockheadheight=\dimen289
))
(C:\Program Files\MiKTeX\tex/latex/beamer\beamerbaselocalstructure.sty
(C:\Program Files\MiKTeX\tex/latex/tools\enumerate.sty
Package: enumerate 2023/07/04 v3.00 enumerate extensions (DPC)
\@enLab=\toks34
)
\beamer@bibiconwidth=\skip58
\c@figure=\count343
\c@table=\count344
\abovecaptionskip=\skip59
\belowcaptionskip=\skip60
)
(C:\Program Files\MiKTeX\tex/latex/beamer\beamerbasenavigation.sty
(C:\Program Files\MiKTeX\tex/latex/beamer\beamerbasenavigationsymbols.tex)
\beamer@section@min@dim=\dimen290
)
(C:\Program Files\MiKTeX\tex/latex/beamer\beamerbasetheorems.sty
(C:\Program Files\MiKTeX\tex/latex/amsmath\amsmath.sty
Package: amsmath 2025/06/16 v2.17y AMS math features
\@mathmargin=\skip61

For additional information on amsmath, use the `?' option.
(C:\Program Files\MiKTeX\tex/latex/amsmath\amstext.sty
Package: amstext 2024/11/17 v2.01 AMS text

(C:\Program Files\MiKTeX\tex/latex/amsmath\amsgen.sty
File: amsgen.sty 1999/11/30 v2.0 generic functions
\@emptytoks=\toks35
\ex@=\dimen291
))
(C:\Program Files\MiKTeX\tex/latex/amsmath\amsbsy.sty
Package: amsbsy 1999/11/29 v1.2d Bold Symbols
\pmbraise@=\dimen292
)
(C:\Program Files\MiKTeX\tex/latex/amsmath\amsopn.sty
Package: amsopn 2022/04/08 v2.04 operator names
)
\inf@bad=\count345
LaTeX Info: Redefining \frac on input line 233.
\uproot@=\count346
\leftroot@=\count347
LaTeX Info: Redefining \overline on input line 398.
LaTeX Info: Redefining \colon on input line 409.
\classnum@=\count348
\DOTSCASE@=\count349
LaTeX Info: Redefining \ldots on input line 495.
LaTeX Info: Redefining \dots on input line 498.
LaTeX Info: Redefining \cdots on input line 619.
\Mathstrutbox@=\box76
\strutbox@=\box77
LaTeX Info: Redefining \big on input line 721.
LaTeX Info: Redefining \Big on input line 722.
LaTeX Info: Redefining \bigg on input line 723.
LaTeX Info: Redefining \Bigg on input line 724.
\big@size=\dimen293
LaTeX Font Info:    Redeclaring font encoding OML on input line 742.
LaTeX Font Info:    Redeclaring font encoding OMS on input line 743.
\macc@depth=\count350
LaTeX Info: Redefining \bmod on input line 904.
LaTeX Info: Redefining \pmod on input line 909.
LaTeX Info: Redefining \smash on input line 939.
LaTeX Info: Redefining \relbar on input line 969.
LaTeX Info: Redefining \Relbar on input line 970.
\c@MaxMatrixCols=\count351
\dotsspace@=\muskip18
\c@parentequation=\count352
\dspbrk@lvl=\count353
\tag@help=\toks36
\row@=\count354
\column@=\count355
\maxfields@=\count356
\andhelp@=\toks37
\eqnshift@=\dimen294
\alignsep@=\dimen295
\tagshift@=\dimen296
\tagwidth@=\dimen297
\totwidth@=\dimen298
\lineht@=\dimen299
\@envbody=\toks38
\multlinegap=\skip62
\multlinetaggap=\skip63
\mathdisplay@stack=\toks39
LaTeX Info: Redefining \[ on input line 2949.
LaTeX Info: Redefining \] on input line 2950.
)
(C:\Program Files\MiKTeX\tex/latex/amscls\amsthm.sty
Package: amsthm 2020/05/29 v2.20.6
\thm@style=\toks40
\thm@bodyfont=\toks41
\thm@headfont=\toks42
\thm@notefont=\toks43
\thm@headpunct=\toks44
\thm@preskip=\skip64
\thm@postskip=\skip65
\thm@headsep=\skip66
\dth@everypar=\toks45
)
\c@theorem=\count357
)
(C:\Program Files\MiKTeX\tex/latex/beamer\beamerbasethemes.sty))
(C:\Program Files\MiKTeX\tex/latex/beamer\beamerthemedefault.sty
(C:\Program Files\MiKTeX\tex/latex/beamer\beamerfontthemedefault.sty)
(C:\Program Files\MiKTeX\tex/latex/beamer\beamercolorthemedefault.sty)
(C:\Program Files\MiKTeX\tex/latex/beamer\beamerinnerthemedefault.sty
\beamer@dima=\dimen300
\beamer@dimb=\dimen301
)
(C:\Program Files\MiKTeX\tex/latex/beamer\beamerouterthemedefault.sty)))
(C:\Program Files\MiKTeX\tex/latex/beamer\beamerthemeMadrid.sty
(C:\Program Files\MiKTeX\tex/latex/beamer\beamercolorthemewhale.sty)
(C:\Program Files\MiKTeX\tex/latex/beamer\beamercolorthemeorchid.sty)
(C:\Program Files\MiKTeX\tex/latex/beamer\beamerinnerthemerounded.sty)
(C:\Program Files\MiKTeX\tex/latex/beamer\beamerouterthemeinfolines.sty))
(C:\Program Files\MiKTeX\tex/latex/beamer\beamerfontthemeserif.sty)
(C:\Program Files\MiKTeX\tex/latex/base\inputenc.sty
Package: inputenc 2024/02/08 v1.3d Input encoding file
\inpenc@prehook=\toks46
\inpenc@posthook=\toks47
)
(C:\Program Files\MiKTeX\tex/generic/babel\babel.sty
Package: babel 2025/10/22 v25.14 The multilingual framework for LuaLaTeX, pdfLa
TeX and XeLaTeX
\babel@savecnt=\count358
LaTeX Encoding Info:    Redeclaring text command \ij (encoding OT1) on input li
ne 2050.
LaTeX Encoding Info:    Redeclaring text command \IJ (encoding OT1) on input li
ne 2052.
LaTeX Encoding Info:    Redeclaring text command \ij (encoding T1) on input lin
e 2054.
LaTeX Encoding Info:    Redeclaring text command \IJ (encoding T1) on input lin
e 2055.
LaTeX Encoding Info:    Ignoring declaration for text command \ij (encoding ?) 
on input line 2056.
LaTeX Encoding Info:    Ignoring declaration for text command \IJ (encoding ?) 
on input line 2058.
LaTeX Encoding Info:    Ignoring declaration for text command \SS (encoding ?) 
on input line 2083.
\U@D=\dimen302
\l@unhyphenated=\language79

(C:\Program Files\MiKTeX\tex/generic/babel\txtbabel.def)
\bbl@readstream=\read3
LaTeX Info: Redefining \textlatin on input line 3942.
\bbl@dirlevel=\count359


Package babel Warning: Configuration files are deprecated, as
(babel)                they can break document portability.
(babel)                Reported on input line 4172.

*************************************
* Local config file bblopts.cfg used
*
(C:\Program Files\MiKTeX\tex/latex/arabi\bblopts.cfg
File: bblopts.cfg 2005/09/08 v0.1 add Arabic and Farsi to "declared" options of
 babel
)
(C:\Program Files\MiKTeX\tex/generic/babel/locale/es\babel-spanish.tex)
Package babel Info: Importing font and identification data for spanish
(babel)             from babel-es.ini. Reported on input line 4295.

(C:\Program Files\MiKTeX\tex/latex/babel-spanish\spanish.ldf
Language: spanish.ldf 2021/05/27 v5.0q Spanish support from the babel system
\es@quottoks=\toks48
\es@quotdepth=\count360
Package babel Info: Making " an active character on input line 570.
Package babel Info: Making . an active character on input line 675.
Package babel Info: Making < an active character on input line 722.
Package babel Info: Making > an active character on input line 722.
))
LaTeX Encoding Info:    Redeclaring text command \guillemotleft (encoding OT1) 
on input line 7.
LaTeX Encoding Info:    Redeclaring text command \guillemotright (encoding OT1)
 on input line 7.

(C:\Program Files\MiKTeX\tex/latex/base\fontenc.sty
Package: fontenc 2024/12/21 v2.1c Standard LaTeX package
)
(C:\Program Files\MiKTeX\tex/latex/listings\listings.sty
\lst@mode=\count361
\lst@gtempboxa=\box78
\lst@token=\toks49
\lst@length=\count362
\lst@currlwidth=\dimen303
\lst@column=\count363
\lst@pos=\count364
\lst@lostspace=\dimen304
\lst@width=\dimen305
\lst@newlines=\count365
\lst@lineno=\count366
\lst@maxwidth=\dimen306

(C:\Program Files\MiKTeX\tex/latex/listings\lstpatch.sty
File: lstpatch.sty 2024/09/23 1.10c (Carsten Heinz)
)
(C:\Program Files\MiKTeX\tex/latex/listings\lstmisc.sty
File: lstmisc.sty 2024/09/23 1.10c (Carsten Heinz)
\c@lstnumber=\count367
\lst@skipnumbers=\count368
\lst@framebox=\box79
)
(C:\Program Files\MiKTeX\tex/latex/listings\listings.cfg
File: listings.cfg 2024/09/23 1.10c listings configuration
))
Package: listings 2024/09/23 1.10c (Carsten Heinz)

(C:\Program Files\MiKTeX\tex/latex/textpos\textpos.sty
Package: textpos 2022/07/23 v1.10.1
Package textpos Info: choosing support for LaTeX3 on input line 60.
\TP@textbox=\box80
\TP@holdbox=\box81
\TPHorizModule=\dimen307
\TPVertModule=\dimen308
\TP@margin=\dimen309
\TP@absmargin=\dimen310

Grid set 16 x 16 = 22.7622pt x 17.07166pt
\TPboxrulesize=\dimen311
\TP@ox=\dimen312
\TP@oy=\dimen313
\TP@tbargs=\toks50
TextBlockOrigin set to 0pt x 0pt
) (C:\Program Files\MiKTeX\tex/latex/tcolorbox\tcolorbox.sty
Package: tcolorbox 2025/09/09 version 6.8.0 text color boxes

(C:\Program Files\MiKTeX\tex/latex/pgf/frontendlayer\tikz.sty
(C:\Program Files\MiKTeX\tex/latex/pgf/basiclayer\pgf.sty
Package: pgf 2025-08-29 v3.1.11a (3.1.11a)

(C:\Program Files\MiKTeX\tex/generic/pgf/modules\pgfmoduleshapes.code.tex
File: pgfmoduleshapes.code.tex 2025-08-29 v3.1.11a (3.1.11a)
\pgfnodeparttextbox=\box82
)
(C:\Program Files\MiKTeX\tex/generic/pgf/modules\pgfmoduleplot.code.tex
File: pgfmoduleplot.code.tex 2025-08-29 v3.1.11a (3.1.11a)
)
(C:\Program Files\MiKTeX\tex/latex/pgf/compatibility\pgfcomp-version-0-65.sty
Package: pgfcomp-version-0-65 2025-08-29 v3.1.11a (3.1.11a)
\pgf@nodesepstart=\dimen314
\pgf@nodesepend=\dimen315
)
(C:\Program Files\MiKTeX\tex/latex/pgf/compatibility\pgfcomp-version-1-18.sty
Package: pgfcomp-version-1-18 2025-08-29 v3.1.11a (3.1.11a)
)) (C:\Program Files\MiKTeX\tex/latex/pgf/utilities\pgffor.sty
(C:\Program Files\MiKTeX\tex/generic/pgf/utilities\pgffor.code.tex
Package: pgffor 2025-08-29 v3.1.11a (3.1.11a)
\pgffor@iter=\dimen316
\pgffor@skip=\dimen317
\pgffor@stack=\toks51
\pgffor@toks=\toks52
))
(C:\Program Files\MiKTeX\tex/generic/pgf/frontendlayer/tikz\tikz.code.tex
Package: tikz 2025-08-29 v3.1.11a (3.1.11a)

(C:\Program Files\MiKTeX\tex/generic/pgf/libraries\pgflibraryplothandlers.code.
tex
File: pgflibraryplothandlers.code.tex 2025-08-29 v3.1.11a (3.1.11a)
\pgf@plot@mark@count=\count369
\pgfplotmarksize=\dimen318
)
\tikz@lastx=\dimen319
\tikz@lasty=\dimen320
\tikz@lastxsaved=\dimen321
\tikz@lastysaved=\dimen322
\tikz@lastmovetox=\dimen323
\tikz@lastmovetoy=\dimen324
\tikzleveldistance=\dimen325
\tikzsiblingdistance=\dimen326
\tikz@figbox=\box83
\tikz@figbox@bg=\box84
\tikz@tempbox=\box85
\tikz@tempbox@bg=\box86
\tikztreelevel=\count370
\tikznumberofchildren=\count371
\tikznumberofcurrentchild=\count372
\tikz@fig@count=\count373
 (C:\Program Files\MiKTeX\tex/generic/pgf/modules\pgfmodulematrix.code.tex
File: pgfmodulematrix.code.tex 2025-08-29 v3.1.11a (3.1.11a)
\pgfmatrixcurrentrow=\count374
\pgfmatrixcurrentcolumn=\count375
\pgf@matrix@numberofcolumns=\count376
)
\tikz@expandcount=\count377

(C:\Program Files\MiKTeX\tex/generic/pgf/frontendlayer/tikz/libraries\tikzlibra
rytopaths.code.tex
File: tikzlibrarytopaths.code.tex 2025-08-29 v3.1.11a (3.1.11a)
))) (C:\Program Files\MiKTeX\tex/latex/tools\verbatim.sty
Package: verbatim 2024-01-22 v1.5x LaTeX2e package for verbatim enhancements
\every@verbatim=\toks53
\verbatim@line=\toks54
\verbatim@in@stream=\read4
)
(C:\Program Files\MiKTeX\tex/latex/environ\environ.sty
Package: environ 2014/05/04 v0.3 A new way to define environments

(C:\Program Files\MiKTeX\tex/latex/trimspaces\trimspaces.sty
Package: trimspaces 2009/09/17 v1.1 Trim spaces around a token list
))
\tcb@titlebox=\box87
\tcb@upperbox=\box88
\tcb@lowerbox=\box89
\tcb@phantombox=\box90
\c@tcbbreakpart=\count378
\c@tcblayer=\count379
\c@tcolorbox@number=\count380
\l__tcobox_tmpa_box=\box91
\l__tcobox_tmpa_dim=\dimen327
\tcb@temp=\box92
\tcb@temp=\box93
\tcb@temp=\box94
\tcb@temp=\box95

(C:\Program Files\MiKTeX\tex/latex/tcolorbox\tcbraster.code.tex
Library (tcolorbox): 'tcbraster.code.tex' version '6.8.0'
\c@tcbrastercolumn=\count381
\c@tcbrasterrow=\count382
\c@tcbrasternum=\count383
\c@tcbraster=\count384
) (C:\Program Files\MiKTeX\tex/latex/tcolorbox\tcbskins.code.tex
Library (tcolorbox): 'tcbskins.code.tex' version '6.8.0'
(C:\Program Files\MiKTeX\tex/latex/tikzfill\tikzfill.image.sty
Package: tikzfill.image 2023/08/08 v1.0.1 Image filling library for TikZ

(C:\Program Files\MiKTeX\tex/latex/tikzfill\tikzfill-common.sty
Package: tikzfill-common 2023/08/08 v1.0.1 Auxiliary code for tikzfill
)
(C:\Program Files\MiKTeX\tex/latex/tikzfill\tikzlibraryfill.image.code.tex
File: tikzlibraryfill.image.code.tex 2023/08/08 v1.0.1 Image filling library
\l__tikzfill_img_box=\box96
))
(C:\Program Files\MiKTeX\tex/latex/tcolorbox\tcbskinsjigsaw.code.tex
Library (tcolorbox): 'tcbskinsjigsaw.code.tex' version '6.8.0'
)) (C:\Program Files\MiKTeX\tex/latex/tcolorbox\tcbbreakable.code.tex
Library (tcolorbox): 'tcbbreakable.code.tex' version '6.8.0'
(C:\Program Files\MiKTeX\tex/latex/pdfcol\pdfcol.sty
Package: pdfcol 2022-09-21 v1.7 Handle new color stacks for pdfTeX (HO)
)
Package pdfcol Info: New color stack `tcb@breakable' = 1 on input line 23.
\tcb@testbox=\box97
\tcb@totalupperbox=\box98
\tcb@totallowerbox=\box99
)
(C:\Program Files\MiKTeX\tex/latex/tcolorbox\tcbhooks.code.tex
Library (tcolorbox): 'tcbhooks.code.tex' version '6.8.0'
) (C:\Program Files\MiKTeX\tex/latex/tcolorbox\tcbtheorems.code.tex
Library (tcolorbox): 'tcbtheorems.code.tex' version '6.8.0'
) (C:\Program Files\MiKTeX\tex/latex/tcolorbox\tcbfitting.code.tex
Library (tcolorbox): 'tcbfitting.code.tex' version '6.8.0'
\tcbfitdim=\dimen328
\tcb@lowerfitdim=\dimen329
\tcb@upperfitdim=\dimen330
\tcb@cur@hbadness=\count385
) (C:\Program Files\MiKTeX\tex/latex/tcolorbox\tcblistingsutf8.code.tex
Library (tcolorbox): 'tcblistingsutf8.code.tex' version '6.8.0'
(C:\Program Files\MiKTeX\tex/latex/tcolorbox\tcblistings.code.tex
Library (tcolorbox): 'tcblistings.code.tex' version '6.8.0'
(C:\Program Files\MiKTeX\tex/latex/tcolorbox\tcblistingscore.code.tex
Library (tcolorbox): 'tcblistingscore.code.tex' version '6.8.0'
(C:\Program Files\MiKTeX\tex/latex/tcolorbox\tcbprocessing.code.tex
Library (tcolorbox): 'tcbprocessing.code.tex' version '6.8.0'
)
\c@tcblisting=\count386
)) (C:\Program Files\MiKTeX\tex/latex/listingsutf8\listingsutf8.sty
Package: listingsutf8 2019-12-10 v1.5 Allow UTF-8 in listings input (HO)
))
(C:\Program Files\MiKTeX\tex/latex/tcolorbox\tcbexternal.code.tex
Library (tcolorbox): 'tcbexternal.code.tex' version '6.8.0'
) (C:\Program Files\MiKTeX\tex/latex/tcolorbox\tcbmagazine.code.tex
Library (tcolorbox): 'tcbmagazine.code.tex' version '6.8.0'
) (C:\Program Files\MiKTeX\tex/latex/tcolorbox\tcbvignette.code.tex
Library (tcolorbox): 'tcbvignette.code.tex' version '6.8.0'

(C:\Program Files\MiKTeX\tex/generic/pgf/frontendlayer/tikz/libraries\tikzlibra
ryfadings.code.tex
File: tikzlibraryfadings.code.tex 2025-08-29 v3.1.11a (3.1.11a)

(C:\Program Files\MiKTeX\tex/generic/pgf/libraries\pgflibraryfadings.code.tex
File: pgflibraryfadings.code.tex 2025-08-29 v3.1.11a (3.1.11a)
))) (C:\Program Files\MiKTeX\tex/latex/tcolorbox\tcbposter.code.tex
Library (tcolorbox): 'tcbposter.code.tex' version '6.8.0'
))
(C:\Program Files\MiKTeX\tex/generic/pgf/frontendlayer/tikz/libraries\tikzlibra
ryshapes.geometric.code.tex
File: tikzlibraryshapes.geometric.code.tex 2025-08-29 v3.1.11a (3.1.11a)

(C:\Program Files\MiKTeX\tex/generic/pgf/libraries/shapes\pgflibraryshapes.geom
etric.code.tex
File: pgflibraryshapes.geometric.code.tex 2025-08-29 v3.1.11a (3.1.11a)
))
(C:\Program Files\MiKTeX\tex/generic/pgf/libraries\pgflibraryarrows.meta.code.t
ex
File: pgflibraryarrows.meta.code.tex 2025-08-29 v3.1.11a (3.1.11a)
\pgfarrowinset=\dimen331
\pgfarrowlength=\dimen332
\pgfarrowwidth=\dimen333
\pgfarrowlinewidth=\dimen334
)
(C:\Program Files\MiKTeX\tex/generic/pgf/frontendlayer/tikz/libraries\tikzlibra
rypositioning.code.tex
File: tikzlibrarypositioning.code.tex 2025-08-29 v3.1.11a (3.1.11a)
)
(C:\Program Files\MiKTeX\tex/generic/pgf/frontendlayer/tikz/libraries\tikzlibra
rycalc.code.tex
File: tikzlibrarycalc.code.tex 2025-08-29 v3.1.11a (3.1.11a)
)
(C:\Program Files\MiKTeX\tex/generic/pgf/frontendlayer/tikz/libraries\tikzlibra
ryautomata.code.tex
File: tikzlibraryautomata.code.tex 2025-08-29 v3.1.11a (3.1.11a)

(C:\Program Files\MiKTeX\tex/generic/pgf/frontendlayer/tikz/libraries\tikzlibra
ryshapes.multipart.code.tex
File: tikzlibraryshapes.multipart.code.tex 2025-08-29 v3.1.11a (3.1.11a)

(C:\Program Files\MiKTeX\tex/generic/pgf/libraries/shapes\pgflibraryshapes.mult
ipart.code.tex
File: pgflibraryshapes.multipart.code.tex 2025-08-29 v3.1.11a (3.1.11a)
\pgfnodepartlowerbox=\box100
\pgfnodeparttwobox=\box101
\pgfnodepartthreebox=\box102
\pgfnodepartfourbox=\box103
\pgfnodeparttwentybox=\box104
\pgfnodepartnineteenbox=\box105
\pgfnodeparteighteenbox=\box106
\pgfnodepartseventeenbox=\box107
\pgfnodepartsixteenbox=\box108
\pgfnodepartfifteenbox=\box109
\pgfnodepartfourteenbox=\box110
\pgfnodepartthirteenbox=\box111
\pgfnodeparttwelvebox=\box112
\pgfnodepartelevenbox=\box113
\pgfnodeparttenbox=\box114
\pgfnodepartninebox=\box115
\pgfnodeparteightbox=\box116
\pgfnodepartsevenbox=\box117
\pgfnodepartsixbox=\box118
\pgfnodepartfivebox=\box119
)))
(C:\Program Files\MiKTeX\tex/generic/pgf/frontendlayer/tikz/libraries\tikzlibra
ryshapes.code.tex
File: tikzlibraryshapes.code.tex 2025-08-29 v3.1.11a (3.1.11a)

(C:\Program Files\MiKTeX\tex/generic/pgf/frontendlayer/tikz/libraries\tikzlibra
ryshapes.misc.code.tex
File: tikzlibraryshapes.misc.code.tex 2025-08-29 v3.1.11a (3.1.11a)

(C:\Program Files\MiKTeX\tex/generic/pgf/libraries/shapes\pgflibraryshapes.misc
.code.tex
File: pgflibraryshapes.misc.code.tex 2025-08-29 v3.1.11a (3.1.11a)
))
(C:\Program Files\MiKTeX\tex/generic/pgf/frontendlayer/tikz/libraries\tikzlibra
ryshapes.symbols.code.tex
File: tikzlibraryshapes.symbols.code.tex 2025-08-29 v3.1.11a (3.1.11a)

(C:\Program Files\MiKTeX\tex/generic/pgf/libraries/shapes\pgflibraryshapes.symb
ols.code.tex
File: pgflibraryshapes.symbols.code.tex 2025-08-29 v3.1.11a (3.1.11a)
))
(C:\Program Files\MiKTeX\tex/generic/pgf/frontendlayer/tikz/libraries\tikzlibra
ryshapes.arrows.code.tex
File: tikzlibraryshapes.arrows.code.tex 2025-08-29 v3.1.11a (3.1.11a)

(C:\Program Files\MiKTeX\tex/generic/pgf/libraries/shapes\pgflibraryshapes.arro
ws.code.tex
File: pgflibraryshapes.arrows.code.tex 2025-08-29 v3.1.11a (3.1.11a)
))
(C:\Program Files\MiKTeX\tex/generic/pgf/frontendlayer/tikz/libraries\tikzlibra
ryshapes.callouts.code.tex
(C:\Program Files\MiKTeX\tex/generic/pgf/libraries/shapes\pgflibraryshapes.call
outs.code.tex)))
(C:\Program Files\MiKTeX\tex/generic/pgf/frontendlayer/tikz/libraries\tikzlibra
ryarrows.code.tex
File: tikzlibraryarrows.code.tex 2025-08-29 v3.1.11a (3.1.11a)

(C:\Program Files\MiKTeX\tex/generic/pgf/libraries\pgflibraryarrows.code.tex
File: pgflibraryarrows.code.tex 2025-08-29 v3.1.11a (3.1.11a)
\arrowsize=\dimen335
))
(C:\Program Files\MiKTeX\tex/latex/l3backend\l3backend-pdftex.def
File: l3backend-pdftex.def 2025-10-09 L3 backend support: PDF output (pdfTeX)
\l__color_backend_stack_int=\count387
)
(Presentation_01.aux
LaTeX Info: Redefining \. on input line 12.
LaTeX Info: Redefining \% on input line 12.
Package babel Info: 'spanish' activates 'spanish' shorthands.
(babel)             Reported on input line 12.
)
\openout1 = `Presentation_01.aux'.

LaTeX Font Info:    Checking defaults for OML/cmm/m/it on input line 125.
LaTeX Font Info:    ... okay on input line 125.
LaTeX Font Info:    Checking defaults for OMS/cmsy/m/n on input line 125.
LaTeX Font Info:    ... okay on input line 125.
LaTeX Font Info:    Checking defaults for OT1/cmr/m/n on input line 125.
LaTeX Font Info:    ... okay on input line 125.
LaTeX Font Info:    Checking defaults for T1/cmr/m/n on input line 125.
LaTeX Font Info:    ... okay on input line 125.
LaTeX Font Info:    Checking defaults for TS1/cmr/m/n on input line 125.
LaTeX Font Info:    ... okay on input line 125.
LaTeX Font Info:    Checking defaults for OMX/cmex/m/n on input line 125.
LaTeX Font Info:    ... okay on input line 125.
LaTeX Font Info:    Checking defaults for U/cmr/m/n on input line 125.
LaTeX Font Info:    ... okay on input line 125.
LaTeX Font Info:    Checking defaults for PD1/pdf/m/n on input line 125.
LaTeX Font Info:    ... okay on input line 125.
LaTeX Font Info:    Checking defaults for PU/pdf/m/n on input line 125.
LaTeX Font Info:    ... okay on input line 125.

*geometry* driver: auto-detecting
*geometry* detected driver: pdftex
*geometry* verbose mode - [ preamble ] result:
* driver: pdftex
* paper: custom
* layout: <same size as paper>
* layoutoffset:(h,v)=(0.0pt,0.0pt)
* modes: includehead includefoot 
* h-part:(L,W,R)=(10.95003pt, 342.2953pt, 10.95003pt)
* v-part:(T,H,B)=(0.0pt, 273.14662pt, 0.0pt)
* \paperwidth=364.19536pt
* \paperheight=273.14662pt
* \textwidth=342.2953pt
* \textheight=244.6939pt
* \oddsidemargin=-61.31996pt
* \evensidemargin=-61.31996pt
* \topmargin=-72.26999pt
* \headheight=14.22636pt
* \headsep=0.0pt
* \topskip=11.0pt
* \footskip=14.22636pt
* \marginparwidth=4.0pt
* \marginparsep=10.0pt
* \columnsep=10.0pt
* \skip\footins=10.0pt plus 4.0pt minus 2.0pt
* \hoffset=0.0pt
* \voffset=0.0pt
* \mag=1000
* \@twocolumnfalse
* \@twosidefalse
* \@mparswitchfalse
* \@reversemarginfalse
* (1in=72.27pt=25.4mm, 1cm=28.453pt)

(C:\Program Files\MiKTeX\tex/context/base/mkii\supp-pdf.mkii
[Loading MPS to PDF converter (version 2006.09.02).]
\scratchcounter=\count388
\scratchdimen=\dimen336
\scratchbox=\box120
\nofMPsegments=\count389
\nofMParguments=\count390
\everyMPshowfont=\toks55
\MPscratchCnt=\count391
\MPscratchDim=\dimen337
\MPnumerator=\count392
\makeMPintoPDFobject=\count393
\everyMPtoPDFconversion=\toks56
) (C:\Program Files\MiKTeX\tex/latex/epstopdf-pkg\epstopdf-base.sty
Package: epstopdf-base 2020-01-24 v2.11 Base part for package epstopdf
Package epstopdf-base Info: Redefining graphics rule for `.eps' on input line 4
85.

(C:\Program Files\MiKTeX\tex/latex/00miktex\epstopdf-sys.cfg
File: epstopdf-sys.cfg 2021/03/18 v2.0 Configuration of epstopdf for MiKTeX
))
Package hyperref Info: Link coloring OFF on input line 125.

(Presentation_01.out) (Presentation_01.out)
\@outlinefile=\write5
\openout5 = `Presentation_01.out'.


(C:\Program Files\MiKTeX\tex/latex/translator\translator-basic-dictionary-Engli
sh.dict
Dictionary: translator-basic-dictionary, Language: English 
)
(C:\Program Files\MiKTeX\tex/latex/translator\translator-bibliography-dictionar
y-English.dict
Dictionary: translator-bibliography-dictionary, Language: English 
)
(C:\Program Files\MiKTeX\tex/latex/translator\translator-environment-dictionary
-English.dict
Dictionary: translator-environment-dictionary, Language: English 
)
(C:\Program Files\MiKTeX\tex/latex/translator\translator-months-dictionary-Engl
ish.dict
Dictionary: translator-months-dictionary, Language: English 
)
(C:\Program Files\MiKTeX\tex/latex/translator\translator-numbers-dictionary-Eng
lish.dict
Dictionary: translator-numbers-dictionary, Language: English 
)
(C:\Program Files\MiKTeX\tex/latex/translator\translator-theorem-dictionary-Eng
lish.dict
Dictionary: translator-theorem-dictionary, Language: English 
)
LaTeX Info: Redefining \. on input line 125.
LaTeX Info: Redefining \% on input line 125.
\c@lstlisting=\count394
 (Presentation_01.nav)
Overfull \hbox (203.4569pt too wide) in paragraph at lines 125--125
 [][][][]  
 []


Overfull \hbox (203.4569pt too wide) in paragraph at lines 129--129
 [][][][]  
 []



<images/IB.png, id=74, 301.125pt x 301.125pt>
File: images/IB.png Graphic file (type png)
<use images/IB.png>
Package pdftex.def Info: images/IB.png  used on input line 129.
(pdftex.def)             Requested size: 24.09048pt x 24.09048pt.

Overfull \hbox (203.4569pt too wide) has occurred while \output is active
 [][][][]  
 []

[1

{C:/Users/Leonardo Ortiz/AppData/Local/MiKTeX/fonts/map/pdftex/pdftex.map} <./i
mages/IB.png>]
Overfull \hbox (203.4569pt too wide) in paragraph at lines 133--133
 [][][][]  
 []

(Presentation_01.toc
LaTeX Info: Redefining \. on input line 1.
LaTeX Info: Redefining \% on input line 1.
)

File: images/IB.png Graphic file (type png)
<use images/IB.png>
Package pdftex.def Info: images/IB.png  used on input line 133.
(pdftex.def)             Requested size: 24.09048pt x 24.09048pt.

Overfull \hbox (203.4569pt too wide) has occurred while \output is active
 [][][][]  
 []

[2

]
Overfull \hbox (203.4569pt too wide) in paragraph at lines 142--142
 [][][][]  
 []



File: images/IB.png Graphic file (type png)
<use images/IB.png>
Package pdftex.def Info: images/IB.png  used on input line 142.
(pdftex.def)             Requested size: 24.09048pt x 24.09048pt.

Overfull \hbox (203.4569pt too wide) has occurred while \output is active
 [][][][]  
 []

[3

]
Overfull \hbox (203.4569pt too wide) in paragraph at lines 156--156
 [][][][]  
 []



File: images/IB.png Graphic file (type png)
<use images/IB.png>
Package pdftex.def Info: images/IB.png  used on input line 156.
(pdftex.def)             Requested size: 24.09048pt x 24.09048pt.

Overfull \hbox (203.4569pt too wide) has occurred while \output is active
 [][][][]  
 []

[4

]
Overfull \hbox (203.4569pt too wide) in paragraph at lines 173--173
 [][][][]  
 []



File: images/IB.png Graphic file (type png)
<use images/IB.png>
Package pdftex.def Info: images/IB.png  used on input line 173.
(pdftex.def)             Requested size: 24.09048pt x 24.09048pt.

Overfull \hbox (203.4569pt too wide) has occurred while \output is active
 [][][][]  
 []

[5

]
Overfull \hbox (203.4569pt too wide) in paragraph at lines 180--180
 [][][][]  
 []

<images/Simulation_tools/technology.png, id=127, 1541.76pt x 1027.84pt>
File: images/Simulation_tools/technology.png Graphic file (type png)
<use images/Simulation_tools/technology.png>
Package pdftex.def Info: images/Simulation_tools/technology.png  used on input 
line 180.
(pdftex.def)             Requested size: 308.06367pt x 205.37614pt.


File: images/IB.png Graphic file (type png)
<use images/IB.png>
Package pdftex.def Info: images/IB.png  used on input line 180.
(pdftex.def)             Requested size: 24.09048pt x 24.09048pt.

Overfull \hbox (203.4569pt too wide) has occurred while \output is active
 [][][][]  
 []

[6

 <./images/Simulation_tools/technology.png (PNG copy)>]
Overfull \hbox (203.4569pt too wide) in paragraph at lines 190--190
 [][][][]  
 []

<images/Simulation_tools/automotive.png, id=135, 672.5125pt x 377.41pt>
File: images/Simulation_tools/automotive.png Graphic file (type png)
<use images/Simulation_tools/automotive.png>
Package pdftex.def Info: images/Simulation_tools/automotive.png  used on input 
line 190.
(pdftex.def)             Requested size: 308.06367pt x 172.88509pt.


File: images/IB.png Graphic file (type png)
<use images/IB.png>
Package pdftex.def Info: images/IB.png  used on input line 190.
(pdftex.def)             Requested size: 24.09048pt x 24.09048pt.

Overfull \hbox (203.4569pt too wide) has occurred while \output is active
 [][][][]  
 []

[7

 <./images/Simulation_tools/automotive.png>]
Overfull \hbox (203.4569pt too wide) in paragraph at lines 259--259
 [][][][]  
 []



File: images/IB.png Graphic file (type png)
<use images/IB.png>
Package pdftex.def Info: images/IB.png  used on input line 259.
(pdftex.def)             Requested size: 24.09048pt x 24.09048pt.

Overfull \hbox (203.4569pt too wide) has occurred while \output is active
 [][][][]  
 []

[8

]
Overfull \hbox (203.4569pt too wide) in paragraph at lines 271--271
 [][][][]  
 []

<images/Simulation_tools/Ansys_Lumerical.png, id=153, 606.01407pt x 350.05782pt
>
File: images/Simulation_tools/Ansys_Lumerical.png Graphic file (type png)
<use images/Simulation_tools/Ansys_Lumerical.png>
Package pdftex.def Info: images/Simulation_tools/Ansys_Lumerical.png  used on i
nput line 271.
(pdftex.def)             Requested size: 171.14764pt x 98.85945pt.
<images/Simulation_tools/siemens-electric-motors-design-and-simulation.png, id=
154, 1003.75pt x 1003.75pt>
File: images/Simulation_tools/siemens-electric-motors-design-and-simulation.png
 Graphic file (type png)
<use images/Simulation_tools/siemens-electric-motors-design-and-simulation.png>

Package pdftex.def Info: images/Simulation_tools/siemens-electric-motors-design
-and-simulation.png  used on input line 271.
(pdftex.def)             Requested size: 136.91603pt x 136.90947pt.
<images/Simulation_tools/Ansys.png, id=155, 1192.455pt x 526.21594pt>
File: images/Simulation_tools/Ansys.png Graphic file (type png)
<use images/Simulation_tools/Ansys.png>
Package pdftex.def Info: images/Simulation_tools/Ansys.png  used on input line 
271.
(pdftex.def)             Requested size: 188.26346pt x 83.07214pt.
<images/Simulation_tools/PSpice_Product.png, id=156, 760.34062pt x 417.05812pt>

File: images/Simulation_tools/PSpice_Product.png Graphic file (type png)
<use images/Simulation_tools/PSpice_Product.png>
Package pdftex.def Info: images/Simulation_tools/PSpice_Product.png  used on in
put line 271.
(pdftex.def)             Requested size: 171.14764pt x 93.87221pt.


File: images/IB.png Graphic file (type png)
<use images/IB.png>
Package pdftex.def Info: images/IB.png  used on input line 271.
(pdftex.def)             Requested size: 24.09048pt x 24.09048pt.

Overfull \hbox (203.4569pt too wide) has occurred while \output is active
 [][][][]  
 []

[9

 <./images/Simulation_tools/Ansys_Lumerical.png> <./images/Simulation_tools/sie
mens-electric-motors-design-and-simulation.png> <./images/Simulation_tools/Ansy
s.png> <./images/Simulation_tools/PSpice_Product.png>]
Overfull \hbox (203.4569pt too wide) in paragraph at lines 280--280
 [][][][]  
 []



File: images/IB.png Graphic file (type png)
<use images/IB.png>
Package pdftex.def Info: images/IB.png  used on input line 280.
(pdftex.def)             Requested size: 24.09048pt x 24.09048pt.

Overfull \hbox (203.4569pt too wide) has occurred while \output is active
 [][][][]  
 []

[10

]
Overfull \hbox (203.4569pt too wide) in paragraph at lines 354--354
 [][][][]  
 []



File: images/IB.png Graphic file (type png)
<use images/IB.png>
Package pdftex.def Info: images/IB.png  used on input line 354.
(pdftex.def)             Requested size: 24.09048pt x 24.09048pt.

Overfull \hbox (203.4569pt too wide) has occurred while \output is active
 [][][][]  
 []

[11

]
Overfull \hbox (203.4569pt too wide) in paragraph at lines 404--404
 [][][][]  
 []



File: images/IB.png Graphic file (type png)
<use images/IB.png>
Package pdftex.def Info: images/IB.png  used on input line 404.
(pdftex.def)             Requested size: 24.09048pt x 24.09048pt.

Overfull \hbox (203.4569pt too wide) has occurred while \output is active
 [][][][]  
 []

[12

]
Overfull \hbox (203.4569pt too wide) in paragraph at lines 424--424
 [][][][]  
 []



File: images/IB.png Graphic file (type png)
<use images/IB.png>
Package pdftex.def Info: images/IB.png  used on input line 424.
(pdftex.def)             Requested size: 24.09048pt x 24.09048pt.

Overfull \hbox (203.4569pt too wide) has occurred while \output is active
 [][][][]  
 []

[13

]
Overfull \hbox (203.4569pt too wide) in paragraph at lines 442--442
 [][][][]  
 []



File: images/IB.png Graphic file (type png)
<use images/IB.png>
Package pdftex.def Info: images/IB.png  used on input line 442.
(pdftex.def)             Requested size: 24.09048pt x 24.09048pt.

Overfull \hbox (203.4569pt too wide) has occurred while \output is active
 [][][][]  
 []

[14

]
Overfull \hbox (203.4569pt too wide) in paragraph at lines 464--464
 [][][][]  
 []



File: images/IB.png Graphic file (type png)
<use images/IB.png>
Package pdftex.def Info: images/IB.png  used on input line 464.
(pdftex.def)             Requested size: 24.09048pt x 24.09048pt.

Overfull \hbox (203.4569pt too wide) has occurred while \output is active
 [][][][]  
 []

[15

]
Overfull \hbox (203.4569pt too wide) in paragraph at lines 500--500
 [][][][]  
 []

LaTeX Font Info:    Trying to load font information for U+msa on input line 500
.
(C:\Program Files\MiKTeX\tex/latex/amsfonts\umsa.fd
File: umsa.fd 2013/01/14 v3.01 AMS symbols A
)
LaTeX Font Info:    Trying to load font information for U+msb on input line 500
.

(C:\Program Files\MiKTeX\tex/latex/amsfonts\umsb.fd
File: umsb.fd 2013/01/14 v3.01 AMS symbols B
)

File: images/IB.png Graphic file (type png)
<use images/IB.png>
Package pdftex.def Info: images/IB.png  used on input line 500.
(pdftex.def)             Requested size: 24.09048pt x 24.09048pt.

Overfull \hbox (203.4569pt too wide) has occurred while \output is active
 [][][][]  
 []

[16

]
Overfull \hbox (203.4569pt too wide) in paragraph at lines 503--503
 [][][][]  
 []

\openout4 = `Presentation_01.vrb'.


Overfull \hbox (203.4569pt too wide) in paragraph at lines 530--530
 [][][][]  
 []

(Presentation_01.vrb)
Overfull \vbox (13.8452pt too high) detected at line 530
 []



File: images/IB.png Graphic file (type png)
<use images/IB.png>
Package pdftex.def Info: images/IB.png  used on input line 530.
(pdftex.def)             Requested size: 24.09048pt x 24.09048pt.

Overfull \hbox (203.4569pt too wide) has occurred while \output is active
 [][][][]  
 []

[17

]
Overfull \hbox (203.4569pt too wide) in paragraph at lines 532--532
 [][][][]  
 []

\openout4 = `Presentation_01.vrb'.


Overfull \hbox (203.4569pt too wide) in paragraph at lines 568--568
 [][][][]  
 []

(Presentation_01.vrb)
Overfull \vbox (31.4452pt too high) detected at line 568
 []



File: images/IB.png Graphic file (type png)
<use images/IB.png>
Package pdftex.def Info: images/IB.png  used on input line 568.
(pdftex.def)             Requested size: 24.09048pt x 24.09048pt.

Overfull \hbox (203.4569pt too wide) has occurred while \output is active
 [][][][]  
 []

[18

]
Overfull \hbox (203.4569pt too wide) in paragraph at lines 570--570
 [][][][]  
 []

\openout4 = `Presentation_01.vrb'.


Overfull \hbox (203.4569pt too wide) in paragraph at lines 595--595
 [][][][]  
 []

(Presentation_01.vrb)
Overfull \vbox (12.84523pt too high) detected at line 595
 []



File: images/IB.png Graphic file (type png)
<use images/IB.png>
Package pdftex.def Info: images/IB.png  used on input line 595.
(pdftex.def)             Requested size: 24.09048pt x 24.09048pt.

Overfull \hbox (203.4569pt too wide) has occurred while \output is active
 [][][][]  
 []

[19

]
Overfull \hbox (203.4569pt too wide) in paragraph at lines 597--597
 [][][][]  
 []

\openout4 = `Presentation_01.vrb'.


Overfull \hbox (203.4569pt too wide) in paragraph at lines 619--619
 [][][][]  
 []

(Presentation_01.vrb)

File: images/IB.png Graphic file (type png)
<use images/IB.png>
Package pdftex.def Info: images/IB.png  used on input line 619.
(pdftex.def)             Requested size: 24.09048pt x 24.09048pt.

Overfull \hbox (203.4569pt too wide) has occurred while \output is active
 [][][][]  
 []

[20

]
Overfull \hbox (203.4569pt too wide) in paragraph at lines 621--621
 [][][][]  
 []

\openout4 = `Presentation_01.vrb'.


Overfull \hbox (203.4569pt too wide) in paragraph at lines 640--640
 [][][][]  
 []

(Presentation_01.vrb)

File: images/IB.png Graphic file (type png)
<use images/IB.png>
Package pdftex.def Info: images/IB.png  used on input line 640.
(pdftex.def)             Requested size: 24.09048pt x 24.09048pt.

Overfull \hbox (203.4569pt too wide) has occurred while \output is active
 [][][][]  
 []

[21

]
Overfull \hbox (203.4569pt too wide) in paragraph at lines 642--642
 [][][][]  
 []

\openout4 = `Presentation_01.vrb'.


Overfull \hbox (203.4569pt too wide) in paragraph at lines 650--650
 [][][][]  
 []

(Presentation_01.vrb)

File: images/IB.png Graphic file (type png)
<use images/IB.png>
Package pdftex.def Info: images/IB.png  used on input line 650.
(pdftex.def)             Requested size: 24.09048pt x 24.09048pt.

Overfull \hbox (203.4569pt too wide) has occurred while \output is active
 [][][][]  
 []

[22

] (C:\Program Files\MiKTeX\tex/latex/listings\lstlang1.sty
File: lstlang1.sty 2024/09/23 1.10c listings language file
)
(C:\Program Files\MiKTeX\tex/latex/listings\lstlang2.sty
File: lstlang2.sty 2024/09/23 1.10c listings language file
)
(C:\Program Files\MiKTeX\tex/latex/listings\lstlang3.sty
File: lstlang3.sty 2024/09/23 1.10c listings language file
)
Overfull \hbox (203.4569pt too wide) in paragraph at lines 675--675
 [][][][]  
 []

\openout4 = `Presentation_01.vrb'.


Overfull \hbox (203.4569pt too wide) in paragraph at lines 698--698
 [][][][]  
 []

(Presentation_01.vrb
LaTeX Font Info:    Font shape `T1/cmtt/bx/n' in size <9> not available
(Font)              Font shape `T1/cmtt/m/n' tried instead on input line 3.
)
Overfull \vbox (5.84557pt too high) detected at line 698
 []



File: images/IB.png Graphic file (type png)
<use images/IB.png>
Package pdftex.def Info: images/IB.png  used on input line 698.
(pdftex.def)             Requested size: 24.09048pt x 24.09048pt.

Overfull \hbox (203.4569pt too wide) has occurred while \output is active
 [][][][]  
 []

[23

]
Overfull \hbox (203.4569pt too wide) in paragraph at lines 701--701
 [][][][]  
 []

\openout4 = `Presentation_01.vrb'.


Overfull \hbox (203.4569pt too wide) in paragraph at lines 738--738
 [][][][]  
 []

(Presentation_01.vrb)

File: images/IB.png Graphic file (type png)
<use images/IB.png>
Package pdftex.def Info: images/IB.png  used on input line 738.
(pdftex.def)             Requested size: 24.09048pt x 24.09048pt.

Overfull \hbox (203.4569pt too wide) has occurred while \output is active
 [][][][]  
 []

[24

]
Overfull \hbox (203.4569pt too wide) in paragraph at lines 741--741
 [][][][]  
 []

\openout4 = `Presentation_01.vrb'.


Overfull \hbox (203.4569pt too wide) in paragraph at lines 763--763
 [][][][]  
 []

(Presentation_01.vrb)
Overfull \vbox (12.84557pt too high) detected at line 763
 []



File: images/IB.png Graphic file (type png)
<use images/IB.png>
Package pdftex.def Info: images/IB.png  used on input line 763.
(pdftex.def)             Requested size: 24.09048pt x 24.09048pt.

Overfull \hbox (203.4569pt too wide) has occurred while \output is active
 [][][][]  
 []

[25

]
Overfull \hbox (203.4569pt too wide) in paragraph at lines 765--765
 [][][][]  
 []

\openout4 = `Presentation_01.vrb'.


Overfull \hbox (203.4569pt too wide) in paragraph at lines 786--786
 [][][][]  
 []

(Presentation_01.vrb)
Overfull \vbox (12.84557pt too high) detected at line 786
 []



File: images/IB.png Graphic file (type png)
<use images/IB.png>
Package pdftex.def Info: images/IB.png  used on input line 786.
(pdftex.def)             Requested size: 24.09048pt x 24.09048pt.

Overfull \hbox (203.4569pt too wide) has occurred while \output is active
 [][][][]  
 []

[26

]
Overfull \hbox (203.4569pt too wide) in paragraph at lines 835--835
 [][][][]  
 []

\openout4 = `Presentation_01.vrb'.


Overfull \hbox (203.4569pt too wide) in paragraph at lines 858--858
 [][][][]  
 []

(Presentation_01.vrb)
Overfull \vbox (5.84557pt too high) detected at line 858
 []



File: images/IB.png Graphic file (type png)
<use images/IB.png>
Package pdftex.def Info: images/IB.png  used on input line 858.
(pdftex.def)             Requested size: 24.09048pt x 24.09048pt.

Overfull \hbox (203.4569pt too wide) has occurred while \output is active
 [][][][]  
 []

[27

]
Overfull \hbox (203.4569pt too wide) in paragraph at lines 860--860
 [][][][]  
 []

\openout4 = `Presentation_01.vrb'.


Overfull \hbox (203.4569pt too wide) in paragraph at lines 876--876
 [][][][]  
 []

(Presentation_01.vrb)

File: images/IB.png Graphic file (type png)
<use images/IB.png>
Package pdftex.def Info: images/IB.png  used on input line 876.
(pdftex.def)             Requested size: 24.09048pt x 24.09048pt.

Overfull \hbox (203.4569pt too wide) has occurred while \output is active
 [][][][]  
 []

[28

]
Overfull \hbox (203.4569pt too wide) in paragraph at lines 879--879
 [][][][]  
 []

\openout4 = `Presentation_01.vrb'.


Overfull \hbox (203.4569pt too wide) in paragraph at lines 900--900
 [][][][]  
 []

(Presentation_01.vrb)
Overfull \vbox (29.17421pt too high) detected at line 900
 []



File: images/IB.png Graphic file (type png)
<use images/IB.png>
Package pdftex.def Info: images/IB.png  used on input line 900.
(pdftex.def)             Requested size: 24.09048pt x 24.09048pt.

Overfull \hbox (203.4569pt too wide) has occurred while \output is active
 [][][][]  
 []

[29

]
Overfull \hbox (203.4569pt too wide) in paragraph at lines 903--903
 [][][][]  
 []

\openout4 = `Presentation_01.vrb'.


Overfull \hbox (203.4569pt too wide) in paragraph at lines 911--911
 [][][][]  
 []

(Presentation_01.vrb)

File: images/IB.png Graphic file (type png)
<use images/IB.png>
Package pdftex.def Info: images/IB.png  used on input line 911.
(pdftex.def)             Requested size: 24.09048pt x 24.09048pt.

Overfull \hbox (203.4569pt too wide) has occurred while \output is active
 [][][][]  
 []

[30

] (C:\Program Files\MiKTeX\tex/latex/listings\lstlang1.sty
File: lstlang1.sty 2024/09/23 1.10c listings language file
)
(C:\Program Files\MiKTeX\tex/latex/listings\lstlang1.sty
File: lstlang1.sty 2024/09/23 1.10c listings language file
)
(C:\Program Files\MiKTeX\tex/latex/listings\lstmisc.sty
File: lstmisc.sty 2024/09/23 1.10c (Carsten Heinz)
)
Overfull \hbox (203.4569pt too wide) in paragraph at lines 945--945
 [][][][]  
 []

\openout4 = `Presentation_01.vrb'.


Overfull \hbox (203.4569pt too wide) in paragraph at lines 964--964
 [][][][]  
 []

(Presentation_01.vrb)

File: images/IB.png Graphic file (type png)
<use images/IB.png>
Package pdftex.def Info: images/IB.png  used on input line 964.
(pdftex.def)             Requested size: 24.09048pt x 24.09048pt.

Overfull \hbox (203.4569pt too wide) has occurred while \output is active
 [][][][]  
 []

[31

]
Overfull \hbox (203.4569pt too wide) in paragraph at lines 966--966
 [][][][]  
 []

\openout4 = `Presentation_01.vrb'.


Overfull \hbox (203.4569pt too wide) in paragraph at lines 978--978
 [][][][]  
 []

(Presentation_01.vrb)

File: images/IB.png Graphic file (type png)
<use images/IB.png>
Package pdftex.def Info: images/IB.png  used on input line 978.
(pdftex.def)             Requested size: 24.09048pt x 24.09048pt.

Overfull \hbox (203.4569pt too wide) has occurred while \output is active
 [][][][]  
 []

[32

]
Overfull \hbox (203.4569pt too wide) in paragraph at lines 980--980
 [][][][]  
 []

\openout4 = `Presentation_01.vrb'.


Overfull \hbox (203.4569pt too wide) in paragraph at lines 999--999
 [][][][]  
 []

(Presentation_01.vrb)

File: images/IB.png Graphic file (type png)
<use images/IB.png>
Package pdftex.def Info: images/IB.png  used on input line 999.
(pdftex.def)             Requested size: 24.09048pt x 24.09048pt.

Overfull \hbox (203.4569pt too wide) has occurred while \output is active
 [][][][]  
 []

[33

]
Overfull \hbox (203.4569pt too wide) in paragraph at lines 1001--1001
 [][][][]  
 []

\openout4 = `Presentation_01.vrb'.


Overfull \hbox (203.4569pt too wide) in paragraph at lines 1019--1019
 [][][][]  
 []

(Presentation_01.vrb)

File: images/IB.png Graphic file (type png)
<use images/IB.png>
Package pdftex.def Info: images/IB.png  used on input line 1019.
(pdftex.def)             Requested size: 24.09048pt x 24.09048pt.

Overfull \hbox (203.4569pt too wide) has occurred while \output is active
 [][][][]  
 []

[34

]
Overfull \hbox (203.4569pt too wide) in paragraph at lines 1021--1021
 [][][][]  
 []

\openout4 = `Presentation_01.vrb'.


Overfull \hbox (203.4569pt too wide) in paragraph at lines 1047--1047
 [][][][]  
 []

(Presentation_01.vrb)
Overfull \vbox (56.84557pt too high) detected at line 1047
 []



File: images/IB.png Graphic file (type png)
<use images/IB.png>
Package pdftex.def Info: images/IB.png  used on input line 1047.
(pdftex.def)             Requested size: 24.09048pt x 24.09048pt.

Overfull \hbox (203.4569pt too wide) has occurred while \output is active
 [][][][]  
 []

[35

]
Overfull \hbox (203.4569pt too wide) in paragraph at lines 1049--1049
 [][][][]  
 []

\openout4 = `Presentation_01.vrb'.


Overfull \hbox (203.4569pt too wide) in paragraph at lines 1076--1076
 [][][][]  
 []

(Presentation_01.vrb)
Overfull \vbox (78.84557pt too high) detected at line 1076
 []



File: images/IB.png Graphic file (type png)
<use images/IB.png>
Package pdftex.def Info: images/IB.png  used on input line 1076.
(pdftex.def)             Requested size: 24.09048pt x 24.09048pt.

Overfull \hbox (203.4569pt too wide) has occurred while \output is active
 [][][][]  
 []

[36

]
Overfull \hbox (203.4569pt too wide) in paragraph at lines 1095--1095
 [][][][]  
 []

\openout4 = `Presentation_01.vrb'.


Overfull \hbox (203.4569pt too wide) in paragraph at lines 1143--1143
 [][][][]  
 []

(Presentation_01.vrb)
Overfull \vbox (2.94525pt too high) detected at line 1143
 []



File: images/IB.png Graphic file (type png)
<use images/IB.png>
Package pdftex.def Info: images/IB.png  used on input line 1143.
(pdftex.def)             Requested size: 24.09048pt x 24.09048pt.

Overfull \hbox (203.4569pt too wide) has occurred while \output is active
 [][][][]  
 []

[37

]
Overfull \hbox (203.4569pt too wide) in paragraph at lines 1146--1146
 [][][][]  
 []

\openout4 = `Presentation_01.vrb'.


Overfull \hbox (203.4569pt too wide) in paragraph at lines 1164--1164
 [][][][]  
 []

(Presentation_01.vrb)

File: images/IB.png Graphic file (type png)
<use images/IB.png>
Package pdftex.def Info: images/IB.png  used on input line 1164.
(pdftex.def)             Requested size: 24.09048pt x 24.09048pt.

Overfull \hbox (203.4569pt too wide) has occurred while \output is active
 [][][][]  
 []

[38

]
Overfull \hbox (203.4569pt too wide) in paragraph at lines 1167--1167
 [][][][]  
 []

\openout4 = `Presentation_01.vrb'.


Overfull \hbox (203.4569pt too wide) in paragraph at lines 1188--1188
 [][][][]  
 []

(Presentation_01.vrb

Package Listings Warning: Text dropped after begin of listing on input line 3.

)

File: images/IB.png Graphic file (type png)
<use images/IB.png>
Package pdftex.def Info: images/IB.png  used on input line 1188.
(pdftex.def)             Requested size: 24.09048pt x 24.09048pt.

Overfull \hbox (203.4569pt too wide) has occurred while \output is active
 [][][][]  
 []

[39

]
Overfull \hbox (203.4569pt too wide) in paragraph at lines 1212--1212
 [][][][]  
 []



File: images/IB.png Graphic file (type png)
<use images/IB.png>
Package pdftex.def Info: images/IB.png  used on input line 1212.
(pdftex.def)             Requested size: 24.09048pt x 24.09048pt.

Overfull \hbox (203.4569pt too wide) has occurred while \output is active
 [][][][]  
 []

[40

]
Overfull \hbox (203.4569pt too wide) in paragraph at lines 1252--1252
 [][][][]  
 []



File: images/IB.png Graphic file (type png)
<use images/IB.png>
Package pdftex.def Info: images/IB.png  used on input line 1252.
(pdftex.def)             Requested size: 24.09048pt x 24.09048pt.

Overfull \hbox (203.4569pt too wide) has occurred while \output is active
 [][][][]  
 []

[41

]
Overfull \hbox (203.4569pt too wide) in paragraph at lines 1261--1261
 [][][][]  
 []



File: images/IB.png Graphic file (type png)
<use images/IB.png>
Package pdftex.def Info: images/IB.png  used on input line 1261.
(pdftex.def)             Requested size: 24.09048pt x 24.09048pt.

Overfull \hbox (203.4569pt too wide) has occurred while \output is active
 [][][][]  
 []

[42

]
Overfull \hbox (203.4569pt too wide) in paragraph at lines 1272--1272
 [][][][]  
 []



File: images/IB.png Graphic file (type png)
<use images/IB.png>
Package pdftex.def Info: images/IB.png  used on input line 1272.
(pdftex.def)             Requested size: 24.09048pt x 24.09048pt.

Overfull \hbox (203.4569pt too wide) has occurred while \output is active
 [][][][]  
 []

[43

]
Overfull \hbox (203.4569pt too wide) in paragraph at lines 1282--1282
 [][][][]  
 []



File: images/IB.png Graphic file (type png)
<use images/IB.png>
Package pdftex.def Info: images/IB.png  used on input line 1282.
(pdftex.def)             Requested size: 24.09048pt x 24.09048pt.

Overfull \hbox (203.4569pt too wide) has occurred while \output is active
 [][][][]  
 []

[44

]
Overfull \hbox (203.4569pt too wide) in paragraph at lines 1291--1291
 [][][][]  
 []



File: images/IB.png Graphic file (type png)
<use images/IB.png>
Package pdftex.def Info: images/IB.png  used on input line 1291.
(pdftex.def)             Requested size: 24.09048pt x 24.09048pt.

Overfull \hbox (203.4569pt too wide) has occurred while \output is active
 [][][][]  
 []

[45

]
Overfull \hbox (203.4569pt too wide) in paragraph at lines 1295--1295
 [][][][]  
 []



File: images/IB.png Graphic file (type png)
<use images/IB.png>
Package pdftex.def Info: images/IB.png  used on input line 1295.
(pdftex.def)             Requested size: 24.09048pt x 24.09048pt.

Overfull \hbox (203.4569pt too wide) has occurred while \output is active
 [][][][]  
 []

[46

]
Overfull \hbox (203.4569pt too wide) in paragraph at lines 1306--1306
 [][][][]  
 []



File: images/IB.png Graphic file (type png)
<use images/IB.png>
Package pdftex.def Info: images/IB.png  used on input line 1306.
(pdftex.def)             Requested size: 24.09048pt x 24.09048pt.

Overfull \hbox (203.4569pt too wide) has occurred while \output is active
 [][][][]  
 []

[47

]
Overfull \hbox (203.4569pt too wide) in paragraph at lines 1314--1314
 [][][][]  
 []



File: images/IB.png Graphic file (type png)
<use images/IB.png>
Package pdftex.def Info: images/IB.png  used on input line 1314.
(pdftex.def)             Requested size: 24.09048pt x 24.09048pt.

Overfull \hbox (203.4569pt too wide) has occurred while \output is active
 [][][][]  
 []

[48

]
Overfull \hbox (203.4569pt too wide) in paragraph at lines 1324--1324
 [][][][]  
 []



File: images/IB.png Graphic file (type png)
<use images/IB.png>
Package pdftex.def Info: images/IB.png  used on input line 1324.
(pdftex.def)             Requested size: 24.09048pt x 24.09048pt.

Overfull \hbox (203.4569pt too wide) has occurred while \output is active
 [][][][]  
 []

[49

]
Overfull \hbox (203.4569pt too wide) in paragraph at lines 1333--1333
 [][][][]  
 []



File: images/IB.png Graphic file (type png)
<use images/IB.png>
Package pdftex.def Info: images/IB.png  used on input line 1333.
(pdftex.def)             Requested size: 24.09048pt x 24.09048pt.

Overfull \hbox (203.4569pt too wide) has occurred while \output is active
 [][][][]  
 []

[50

]
Overfull \hbox (203.4569pt too wide) in paragraph at lines 1342--1342
 [][][][]  
 []



File: images/IB.png Graphic file (type png)
<use images/IB.png>
Package pdftex.def Info: images/IB.png  used on input line 1342.
(pdftex.def)             Requested size: 24.09048pt x 24.09048pt.

Overfull \hbox (203.4569pt too wide) has occurred while \output is active
 [][][][]  
 []

[51

]
Overfull \hbox (203.4569pt too wide) in paragraph at lines 1349--1349
 [][][][]  
 []



File: images/IB.png Graphic file (type png)
<use images/IB.png>
Package pdftex.def Info: images/IB.png  used on input line 1349.
(pdftex.def)             Requested size: 24.09048pt x 24.09048pt.

Overfull \hbox (203.4569pt too wide) has occurred while \output is active
 [][][][]  
 []

[52

]
Overfull \hbox (203.4569pt too wide) in paragraph at lines 1358--1358
 [][][][]  
 []



File: images/IB.png Graphic file (type png)
<use images/IB.png>
Package pdftex.def Info: images/IB.png  used on input line 1358.
(pdftex.def)             Requested size: 24.09048pt x 24.09048pt.

Overfull \hbox (203.4569pt too wide) has occurred while \output is active
 [][][][]  
 []

[53

]
Overfull \hbox (203.4569pt too wide) in paragraph at lines 1388--1388
 [][][][]  
 []



File: images/IB.png Graphic file (type png)
<use images/IB.png>
Package pdftex.def Info: images/IB.png  used on input line 1388.
(pdftex.def)             Requested size: 24.09048pt x 24.09048pt.

Overfull \hbox (203.4569pt too wide) has occurred while \output is active
 [][][][]  
 []

[54

]
Overfull \hbox (203.4569pt too wide) in paragraph at lines 1424--1424
 [][][][]  
 []


Overfull \hbox (0.33812pt too wide) in paragraph at lines 1424--1424
 [] 
 []



File: images/IB.png Graphic file (type png)
<use images/IB.png>
Package pdftex.def Info: images/IB.png  used on input line 1424.
(pdftex.def)             Requested size: 24.09048pt x 24.09048pt.

Overfull \hbox (203.4569pt too wide) has occurred while \output is active
 [][][][]  
 []

[55

]
Overfull \hbox (203.4569pt too wide) in paragraph at lines 1427--1427
 [][][][]  
 []

\openout4 = `Presentation_01.vrb'.


Overfull \hbox (203.4569pt too wide) in paragraph at lines 1445--1445
 [][][][]  
 []

(Presentation_01.vrb)

File: images/IB.png Graphic file (type png)
<use images/IB.png>
Package pdftex.def Info: images/IB.png  used on input line 1445.
(pdftex.def)             Requested size: 24.09048pt x 24.09048pt.

Overfull \hbox (203.4569pt too wide) has occurred while \output is active
 [][][][]  
 []

[56

]
Overfull \hbox (203.4569pt too wide) in paragraph at lines 1461--1461
 [][][][]  
 []

<images/Event_queue.png, id=535, 3035.34pt x 1226.33156pt>
File: images/Event_queue.png Graphic file (type png)
<use images/Event_queue.png>
Package pdftex.def Info: images/Event_queue.png  used on input line 1461.
(pdftex.def)             Requested size: 308.06367pt x 124.45543pt.


File: images/IB.png Graphic file (type png)
<use images/IB.png>
Package pdftex.def Info: images/IB.png  used on input line 1461.
(pdftex.def)             Requested size: 24.09048pt x 24.09048pt.

Overfull \hbox (203.4569pt too wide) has occurred while \output is active
 [][][][]  
 []

[57

 <./images/Event_queue.png>]
Overfull \hbox (203.4569pt too wide) in paragraph at lines 1469--1469
 [][][][]  
 []



File: images/IB.png Graphic file (type png)
<use images/IB.png>
Package pdftex.def Info: images/IB.png  used on input line 1469.
(pdftex.def)             Requested size: 24.09048pt x 24.09048pt.

Overfull \hbox (203.4569pt too wide) has occurred while \output is active
 [][][][]  
 []

[58

]
Overfull \hbox (203.4569pt too wide) in paragraph at lines 1478--1478
 [][][][]  
 []

<images/consumer.png, id=551, 514.92375pt x 557.08125pt>
File: images/consumer.png Graphic file (type png)
<use images/consumer.png>
Package pdftex.def Info: images/consumer.png  used on input line 1478.
(pdftex.def)             Requested size: 171.14764pt x 185.15494pt.


File: images/IB.png Graphic file (type png)
<use images/IB.png>
Package pdftex.def Info: images/IB.png  used on input line 1478.
(pdftex.def)             Requested size: 24.09048pt x 24.09048pt.

Overfull \hbox (203.4569pt too wide) has occurred while \output is active
 [][][][]  
 []

[59

 <./images/consumer.png>]
Overfull \hbox (203.4569pt too wide) in paragraph at lines 1497--1497
 [][][][]  
 []

<images/messaging.png, id=560, 617.30624pt x 230.36063pt>
File: images/messaging.png Graphic file (type png)
<use images/messaging.png>
Package pdftex.def Info: images/messaging.png  used on input line 1497.
(pdftex.def)             Requested size: 239.60567pt x 89.41144pt.
<images/messaging2.png, id=561, 593.21625pt x 227.34938pt>
File: images/messaging2.png Graphic file (type png)
<use images/messaging2.png>
Package pdftex.def Info: images/messaging2.png  used on input line 1497.
(pdftex.def)             Requested size: 239.60567pt x 91.82968pt.


File: images/IB.png Graphic file (type png)
<use images/IB.png>
Package pdftex.def Info: images/IB.png  used on input line 1497.
(pdftex.def)             Requested size: 24.09048pt x 24.09048pt.

Overfull \hbox (203.4569pt too wide) has occurred while \output is active
 [][][][]  
 []

[60

 <./images/messaging.png> <./images/messaging2.png>]
Overfull \hbox (203.4569pt too wide) in paragraph at lines 1505--1505
 [][][][]  
 []

<images/OOP.png, id=571, 557.08125pt x 448.67625pt>
File: images/OOP.png Graphic file (type png)
<use images/OOP.png>
Package pdftex.def Info: images/OOP.png  used on input line 1505.
(pdftex.def)             Requested size: 256.72147pt x 206.77013pt.

Overfull \vbox (1.54434pt too high) detected at line 1505
 []



File: images/IB.png Graphic file (type png)
<use images/IB.png>
Package pdftex.def Info: images/IB.png  used on input line 1505.
(pdftex.def)             Requested size: 24.09048pt x 24.09048pt.

Overfull \hbox (203.4569pt too wide) has occurred while \output is active
 [][][][]  
 []

[61

 <./images/OOP.png>]
Overfull \hbox (203.4569pt too wide) in paragraph at lines 1512--1512
 [][][][]  
 []



File: images/IB.png Graphic file (type png)
<use images/IB.png>
Package pdftex.def Info: images/IB.png  used on input line 1512.
(pdftex.def)             Requested size: 24.09048pt x 24.09048pt.

Overfull \hbox (203.4569pt too wide) has occurred while \output is active
 [][][][]  
 []

[62

]
Overfull \hbox (203.4569pt too wide) in paragraph at lines 1523--1523
 [][][][]  
 []



File: images/IB.png Graphic file (type png)
<use images/IB.png>
Package pdftex.def Info: images/IB.png  used on input line 1523.
(pdftex.def)             Requested size: 24.09048pt x 24.09048pt.

Overfull \hbox (203.4569pt too wide) has occurred while \output is active
 [][][][]  
 []

[63

]
Overfull \hbox (203.4569pt too wide) in paragraph at lines 1534--1534
 [][][][]  
 []



File: images/IB.png Graphic file (type png)
<use images/IB.png>
Package pdftex.def Info: images/IB.png  used on input line 1534.
(pdftex.def)             Requested size: 24.09048pt x 24.09048pt.

Overfull \hbox (203.4569pt too wide) has occurred while \output is active
 [][][][]  
 []

[64

]
Overfull \hbox (203.4569pt too wide) in paragraph at lines 1541--1541
 [][][][]  
 []

<images/Frameworks.png, id=602, 400.49625pt x 336.50719pt>
File: images/Frameworks.png Graphic file (type png)
<use images/Frameworks.png>
Package pdftex.def Info: images/Frameworks.png  used on input line 1541.
(pdftex.def)             Requested size: 256.72147pt x 215.71814pt.


File: images/IB.png Graphic file (type png)
<use images/IB.png>
Package pdftex.def Info: images/IB.png  used on input line 1541.
(pdftex.def)             Requested size: 24.09048pt x 24.09048pt.

Overfull \hbox (203.4569pt too wide) has occurred while \output is active
 [][][][]  
 []

[65

 <./images/Frameworks.png>]
Overfull \hbox (203.4569pt too wide) in paragraph at lines 1552--1552
 [][][][]  
 []



File: images/IB.png Graphic file (type png)
<use images/IB.png>
Package pdftex.def Info: images/IB.png  used on input line 1552.
(pdftex.def)             Requested size: 24.09048pt x 24.09048pt.

Overfull \hbox (203.4569pt too wide) has occurred while \output is active
 [][][][]  
 []

[66

]
Overfull \hbox (203.4569pt too wide) in paragraph at lines 1571--1571
 [][][][]  
 []



File: images/IB.png Graphic file (type png)
<use images/IB.png>
Package pdftex.def Info: images/IB.png  used on input line 1571.
(pdftex.def)             Requested size: 24.09048pt x 24.09048pt.

Overfull \hbox (203.4569pt too wide) has occurred while \output is active
 [][][][]  
 []

[67

]
Overfull \hbox (203.4569pt too wide) in paragraph at lines 1578--1578
 [][][][]  
 []



File: images/IB.png Graphic file (type png)
<use images/IB.png>
Package pdftex.def Info: images/IB.png  used on input line 1578.
(pdftex.def)             Requested size: 24.09048pt x 24.09048pt.

Overfull \hbox (203.4569pt too wide) has occurred while \output is active
 [][][][]  
 []

[68

]
\tf@nav=\write6
\openout6 = `Presentation_01.nav'.

\tf@toc=\write7
\openout7 = `Presentation_01.toc'.

\tf@snm=\write8
\openout8 = `Presentation_01.snm'.

 (Presentation_01.aux
LaTeX Info: Redefining \. on input line 12.
LaTeX Info: Redefining \% on input line 12.
)
 ***********
LaTeX2e <2025-06-01> patch level 1
L3 programming layer <2025-10-09>
 ***********
Package rerunfilecheck Info: File `Presentation_01.out' has not changed.
(rerunfilecheck)             Checksum: 0002CBEA180EAAE22B00FE265753681B;600.
 ) 
Here is how much of TeX's memory you used:
 37874 strings out of 468079
 799986 string characters out of 5435789
 1559975 words of memory out of 5000000
 65647 multiletter control sequences out of 15000+600000
 648648 words of font info for 96 fonts, out of 8000000 for 9000
 1141 hyphenation exceptions out of 8191
 128i,15n,123p,522b,1499s stack positions out of 10000i,1000n,20000p,200000b,200000s
 <C:\Users\Leonardo Ortiz\AppData\Local\MiKTeX\fonts/pk/ljfour/jknappen/ec/dp
i600\ecrm2488.pk> <C:\Users\Leonardo Ortiz\AppData\Local\MiKTeX\fonts/pk/ljfour
/jknappen/ec/dpi600\ectt1095.pk> <C:\Users\Leonardo Ortiz\AppData\Local\MiKTeX\
fonts/pk/ljfour/jknappen/ec/dpi450\ectt0800.pk> <C:\Users\Leonardo Ortiz\AppDat
a\Local\MiKTeX\fonts/pk/ljfour/jknappen/ec/dpi600\ecxc1000.pk> <C:\Users\Leonar
do Ortiz\AppData\Local\MiKTeX\fonts/pk/ljfour/jknappen/ec/dpi600\ecbx1000.pk> <
C:\Users\Leonardo Ortiz\AppData\Local\MiKTeX\fonts/pk/ljfour/jknappen/ec/dpi600
\ectt0900.pk> <C:\Users\Leonardo Ortiz\AppData\Local\MiKTeX\fonts/pk/ljfour/jkn
appen/ec/dpi600\ectt0800.pk> <C:\Users\Leonardo Ortiz\AppData\Local\MiKTeX\font
s/pk/ljfour/jknappen/ec/dpi600\ecrm1000.pk> <C:\Users\Leonardo Ortiz\AppData\Lo
cal\MiKTeX\fonts/pk/ljfour/jknappen/ec/dpi600\ecss1095.pk> <C:\Users\Leonardo O
rtiz\AppData\Local\MiKTeX\fonts/pk/ljfour/jknappen/ec/dpi600\ecbx1095.pk> <C:\U
sers\Leonardo Ortiz\AppData\Local\MiKTeX\fonts/pk/ljfour/jknappen/ec/dpi600\ecb
x2074.pk> <C:\Users\Leonardo Ortiz\AppData\Local\MiKTeX\fonts/pk/ljfour/jknappe
n/ec/dpi600\ecrm0600.pk> <C:\Users\Leonardo Ortiz\AppData\Local\MiKTeX\fonts/pk
/ljfour/jknappen/ec/dpi600\ecrm0800.pk> <C:\Users\Leonardo Ortiz\AppData\Local\
MiKTeX\fonts/pk/ljfour/jknappen/ec/dpi600\ecrm1095.pk> <C:\Users\Leonardo Ortiz
\AppData\Local\MiKTeX\fonts/pk/ljfour/jknappen/ec/dpi600\ecrm1440.pk><C:/Progra
m Files/MiKTeX/fonts/type1/public/amsfonts/cm/cmmi10.pfb><C:/Program Files/MiKT
eX/fonts/type1/public/amsfonts/cm/cmsy10.pfb>
Output written on Presentation_01.pdf (68 pages, 6314936 bytes).
PDF statistics:
 1266 PDF objects out of 1440 (max. 8388607)
 140 named destinations out of 1000 (max. 500000)
 324 words of extra memory for PDF output out of 10000 (max. 10000000)

