This is pdfTeX, Version 3.141592653-2.6-1.40.27 (MiKTeX 25.4) (preloaded format=pdflatex 2025.11.6)  3 FEB 2026 13:52
entering extended mode
 restricted \write18 enabled.
 %&-line parsing enabled.
**./Unit02.tex
(Unit02.tex
LaTeX2e <2025-06-01> patch level 1
L3 programming layer <2025-10-09>
(C:\Program Files\MiKTeX\tex/latex/beamer\beamer.cls
Document Class: beamer 2025/08/13 v3.76 A class for typesetting presentations
(C:\Program Files\MiKTeX\tex/latex/beamer\beamerbasemodes.sty
(C:\Program Files\MiKTeX\tex/latex/etoolbox\etoolbox.sty
Package: etoolbox 2025/10/02 v2.5m e-TeX tools for LaTeX (JAW)
\etb@tempcnta=\count275
)
\beamer@tempbox=\box53
\beamer@tempcount=\count276
\c@beamerpauses=\count277

(C:\Program Files\MiKTeX\tex/latex/beamer\beamerbasedecode.sty
\beamer@slideinframe=\count278
\beamer@minimum=\count279
\beamer@decode@box=\box54
)
\beamer@commentbox=\box55
\beamer@modecount=\count280
)
(C:\Program Files\MiKTeX\tex/generic/iftex\iftex.sty
Package: iftex 2024/12/12 v1.0g TeX engine tests
)
\headdp=\dimen148
\footheight=\dimen149
\sidebarheight=\dimen150
\beamer@tempdim=\dimen151
\beamer@finalheight=\dimen152
\beamer@animht=\dimen153
\beamer@animdp=\dimen154
\beamer@animwd=\dimen155
\beamer@leftmargin=\dimen156
\beamer@rightmargin=\dimen157
\beamer@leftsidebar=\dimen158
\beamer@rightsidebar=\dimen159
\beamer@boxsize=\dimen160
\beamer@vboxoffset=\dimen161
\beamer@descdefault=\dimen162
\beamer@descriptionwidth=\dimen163
\beamer@lastskip=\skip49
\beamer@areabox=\box56
\beamer@animcurrent=\box57
\beamer@animshowbox=\box58
\beamer@sectionbox=\box59
\beamer@logobox=\box60
\beamer@linebox=\box61
\beamer@sectioncount=\count281
\beamer@subsubsectionmax=\count282
\beamer@subsectionmax=\count283
\beamer@sectionmax=\count284
\beamer@totalheads=\count285
\beamer@headcounter=\count286
\beamer@partstartpage=\count287
\beamer@sectionstartpage=\count288
\beamer@subsectionstartpage=\count289
\beamer@animationtempa=\count290
\beamer@animationtempb=\count291
\beamer@xpos=\count292
\beamer@ypos=\count293
\beamer@ypos@offset=\count294
\beamer@showpartnumber=\count295
\beamer@currentsubsection=\count296
\beamer@coveringdepth=\count297
\beamer@sectionadjust=\count298
\beamer@toclastsection=\count299
\beamer@tocsectionnumber=\count300

(C:\Program Files\MiKTeX\tex/latex/beamer\beamerbaseoptions.sty
(C:\Program Files\MiKTeX\tex/latex/graphics\keyval.sty
Package: keyval 2022/05/29 v1.15 key=value parser (DPC)
\KV@toks@=\toks17
))
\beamer@paperwidth=\skip50
\beamer@paperheight=\skip51

(C:\Program Files\MiKTeX\tex/latex/geometry\geometry.sty
Package: geometry 2020/01/02 v5.9 Page Geometry

(C:\Program Files\MiKTeX\tex/generic/iftex\ifvtex.sty
Package: ifvtex 2019/10/25 v1.7 ifvtex legacy package. Use iftex instead.
)
\Gm@cnth=\count301
\Gm@cntv=\count302
\c@Gm@tempcnt=\count303
\Gm@bindingoffset=\dimen164
\Gm@wd@mp=\dimen165
\Gm@odd@mp=\dimen166
\Gm@even@mp=\dimen167
\Gm@layoutwidth=\dimen168
\Gm@layoutheight=\dimen169
\Gm@layouthoffset=\dimen170
\Gm@layoutvoffset=\dimen171
\Gm@dimlist=\toks18

(C:\Program Files\MiKTeX\tex/latex/geometry\geometry.cfg))
(C:\Program Files\MiKTeX\tex/latex/pgf/math\pgfmath.sty
(C:\Program Files\MiKTeX\tex/latex/pgf/utilities\pgfrcs.sty
(C:\Program Files\MiKTeX\tex/generic/pgf/utilities\pgfutil-common.tex
\pgfutil@everybye=\toks19
\pgfutil@tempdima=\dimen172
\pgfutil@tempdimb=\dimen173
)
(C:\Program Files\MiKTeX\tex/generic/pgf/utilities\pgfutil-latex.def
\pgfutil@abb=\box62
)
(C:\Program Files\MiKTeX\tex/generic/pgf/utilities\pgfrcs.code.tex
(C:\Program Files\MiKTeX\tex/generic/pgf\pgf.revision.tex)
Package: pgfrcs 2025-08-29 v3.1.11a (3.1.11a)
))
(C:\Program Files\MiKTeX\tex/latex/pgf/utilities\pgfkeys.sty
(C:\Program Files\MiKTeX\tex/generic/pgf/utilities\pgfkeys.code.tex
\pgfkeys@pathtoks=\toks20
\pgfkeys@temptoks=\toks21

(C:\Program Files\MiKTeX\tex/generic/pgf/utilities\pgfkeyslibraryfiltered.code.
tex
\pgfkeys@tmptoks=\toks22
))) (C:\Program Files\MiKTeX\tex/generic/pgf/math\pgfmath.code.tex
(C:\Program Files\MiKTeX\tex/generic/pgf/math\pgfmathutil.code.tex
\pgf@x=\dimen174
\pgf@xa=\dimen175
\pgf@xb=\dimen176
\pgf@xc=\dimen177
\pgf@y=\dimen178
\pgf@ya=\dimen179
\pgf@yb=\dimen180
\pgf@yc=\dimen181
\c@pgf@counta=\count304
\c@pgf@countb=\count305
\c@pgf@countc=\count306
\c@pgf@countd=\count307
)
(C:\Program Files\MiKTeX\tex/generic/pgf/math\pgfmathparser.code.tex
\pgfmath@dimen=\dimen182
\pgfmath@count=\count308
\pgfmath@box=\box63
\pgfmath@toks=\toks23
\pgfmath@stack@operand=\toks24
\pgfmath@stack@operation=\toks25
)
(C:\Program Files\MiKTeX\tex/generic/pgf/math\pgfmathfunctions.code.tex)
(C:\Program Files\MiKTeX\tex/generic/pgf/math\pgfmathfunctions.basic.code.tex)
(C:\Program Files\MiKTeX\tex/generic/pgf/math\pgfmathfunctions.trigonometric.co
de.tex)
(C:\Program Files\MiKTeX\tex/generic/pgf/math\pgfmathfunctions.random.code.tex)

(C:\Program Files\MiKTeX\tex/generic/pgf/math\pgfmathfunctions.comparison.code.
tex)
(C:\Program Files\MiKTeX\tex/generic/pgf/math\pgfmathfunctions.base.code.tex)
(C:\Program Files\MiKTeX\tex/generic/pgf/math\pgfmathfunctions.round.code.tex)
(C:\Program Files\MiKTeX\tex/generic/pgf/math\pgfmathfunctions.misc.code.tex)
(C:\Program Files\MiKTeX\tex/generic/pgf/math\pgfmathfunctions.integerarithmeti
cs.code.tex) (C:\Program Files\MiKTeX\tex/generic/pgf/math\pgfmathcalc.code.tex
) (C:\Program Files\MiKTeX\tex/generic/pgf/math\pgfmathfloat.code.tex
\c@pgfmathroundto@lastzeros=\count309
)))
(C:\Program Files\MiKTeX\tex/latex/base\size11.clo
File: size11.clo 2025/01/22 v1.4n Standard LaTeX file (size option)
)
(C:\Program Files\MiKTeX\tex/latex/pgf/basiclayer\pgfcore.sty
(C:\Program Files\MiKTeX\tex/latex/graphics\graphicx.sty
Package: graphicx 2024/12/31 v1.2e Enhanced LaTeX Graphics (DPC,SPQR)

(C:\Program Files\MiKTeX\tex/latex/graphics\graphics.sty
Package: graphics 2024/08/06 v1.4g Standard LaTeX Graphics (DPC,SPQR)

(C:\Program Files\MiKTeX\tex/latex/graphics\trig.sty
Package: trig 2023/12/02 v1.11 sin cos tan (DPC)
)
(C:\Program Files\MiKTeX\tex/latex/graphics-cfg\graphics.cfg
File: graphics.cfg 2016/06/04 v1.11 sample graphics configuration
)
Package graphics Info: Driver file: pdftex.def on input line 106.

(C:\Program Files\MiKTeX\tex/latex/graphics-def\pdftex.def
File: pdftex.def 2025/09/29 v1.2d Graphics/color driver for pdftex
))
\Gin@req@height=\dimen183
\Gin@req@width=\dimen184
)
(C:\Program Files\MiKTeX\tex/latex/pgf/systemlayer\pgfsys.sty
(C:\Program Files\MiKTeX\tex/generic/pgf/systemlayer\pgfsys.code.tex
Package: pgfsys 2025-08-29 v3.1.11a (3.1.11a)
\pgf@x=\dimen185
\pgf@y=\dimen186
\pgf@xa=\dimen187
\pgf@ya=\dimen188
\pgf@xb=\dimen189
\pgf@yb=\dimen190
\pgf@xc=\dimen191
\pgf@yc=\dimen192
\pgf@xd=\dimen193
\pgf@yd=\dimen194
\w@pgf@writea=\write3
\r@pgf@reada=\read2
\c@pgf@counta=\count310
\c@pgf@countb=\count311
\c@pgf@countc=\count312
\c@pgf@countd=\count313
\t@pgf@toka=\toks26
\t@pgf@tokb=\toks27
\t@pgf@tokc=\toks28
\pgf@sys@id@count=\count314

(C:\Program Files\MiKTeX\tex/generic/pgf/systemlayer\pgf.cfg
File: pgf.cfg 2025-08-29 v3.1.11a (3.1.11a)
)
Driver file for pgf: pgfsys-pdftex.def

(C:\Program Files\MiKTeX\tex/generic/pgf/systemlayer\pgfsys-pdftex.def
File: pgfsys-pdftex.def 2025-08-29 v3.1.11a (3.1.11a)

(C:\Program Files\MiKTeX\tex/generic/pgf/systemlayer\pgfsys-common-pdf.def
File: pgfsys-common-pdf.def 2025-08-29 v3.1.11a (3.1.11a)
)))
(C:\Program Files\MiKTeX\tex/generic/pgf/systemlayer\pgfsyssoftpath.code.tex
File: pgfsyssoftpath.code.tex 2025-08-29 v3.1.11a (3.1.11a)
\pgfsyssoftpath@smallbuffer@items=\count315
\pgfsyssoftpath@bigbuffer@items=\count316
)
(C:\Program Files\MiKTeX\tex/generic/pgf/systemlayer\pgfsysprotocol.code.tex
File: pgfsysprotocol.code.tex 2025-08-29 v3.1.11a (3.1.11a)
))
(C:\Program Files\MiKTeX\tex/latex/xcolor\xcolor.sty
Package: xcolor 2024/09/29 v3.02 LaTeX color extensions (UK)

(C:\Program Files\MiKTeX\tex/latex/graphics-cfg\color.cfg
File: color.cfg 2016/01/02 v1.6 sample color configuration
)
Package xcolor Info: Driver file: pdftex.def on input line 274.

(C:\Program Files\MiKTeX\tex/latex/graphics\mathcolor.ltx)
Package xcolor Info: Model `cmy' substituted by `cmy0' on input line 1349.
Package xcolor Info: Model `hsb' substituted by `rgb' on input line 1353.
Package xcolor Info: Model `RGB' extended on input line 1365.
Package xcolor Info: Model `HTML' substituted by `rgb' on input line 1367.
Package xcolor Info: Model `Hsb' substituted by `hsb' on input line 1368.
Package xcolor Info: Model `tHsb' substituted by `hsb' on input line 1369.
Package xcolor Info: Model `HSB' substituted by `hsb' on input line 1370.
Package xcolor Info: Model `Gray' substituted by `gray' on input line 1371.
Package xcolor Info: Model `wave' substituted by `hsb' on input line 1372.
)
(C:\Program Files\MiKTeX\tex/generic/pgf/basiclayer\pgfcore.code.tex
Package: pgfcore 2025-08-29 v3.1.11a (3.1.11a)

(C:\Program Files\MiKTeX\tex/generic/pgf/math\pgfint.code.tex)
(C:\Program Files\MiKTeX\tex/generic/pgf/basiclayer\pgfcorepoints.code.tex
File: pgfcorepoints.code.tex 2025-08-29 v3.1.11a (3.1.11a)
\pgf@picminx=\dimen195
\pgf@picmaxx=\dimen196
\pgf@picminy=\dimen197
\pgf@picmaxy=\dimen198
\pgf@pathminx=\dimen199
\pgf@pathmaxx=\dimen256
\pgf@pathminy=\dimen257
\pgf@pathmaxy=\dimen258
\pgf@xx=\dimen259
\pgf@xy=\dimen260
\pgf@yx=\dimen261
\pgf@yy=\dimen262
\pgf@zx=\dimen263
\pgf@zy=\dimen264
)
(C:\Program Files\MiKTeX\tex/generic/pgf/basiclayer\pgfcorepathconstruct.code.t
ex
File: pgfcorepathconstruct.code.tex 2025-08-29 v3.1.11a (3.1.11a)
\pgf@path@lastx=\dimen265
\pgf@path@lasty=\dimen266
)
(C:\Program Files\MiKTeX\tex/generic/pgf/basiclayer\pgfcorepathusage.code.tex
File: pgfcorepathusage.code.tex 2025-08-29 v3.1.11a (3.1.11a)
\pgf@shorten@end@additional=\dimen267
\pgf@shorten@start@additional=\dimen268
)
(C:\Program Files\MiKTeX\tex/generic/pgf/basiclayer\pgfcorescopes.code.tex
File: pgfcorescopes.code.tex 2025-08-29 v3.1.11a (3.1.11a)
\pgfpic=\box64
\pgf@hbox=\box65
\pgf@layerbox@main=\box66
\pgf@picture@serial@count=\count317
)
(C:\Program Files\MiKTeX\tex/generic/pgf/basiclayer\pgfcoregraphicstate.code.te
x
File: pgfcoregraphicstate.code.tex 2025-08-29 v3.1.11a (3.1.11a)
\pgflinewidth=\dimen269
)
(C:\Program Files\MiKTeX\tex/generic/pgf/basiclayer\pgfcoretransformations.code
.tex
File: pgfcoretransformations.code.tex 2025-08-29 v3.1.11a (3.1.11a)
\pgf@pt@x=\dimen270
\pgf@pt@y=\dimen271
\pgf@pt@temp=\dimen272
) (C:\Program Files\MiKTeX\tex/generic/pgf/basiclayer\pgfcorequick.code.tex
File: pgfcorequick.code.tex 2025-08-29 v3.1.11a (3.1.11a)
) (C:\Program Files\MiKTeX\tex/generic/pgf/basiclayer\pgfcoreobjects.code.tex
File: pgfcoreobjects.code.tex 2025-08-29 v3.1.11a (3.1.11a)
)
(C:\Program Files\MiKTeX\tex/generic/pgf/basiclayer\pgfcorepathprocessing.code.
tex
File: pgfcorepathprocessing.code.tex 2025-08-29 v3.1.11a (3.1.11a)
) (C:\Program Files\MiKTeX\tex/generic/pgf/basiclayer\pgfcorearrows.code.tex
File: pgfcorearrows.code.tex 2025-08-29 v3.1.11a (3.1.11a)
\pgfarrowsep=\dimen273
) (C:\Program Files\MiKTeX\tex/generic/pgf/basiclayer\pgfcoreshade.code.tex
File: pgfcoreshade.code.tex 2025-08-29 v3.1.11a (3.1.11a)
\pgf@max=\dimen274
\pgf@sys@shading@range@num=\count318
\pgf@shadingcount=\count319
)
(C:\Program Files\MiKTeX\tex/generic/pgf/basiclayer\pgfcoreimage.code.tex
File: pgfcoreimage.code.tex 2025-08-29 v3.1.11a (3.1.11a)
)
(C:\Program Files\MiKTeX\tex/generic/pgf/basiclayer\pgfcoreexternal.code.tex
File: pgfcoreexternal.code.tex 2025-08-29 v3.1.11a (3.1.11a)
\pgfexternal@startupbox=\box67
)
(C:\Program Files\MiKTeX\tex/generic/pgf/basiclayer\pgfcorelayers.code.tex
File: pgfcorelayers.code.tex 2025-08-29 v3.1.11a (3.1.11a)
)
(C:\Program Files\MiKTeX\tex/generic/pgf/basiclayer\pgfcoretransparency.code.te
x
File: pgfcoretransparency.code.tex 2025-08-29 v3.1.11a (3.1.11a)
) (C:\Program Files\MiKTeX\tex/generic/pgf/basiclayer\pgfcorepatterns.code.tex
File: pgfcorepatterns.code.tex 2025-08-29 v3.1.11a (3.1.11a)
) (C:\Program Files\MiKTeX\tex/generic/pgf/basiclayer\pgfcorerdf.code.tex
File: pgfcorerdf.code.tex 2025-08-29 v3.1.11a (3.1.11a)
)))
(C:\Program Files\MiKTeX\tex/latex/pgf/utilities\xxcolor.sty
Package: xxcolor 2003/10/24 ver 0.1
\XC@nummixins=\count320
\XC@countmixins=\count321
)
(C:\Program Files\MiKTeX\tex/latex/base\atbegshi-ltx.sty
Package: atbegshi-ltx 2021/01/10 v1.0c Emulation of the original atbegshi
package with kernel methods
)
(C:\Program Files\MiKTeX\tex/latex/hyperref\hyperref.sty
Package: hyperref 2025-07-12 v7.01o Hypertext links for LaTeX

(C:\Program Files\MiKTeX\tex/latex/kvsetkeys\kvsetkeys.sty
Package: kvsetkeys 2022-10-05 v1.19 Key value parser (HO)
)
(C:\Program Files\MiKTeX\tex/generic/kvdefinekeys\kvdefinekeys.sty
Package: kvdefinekeys 2019-12-19 v1.6 Define keys (HO)
)
(C:\Program Files\MiKTeX\tex/generic/pdfescape\pdfescape.sty
Package: pdfescape 2019/12/09 v1.15 Implements pdfTeX's escape features (HO)

(C:\Program Files\MiKTeX\tex/generic/ltxcmds\ltxcmds.sty
Package: ltxcmds 2023-12-04 v1.26 LaTeX kernel commands for general use (HO)
)
(C:\Program Files\MiKTeX\tex/generic/pdftexcmds\pdftexcmds.sty
Package: pdftexcmds 2020-06-27 v0.33 Utility functions of pdfTeX for LuaTeX (HO
)

(C:\Program Files\MiKTeX\tex/generic/infwarerr\infwarerr.sty
Package: infwarerr 2019/12/03 v1.5 Providing info/warning/error messages (HO)
)
Package pdftexcmds Info: \pdf@primitive is available.
Package pdftexcmds Info: \pdf@ifprimitive is available.
Package pdftexcmds Info: \pdfdraftmode found.
))
(C:\Program Files\MiKTeX\tex/latex/hycolor\hycolor.sty
Package: hycolor 2020-01-27 v1.10 Color options for hyperref/bookmark (HO)
)
(C:\Program Files\MiKTeX\tex/latex/hyperref\nameref.sty
Package: nameref 2025-06-21 v2.57 Cross-referencing by name of section

(C:\Program Files\MiKTeX\tex/latex/refcount\refcount.sty
Package: refcount 2019/12/15 v3.6 Data extraction from label references (HO)
)
(C:\Program Files\MiKTeX\tex/generic/gettitlestring\gettitlestring.sty
Package: gettitlestring 2019/12/15 v1.6 Cleanup title references (HO)

(C:\Program Files\MiKTeX\tex/latex/kvoptions\kvoptions.sty
Package: kvoptions 2022-06-15 v3.15 Key value format for package options (HO)
))
\c@section@level=\count322
)
(C:\Program Files\MiKTeX\tex/generic/stringenc\stringenc.sty
Package: stringenc 2019/11/29 v1.12 Convert strings between diff. encodings (HO
)
)
\@linkdim=\dimen275
\Hy@linkcounter=\count323
\Hy@pagecounter=\count324

(C:\Program Files\MiKTeX\tex/latex/hyperref\pd1enc.def
File: pd1enc.def 2025-07-12 v7.01o Hyperref: PDFDocEncoding definition (HO)
Now handling font encoding PD1 ...
... no UTF-8 mapping file for font encoding PD1
)
(C:\Program Files\MiKTeX\tex/generic/intcalc\intcalc.sty
Package: intcalc 2019/12/15 v1.3 Expandable calculations with integers (HO)
)
\Hy@SavedSpaceFactor=\count325

(C:\Program Files\MiKTeX\tex/latex/hyperref\puenc.def
File: puenc.def 2025-07-12 v7.01o Hyperref: PDF Unicode definition (HO)
Now handling font encoding PU ...
... no UTF-8 mapping file for font encoding PU
)
Package hyperref Info: Option `bookmarks' set `true' on input line 4066.
Package hyperref Info: Option `bookmarksopen' set `true' on input line 4066.
Package hyperref Info: Option `implicit' set `false' on input line 4066.
Package hyperref Info: Hyper figures OFF on input line 4195.
Package hyperref Info: Link nesting OFF on input line 4200.
Package hyperref Info: Hyper index ON on input line 4203.
Package hyperref Info: Plain pages OFF on input line 4210.
Package hyperref Info: Backreferencing OFF on input line 4215.
Package hyperref Info: Implicit mode OFF; no redefinition of LaTeX internals.
Package hyperref Info: Bookmarks ON on input line 4462.
\c@Hy@tempcnt=\count326

(C:\Program Files\MiKTeX\tex/latex/url\url.sty
\Urlmuskip=\muskip17
Package: url 2013/09/16  ver 3.4  Verb mode for urls, etc.
)
LaTeX Info: Redefining \url on input line 4801.
\XeTeXLinkMargin=\dimen276

(C:\Program Files\MiKTeX\tex/generic/bitset\bitset.sty
Package: bitset 2019/12/09 v1.3 Handle bit-vector datatype (HO)

(C:\Program Files\MiKTeX\tex/generic/bigintcalc\bigintcalc.sty
Package: bigintcalc 2019/12/15 v1.5 Expandable calculations on big integers (HO
)
))
\Fld@menulength=\count327
\Field@Width=\dimen277
\Fld@charsize=\dimen278
Package hyperref Info: Hyper figures OFF on input line 6078.
Package hyperref Info: Link nesting OFF on input line 6083.
Package hyperref Info: Hyper index ON on input line 6086.
Package hyperref Info: backreferencing OFF on input line 6093.
Package hyperref Info: Link coloring OFF on input line 6098.
Package hyperref Info: Link coloring with OCG OFF on input line 6103.
Package hyperref Info: PDF/A mode OFF on input line 6108.
\Hy@abspage=\count328


Package hyperref Message: Stopped early.

)
Package hyperref Info: Driver (autodetected): hpdftex.
 (C:\Program Files\MiKTeX\tex/latex/hyperref\hpdftex.def
File: hpdftex.def 2025-07-12 v7.01o Hyperref driver for pdfTeX
\Fld@listcount=\count329
\c@bookmark@seq@number=\count330

(C:\Program Files\MiKTeX\tex/latex/rerunfilecheck\rerunfilecheck.sty
Package: rerunfilecheck 2025-06-21 v1.11 Rerun checks for auxiliary files (HO)

(C:\Program Files\MiKTeX\tex/generic/uniquecounter\uniquecounter.sty
Package: uniquecounter 2019/12/15 v1.4 Provide unlimited unique counter (HO)
)
Package uniquecounter Info: New unique counter `rerunfilecheck' on input line 2
84.
))
(C:\Program Files\MiKTeX\tex/latex/beamer\beamerbaserequires.sty
(C:\Program Files\MiKTeX\tex/latex/beamer\beamerbasecompatibility.sty)
(C:\Program Files\MiKTeX\tex/latex/beamer\beamerbasefont.sty
(C:\Program Files\MiKTeX\tex/latex/amsfonts\amssymb.sty
Package: amssymb 2013/01/14 v3.01 AMS font symbols

(C:\Program Files\MiKTeX\tex/latex/amsfonts\amsfonts.sty
Package: amsfonts 2013/01/14 v3.01 Basic AMSFonts support
\@emptytoks=\toks29
\symAMSa=\mathgroup4
\symAMSb=\mathgroup5
LaTeX Font Info:    Redeclaring math symbol \hbar on input line 98.
LaTeX Font Info:    Overwriting math alphabet `\mathfrak' in version `bold'
(Font)                  U/euf/m/n --> U/euf/b/n on input line 106.
))
(C:\Program Files\MiKTeX\tex/latex/sansmathaccent\sansmathaccent.sty
Package: sansmathaccent 2020/01/31

(C:\Program Files\MiKTeX\tex/latex/koma-script\scrlfile.sty
Package: scrlfile 2025/09/09 v3.48 KOMA-Script package (file load hooks)

(C:\Program Files\MiKTeX\tex/latex/koma-script\scrlfile-hook.sty
Package: scrlfile-hook 2025/09/09 v3.48 KOMA-Script package (using LaTeX hooks)


(C:\Program Files\MiKTeX\tex/latex/koma-script\scrlogo.sty
Package: scrlogo 2025/09/09 v3.48 KOMA-Script package (logo)
)))))
(C:\Program Files\MiKTeX\tex/latex/beamer\beamerbasetranslator.sty
(C:\Program Files\MiKTeX\tex/latex/translator\translator.sty
Package: translator 2021-05-31 v1.12d Easy translation of strings in LaTeX
))
(C:\Program Files\MiKTeX\tex/latex/beamer\beamerbasemisc.sty)
(C:\Program Files\MiKTeX\tex/latex/beamer\beamerbasetwoscreens.sty)
(C:\Program Files\MiKTeX\tex/latex/beamer\beamerbaseoverlay.sty
\beamer@argscount=\count331
\beamer@lastskipcover=\skip52
\beamer@trivlistdepth=\count332
)
(C:\Program Files\MiKTeX\tex/latex/beamer\beamerbasetitle.sty)
(C:\Program Files\MiKTeX\tex/latex/beamer\beamerbasesection.sty
\c@lecture=\count333
\c@part=\count334
\c@section=\count335
\c@subsection=\count336
\c@subsubsection=\count337
)
(C:\Program Files\MiKTeX\tex/latex/beamer\beamerbaseframe.sty
\beamer@framebox=\box68
\beamer@frametitlebox=\box69
\beamer@zoombox=\box70
\beamer@zoomcount=\count338
\beamer@zoomframecount=\count339
\beamer@frametextheight=\dimen279
\c@subsectionslide=\count340
\beamer@frametopskip=\skip53
\beamer@framebottomskip=\skip54
\beamer@frametopskipautobreak=\skip55
\beamer@framebottomskipautobreak=\skip56
\beamer@envbody=\toks30
\framewidth=\dimen280
\c@framenumber=\count341
)
(C:\Program Files\MiKTeX\tex/latex/beamer\beamerbaseverbatim.sty
\beamer@verbatimfileout=\write4
)
(C:\Program Files\MiKTeX\tex/latex/beamer\beamerbaseframesize.sty
\beamer@splitbox=\box71
\beamer@autobreakcount=\count342
\beamer@autobreaklastheight=\dimen281
\beamer@frametitletoks=\toks31
\beamer@framesubtitletoks=\toks32
)
(C:\Program Files\MiKTeX\tex/latex/beamer\beamerbaseframecomponents.sty
\beamer@colheight=\skip57
\beamer@footins=\box72
)
(C:\Program Files\MiKTeX\tex/latex/beamer\beamerbasecolor.sty)
(C:\Program Files\MiKTeX\tex/latex/beamer\beamerbasenotes.sty
\beamer@frameboxcopy=\box73
)
(C:\Program Files\MiKTeX\tex/latex/beamer\beamerbasetoc.sty)
(C:\Program Files\MiKTeX\tex/latex/beamer\beamerbasetemplates.sty
\beamer@sbttoks=\toks33

(C:\Program Files\MiKTeX\tex/latex/beamer\beamerbaseauxtemplates.sty
(C:\Program Files\MiKTeX\tex/latex/beamer\beamerbaseboxes.sty
\bmb@box=\box74
\bmb@colorbox=\box75
\bmb@boxwidth=\dimen282
\bmb@boxheight=\dimen283
\bmb@prevheight=\dimen284
\bmb@temp=\dimen285
\bmb@dima=\dimen286
\bmb@dimb=\dimen287
\bmb@prevheight=\dimen288
)
\beamer@blockheadheight=\dimen289
))
(C:\Program Files\MiKTeX\tex/latex/beamer\beamerbaselocalstructure.sty
(C:\Program Files\MiKTeX\tex/latex/tools\enumerate.sty
Package: enumerate 2023/07/04 v3.00 enumerate extensions (DPC)
\@enLab=\toks34
)
\beamer@bibiconwidth=\skip58
\c@figure=\count343
\c@table=\count344
\abovecaptionskip=\skip59
\belowcaptionskip=\skip60
)
(C:\Program Files\MiKTeX\tex/latex/beamer\beamerbasenavigation.sty
(C:\Program Files\MiKTeX\tex/latex/beamer\beamerbasenavigationsymbols.tex)
\beamer@section@min@dim=\dimen290
)
(C:\Program Files\MiKTeX\tex/latex/beamer\beamerbasetheorems.sty
(C:\Program Files\MiKTeX\tex/latex/amsmath\amsmath.sty
Package: amsmath 2025/06/16 v2.17y AMS math features
\@mathmargin=\skip61

For additional information on amsmath, use the `?' option.
(C:\Program Files\MiKTeX\tex/latex/amsmath\amstext.sty
Package: amstext 2024/11/17 v2.01 AMS text

(C:\Program Files\MiKTeX\tex/latex/amsmath\amsgen.sty
File: amsgen.sty 1999/11/30 v2.0 generic functions
\@emptytoks=\toks35
\ex@=\dimen291
))
(C:\Program Files\MiKTeX\tex/latex/amsmath\amsbsy.sty
Package: amsbsy 1999/11/29 v1.2d Bold Symbols
\pmbraise@=\dimen292
)
(C:\Program Files\MiKTeX\tex/latex/amsmath\amsopn.sty
Package: amsopn 2022/04/08 v2.04 operator names
)
\inf@bad=\count345
LaTeX Info: Redefining \frac on input line 233.
\uproot@=\count346
\leftroot@=\count347
LaTeX Info: Redefining \overline on input line 398.
LaTeX Info: Redefining \colon on input line 409.
\classnum@=\count348
\DOTSCASE@=\count349
LaTeX Info: Redefining \ldots on input line 495.
LaTeX Info: Redefining \dots on input line 498.
LaTeX Info: Redefining \cdots on input line 619.
\Mathstrutbox@=\box76
\strutbox@=\box77
LaTeX Info: Redefining \big on input line 721.
LaTeX Info: Redefining \Big on input line 722.
LaTeX Info: Redefining \bigg on input line 723.
LaTeX Info: Redefining \Bigg on input line 724.
\big@size=\dimen293
LaTeX Font Info:    Redeclaring font encoding OML on input line 742.
LaTeX Font Info:    Redeclaring font encoding OMS on input line 743.
\macc@depth=\count350
LaTeX Info: Redefining \bmod on input line 904.
LaTeX Info: Redefining \pmod on input line 909.
LaTeX Info: Redefining \smash on input line 939.
LaTeX Info: Redefining \relbar on input line 969.
LaTeX Info: Redefining \Relbar on input line 970.
\c@MaxMatrixCols=\count351
\dotsspace@=\muskip18
\c@parentequation=\count352
\dspbrk@lvl=\count353
\tag@help=\toks36
\row@=\count354
\column@=\count355
\maxfields@=\count356
\andhelp@=\toks37
\eqnshift@=\dimen294
\alignsep@=\dimen295
\tagshift@=\dimen296
\tagwidth@=\dimen297
\totwidth@=\dimen298
\lineht@=\dimen299
\@envbody=\toks38
\multlinegap=\skip62
\multlinetaggap=\skip63
\mathdisplay@stack=\toks39
LaTeX Info: Redefining \[ on input line 2949.
LaTeX Info: Redefining \] on input line 2950.
)
(C:\Program Files\MiKTeX\tex/latex/amscls\amsthm.sty
Package: amsthm 2020/05/29 v2.20.6
\thm@style=\toks40
\thm@bodyfont=\toks41
\thm@headfont=\toks42
\thm@notefont=\toks43
\thm@headpunct=\toks44
\thm@preskip=\skip64
\thm@postskip=\skip65
\thm@headsep=\skip66
\dth@everypar=\toks45
)
\c@theorem=\count357
)
(C:\Program Files\MiKTeX\tex/latex/beamer\beamerbasethemes.sty))
(C:\Program Files\MiKTeX\tex/latex/beamer\beamerthemedefault.sty
(C:\Program Files\MiKTeX\tex/latex/beamer\beamerfontthemedefault.sty)
(C:\Program Files\MiKTeX\tex/latex/beamer\beamercolorthemedefault.sty)
(C:\Program Files\MiKTeX\tex/latex/beamer\beamerinnerthemedefault.sty
\beamer@dima=\dimen300
\beamer@dimb=\dimen301
)
(C:\Program Files\MiKTeX\tex/latex/beamer\beamerouterthemedefault.sty)))
(C:\Program Files\MiKTeX\tex/latex/beamer\beamerthemeMadrid.sty
(C:\Program Files\MiKTeX\tex/latex/beamer\beamercolorthemewhale.sty)
(C:\Program Files\MiKTeX\tex/latex/beamer\beamercolorthemeorchid.sty)
(C:\Program Files\MiKTeX\tex/latex/beamer\beamerinnerthemerounded.sty)
(C:\Program Files\MiKTeX\tex/latex/beamer\beamerouterthemeinfolines.sty))
(C:\Program Files\MiKTeX\tex/latex/beamer\beamerfontthemeserif.sty)
(C:\Program Files\MiKTeX\tex/latex/base\inputenc.sty
Package: inputenc 2024/02/08 v1.3d Input encoding file
\inpenc@prehook=\toks46
\inpenc@posthook=\toks47
)
(C:\Program Files\MiKTeX\tex/generic/babel\babel.sty
Package: babel 2025/10/22 v25.14 The multilingual framework for LuaLaTeX, pdfLa
TeX and XeLaTeX
\babel@savecnt=\count358
LaTeX Encoding Info:    Redeclaring text command \ij (encoding OT1) on input li
ne 2050.
LaTeX Encoding Info:    Redeclaring text command \IJ (encoding OT1) on input li
ne 2052.
LaTeX Encoding Info:    Redeclaring text command \ij (encoding T1) on input lin
e 2054.
LaTeX Encoding Info:    Redeclaring text command \IJ (encoding T1) on input lin
e 2055.
LaTeX Encoding Info:    Ignoring declaration for text command \ij (encoding ?) 
on input line 2056.
LaTeX Encoding Info:    Ignoring declaration for text command \IJ (encoding ?) 
on input line 2058.
LaTeX Encoding Info:    Ignoring declaration for text command \SS (encoding ?) 
on input line 2083.
\U@D=\dimen302
\l@unhyphenated=\language79

(C:\Program Files\MiKTeX\tex/generic/babel\txtbabel.def)
\bbl@readstream=\read3
LaTeX Info: Redefining \textlatin on input line 3942.
\bbl@dirlevel=\count359


Package babel Warning: Configuration files are deprecated, as
(babel)                they can break document portability.
(babel)                Reported on input line 4172.

*************************************
* Local config file bblopts.cfg used
*
(C:\Program Files\MiKTeX\tex/latex/arabi\bblopts.cfg
File: bblopts.cfg 2005/09/08 v0.1 add Arabic and Farsi to "declared" options of
 babel
)
(C:\Program Files\MiKTeX\tex/generic/babel/locale/es\babel-spanish.tex)
Package babel Info: Importing font and identification data for spanish
(babel)             from babel-es.ini. Reported on input line 4295.

(C:\Program Files\MiKTeX\tex/latex/babel-spanish\spanish.ldf
Language: spanish.ldf 2021/05/27 v5.0q Spanish support from the babel system
\es@quottoks=\toks48
\es@quotdepth=\count360
Package babel Info: Making " an active character on input line 570.
Package babel Info: Making . an active character on input line 675.
Package babel Info: Making < an active character on input line 722.
Package babel Info: Making > an active character on input line 722.
))
LaTeX Encoding Info:    Redeclaring text command \guillemotleft (encoding OT1) 
on input line 7.
LaTeX Encoding Info:    Redeclaring text command \guillemotright (encoding OT1)
 on input line 7.

(C:\Program Files\MiKTeX\tex/latex/base\fontenc.sty
Package: fontenc 2024/12/21 v2.1c Standard LaTeX package
)
(C:\Program Files\MiKTeX\tex/latex/listings\listings.sty
\lst@mode=\count361
\lst@gtempboxa=\box78
\lst@token=\toks49
\lst@length=\count362
\lst@currlwidth=\dimen303
\lst@column=\count363
\lst@pos=\count364
\lst@lostspace=\dimen304
\lst@width=\dimen305
\lst@newlines=\count365
\lst@lineno=\count366
\lst@maxwidth=\dimen306

(C:\Program Files\MiKTeX\tex/latex/listings\lstpatch.sty
File: lstpatch.sty 2024/09/23 1.10c (Carsten Heinz)
)
(C:\Program Files\MiKTeX\tex/latex/listings\lstmisc.sty
File: lstmisc.sty 2024/09/23 1.10c (Carsten Heinz)
\c@lstnumber=\count367
\lst@skipnumbers=\count368
\lst@framebox=\box79
)
(C:\Program Files\MiKTeX\tex/latex/listings\listings.cfg
File: listings.cfg 2024/09/23 1.10c listings configuration
))
Package: listings 2024/09/23 1.10c (Carsten Heinz)

(C:\Program Files\MiKTeX\tex/latex/textpos\textpos.sty
Package: textpos 2022/07/23 v1.10.1
Package textpos Info: choosing support for LaTeX3 on input line 60.
\TP@textbox=\box80
\TP@holdbox=\box81
\TPHorizModule=\dimen307
\TPVertModule=\dimen308
\TP@margin=\dimen309
\TP@absmargin=\dimen310

Grid set 16 x 16 = 22.7622pt x 17.07166pt
\TPboxrulesize=\dimen311
\TP@ox=\dimen312
\TP@oy=\dimen313
\TP@tbargs=\toks50
TextBlockOrigin set to 0pt x 0pt
) (C:\Program Files\MiKTeX\tex/latex/tcolorbox\tcolorbox.sty
Package: tcolorbox 2025/09/09 version 6.8.0 text color boxes

(C:\Program Files\MiKTeX\tex/latex/pgf/frontendlayer\tikz.sty
(C:\Program Files\MiKTeX\tex/latex/pgf/basiclayer\pgf.sty
Package: pgf 2025-08-29 v3.1.11a (3.1.11a)

(C:\Program Files\MiKTeX\tex/generic/pgf/modules\pgfmoduleshapes.code.tex
File: pgfmoduleshapes.code.tex 2025-08-29 v3.1.11a (3.1.11a)
\pgfnodeparttextbox=\box82
)
(C:\Program Files\MiKTeX\tex/generic/pgf/modules\pgfmoduleplot.code.tex
File: pgfmoduleplot.code.tex 2025-08-29 v3.1.11a (3.1.11a)
)
(C:\Program Files\MiKTeX\tex/latex/pgf/compatibility\pgfcomp-version-0-65.sty
Package: pgfcomp-version-0-65 2025-08-29 v3.1.11a (3.1.11a)
\pgf@nodesepstart=\dimen314
\pgf@nodesepend=\dimen315
)
(C:\Program Files\MiKTeX\tex/latex/pgf/compatibility\pgfcomp-version-1-18.sty
Package: pgfcomp-version-1-18 2025-08-29 v3.1.11a (3.1.11a)
)) (C:\Program Files\MiKTeX\tex/latex/pgf/utilities\pgffor.sty
(C:\Program Files\MiKTeX\tex/generic/pgf/utilities\pgffor.code.tex
Package: pgffor 2025-08-29 v3.1.11a (3.1.11a)
\pgffor@iter=\dimen316
\pgffor@skip=\dimen317
\pgffor@stack=\toks51
\pgffor@toks=\toks52
))
(C:\Program Files\MiKTeX\tex/generic/pgf/frontendlayer/tikz\tikz.code.tex
Package: tikz 2025-08-29 v3.1.11a (3.1.11a)

(C:\Program Files\MiKTeX\tex/generic/pgf/libraries\pgflibraryplothandlers.code.
tex
File: pgflibraryplothandlers.code.tex 2025-08-29 v3.1.11a (3.1.11a)
\pgf@plot@mark@count=\count369
\pgfplotmarksize=\dimen318
)
\tikz@lastx=\dimen319
\tikz@lasty=\dimen320
\tikz@lastxsaved=\dimen321
\tikz@lastysaved=\dimen322
\tikz@lastmovetox=\dimen323
\tikz@lastmovetoy=\dimen324
\tikzleveldistance=\dimen325
\tikzsiblingdistance=\dimen326
\tikz@figbox=\box83
\tikz@figbox@bg=\box84
\tikz@tempbox=\box85
\tikz@tempbox@bg=\box86
\tikztreelevel=\count370
\tikznumberofchildren=\count371
\tikznumberofcurrentchild=\count372
\tikz@fig@count=\count373
 (C:\Program Files\MiKTeX\tex/generic/pgf/modules\pgfmodulematrix.code.tex
File: pgfmodulematrix.code.tex 2025-08-29 v3.1.11a (3.1.11a)
\pgfmatrixcurrentrow=\count374
\pgfmatrixcurrentcolumn=\count375
\pgf@matrix@numberofcolumns=\count376
)
\tikz@expandcount=\count377

(C:\Program Files\MiKTeX\tex/generic/pgf/frontendlayer/tikz/libraries\tikzlibra
rytopaths.code.tex
File: tikzlibrarytopaths.code.tex 2025-08-29 v3.1.11a (3.1.11a)
))) (C:\Program Files\MiKTeX\tex/latex/tools\verbatim.sty
Package: verbatim 2024-01-22 v1.5x LaTeX2e package for verbatim enhancements
\every@verbatim=\toks53
\verbatim@line=\toks54
\verbatim@in@stream=\read4
)
(C:\Program Files\MiKTeX\tex/latex/environ\environ.sty
Package: environ 2014/05/04 v0.3 A new way to define environments

(C:\Program Files\MiKTeX\tex/latex/trimspaces\trimspaces.sty
Package: trimspaces 2009/09/17 v1.1 Trim spaces around a token list
))
\tcb@titlebox=\box87
\tcb@upperbox=\box88
\tcb@lowerbox=\box89
\tcb@phantombox=\box90
\c@tcbbreakpart=\count378
\c@tcblayer=\count379
\c@tcolorbox@number=\count380
\l__tcobox_tmpa_box=\box91
\l__tcobox_tmpa_dim=\dimen327
\tcb@temp=\box92
\tcb@temp=\box93
\tcb@temp=\box94
\tcb@temp=\box95

(C:\Program Files\MiKTeX\tex/latex/tcolorbox\tcbraster.code.tex
Library (tcolorbox): 'tcbraster.code.tex' version '6.8.0'
\c@tcbrastercolumn=\count381
\c@tcbrasterrow=\count382
\c@tcbrasternum=\count383
\c@tcbraster=\count384
) (C:\Program Files\MiKTeX\tex/latex/tcolorbox\tcbskins.code.tex
Library (tcolorbox): 'tcbskins.code.tex' version '6.8.0'
(C:\Program Files\MiKTeX\tex/latex/tikzfill\tikzfill.image.sty
Package: tikzfill.image 2023/08/08 v1.0.1 Image filling library for TikZ

(C:\Program Files\MiKTeX\tex/latex/tikzfill\tikzfill-common.sty
Package: tikzfill-common 2023/08/08 v1.0.1 Auxiliary code for tikzfill
)
(C:\Program Files\MiKTeX\tex/latex/tikzfill\tikzlibraryfill.image.code.tex
File: tikzlibraryfill.image.code.tex 2023/08/08 v1.0.1 Image filling library
\l__tikzfill_img_box=\box96
))
(C:\Program Files\MiKTeX\tex/latex/tcolorbox\tcbskinsjigsaw.code.tex
Library (tcolorbox): 'tcbskinsjigsaw.code.tex' version '6.8.0'
)) (C:\Program Files\MiKTeX\tex/latex/tcolorbox\tcbbreakable.code.tex
Library (tcolorbox): 'tcbbreakable.code.tex' version '6.8.0'
(C:\Program Files\MiKTeX\tex/latex/pdfcol\pdfcol.sty
Package: pdfcol 2022-09-21 v1.7 Handle new color stacks for pdfTeX (HO)
)
Package pdfcol Info: New color stack `tcb@breakable' = 1 on input line 23.
\tcb@testbox=\box97
\tcb@totalupperbox=\box98
\tcb@totallowerbox=\box99
)
(C:\Program Files\MiKTeX\tex/latex/tcolorbox\tcbhooks.code.tex
Library (tcolorbox): 'tcbhooks.code.tex' version '6.8.0'
) (C:\Program Files\MiKTeX\tex/latex/tcolorbox\tcbtheorems.code.tex
Library (tcolorbox): 'tcbtheorems.code.tex' version '6.8.0'
) (C:\Program Files\MiKTeX\tex/latex/tcolorbox\tcbfitting.code.tex
Library (tcolorbox): 'tcbfitting.code.tex' version '6.8.0'
\tcbfitdim=\dimen328
\tcb@lowerfitdim=\dimen329
\tcb@upperfitdim=\dimen330
\tcb@cur@hbadness=\count385
) (C:\Program Files\MiKTeX\tex/latex/tcolorbox\tcblistingsutf8.code.tex
Library (tcolorbox): 'tcblistingsutf8.code.tex' version '6.8.0'
(C:\Program Files\MiKTeX\tex/latex/tcolorbox\tcblistings.code.tex
Library (tcolorbox): 'tcblistings.code.tex' version '6.8.0'
(C:\Program Files\MiKTeX\tex/latex/tcolorbox\tcblistingscore.code.tex
Library (tcolorbox): 'tcblistingscore.code.tex' version '6.8.0'
(C:\Program Files\MiKTeX\tex/latex/tcolorbox\tcbprocessing.code.tex
Library (tcolorbox): 'tcbprocessing.code.tex' version '6.8.0'
)
\c@tcblisting=\count386
)) (C:\Program Files\MiKTeX\tex/latex/listingsutf8\listingsutf8.sty
Package: listingsutf8 2019-12-10 v1.5 Allow UTF-8 in listings input (HO)
))
(C:\Program Files\MiKTeX\tex/latex/tcolorbox\tcbexternal.code.tex
Library (tcolorbox): 'tcbexternal.code.tex' version '6.8.0'
) (C:\Program Files\MiKTeX\tex/latex/tcolorbox\tcbmagazine.code.tex
Library (tcolorbox): 'tcbmagazine.code.tex' version '6.8.0'
) (C:\Program Files\MiKTeX\tex/latex/tcolorbox\tcbvignette.code.tex
Library (tcolorbox): 'tcbvignette.code.tex' version '6.8.0'

(C:\Program Files\MiKTeX\tex/generic/pgf/frontendlayer/tikz/libraries\tikzlibra
ryfadings.code.tex
File: tikzlibraryfadings.code.tex 2025-08-29 v3.1.11a (3.1.11a)

(C:\Program Files\MiKTeX\tex/generic/pgf/libraries\pgflibraryfadings.code.tex
File: pgflibraryfadings.code.tex 2025-08-29 v3.1.11a (3.1.11a)
))) (C:\Program Files\MiKTeX\tex/latex/tcolorbox\tcbposter.code.tex
Library (tcolorbox): 'tcbposter.code.tex' version '6.8.0'
))
(C:\Program Files\MiKTeX\tex/generic/pgf/frontendlayer/tikz/libraries\tikzlibra
ryshapes.geometric.code.tex
File: tikzlibraryshapes.geometric.code.tex 2025-08-29 v3.1.11a (3.1.11a)

(C:\Program Files\MiKTeX\tex/generic/pgf/libraries/shapes\pgflibraryshapes.geom
etric.code.tex
File: pgflibraryshapes.geometric.code.tex 2025-08-29 v3.1.11a (3.1.11a)
))
(C:\Program Files\MiKTeX\tex/generic/pgf/libraries\pgflibraryarrows.meta.code.t
ex
File: pgflibraryarrows.meta.code.tex 2025-08-29 v3.1.11a (3.1.11a)
\pgfarrowinset=\dimen331
\pgfarrowlength=\dimen332
\pgfarrowwidth=\dimen333
\pgfarrowlinewidth=\dimen334
)
(C:\Program Files\MiKTeX\tex/generic/pgf/frontendlayer/tikz/libraries\tikzlibra
rypositioning.code.tex
File: tikzlibrarypositioning.code.tex 2025-08-29 v3.1.11a (3.1.11a)
)
(C:\Program Files\MiKTeX\tex/generic/pgf/frontendlayer/tikz/libraries\tikzlibra
rycalc.code.tex
File: tikzlibrarycalc.code.tex 2025-08-29 v3.1.11a (3.1.11a)
)
(C:\Program Files\MiKTeX\tex/latex/l3backend\l3backend-pdftex.def
File: l3backend-pdftex.def 2025-10-09 L3 backend support: PDF output (pdfTeX)
\l__color_backend_stack_int=\count387
) (Unit02.aux
LaTeX Info: Redefining \. on input line 12.
LaTeX Info: Redefining \% on input line 12.
Package babel Info: 'spanish' activates 'spanish' shorthands.
(babel)             Reported on input line 12.
)
\openout1 = `Unit02.aux'.

LaTeX Font Info:    Checking defaults for OML/cmm/m/it on input line 111.
LaTeX Font Info:    ... okay on input line 111.
LaTeX Font Info:    Checking defaults for OMS/cmsy/m/n on input line 111.
LaTeX Font Info:    ... okay on input line 111.
LaTeX Font Info:    Checking defaults for OT1/cmr/m/n on input line 111.
LaTeX Font Info:    ... okay on input line 111.
LaTeX Font Info:    Checking defaults for T1/cmr/m/n on input line 111.
LaTeX Font Info:    ... okay on input line 111.
LaTeX Font Info:    Checking defaults for TS1/cmr/m/n on input line 111.
LaTeX Font Info:    ... okay on input line 111.
LaTeX Font Info:    Checking defaults for OMX/cmex/m/n on input line 111.
LaTeX Font Info:    ... okay on input line 111.
LaTeX Font Info:    Checking defaults for U/cmr/m/n on input line 111.
LaTeX Font Info:    ... okay on input line 111.
LaTeX Font Info:    Checking defaults for PD1/pdf/m/n on input line 111.
LaTeX Font Info:    ... okay on input line 111.
LaTeX Font Info:    Checking defaults for PU/pdf/m/n on input line 111.
LaTeX Font Info:    ... okay on input line 111.
*geometry* driver: auto-detecting
*geometry* detected driver: pdftex
*geometry* verbose mode - [ preamble ] result:
* driver: pdftex
* paper: custom
* layout: <same size as paper>
* layoutoffset:(h,v)=(0.0pt,0.0pt)
* modes: includehead includefoot 
* h-part:(L,W,R)=(10.95003pt, 342.2953pt, 10.95003pt)
* v-part:(T,H,B)=(0.0pt, 273.14662pt, 0.0pt)
* \paperwidth=364.19536pt
* \paperheight=273.14662pt
* \textwidth=342.2953pt
* \textheight=244.6939pt
* \oddsidemargin=-61.31996pt
* \evensidemargin=-61.31996pt
* \topmargin=-72.26999pt
* \headheight=14.22636pt
* \headsep=0.0pt
* \topskip=11.0pt
* \footskip=14.22636pt
* \marginparwidth=4.0pt
* \marginparsep=10.0pt
* \columnsep=10.0pt
* \skip\footins=10.0pt plus 4.0pt minus 2.0pt
* \hoffset=0.0pt
* \voffset=0.0pt
* \mag=1000
* \@twocolumnfalse
* \@twosidefalse
* \@mparswitchfalse
* \@reversemarginfalse
* (1in=72.27pt=25.4mm, 1cm=28.453pt)

(C:\Program Files\MiKTeX\tex/context/base/mkii\supp-pdf.mkii
[Loading MPS to PDF converter (version 2006.09.02).]
\scratchcounter=\count388
\scratchdimen=\dimen335
\scratchbox=\box100
\nofMPsegments=\count389
\nofMParguments=\count390
\everyMPshowfont=\toks55
\MPscratchCnt=\count391
\MPscratchDim=\dimen336
\MPnumerator=\count392
\makeMPintoPDFobject=\count393
\everyMPtoPDFconversion=\toks56
) (C:\Program Files\MiKTeX\tex/latex/epstopdf-pkg\epstopdf-base.sty
Package: epstopdf-base 2020-01-24 v2.11 Base part for package epstopdf
Package epstopdf-base Info: Redefining graphics rule for `.eps' on input line 4
85.

(C:\Program Files\MiKTeX\tex/latex/00miktex\epstopdf-sys.cfg
File: epstopdf-sys.cfg 2021/03/18 v2.0 Configuration of epstopdf for MiKTeX
))
Package hyperref Info: Link coloring OFF on input line 111.
 (Unit02.out)
(Unit02.out)
\@outlinefile=\write5
\openout5 = `Unit02.out'.


(C:\Program Files\MiKTeX\tex/latex/translator\translator-basic-dictionary-Engli
sh.dict
Dictionary: translator-basic-dictionary, Language: English 
)
(C:\Program Files\MiKTeX\tex/latex/translator\translator-bibliography-dictionar
y-English.dict
Dictionary: translator-bibliography-dictionary, Language: English 
)
(C:\Program Files\MiKTeX\tex/latex/translator\translator-environment-dictionary
-English.dict
Dictionary: translator-environment-dictionary, Language: English 
)
(C:\Program Files\MiKTeX\tex/latex/translator\translator-months-dictionary-Engl
ish.dict
Dictionary: translator-months-dictionary, Language: English 
)
(C:\Program Files\MiKTeX\tex/latex/translator\translator-numbers-dictionary-Eng
lish.dict
Dictionary: translator-numbers-dictionary, Language: English 
)
(C:\Program Files\MiKTeX\tex/latex/translator\translator-theorem-dictionary-Eng
lish.dict
Dictionary: translator-theorem-dictionary, Language: English 
)
LaTeX Info: Redefining \. on input line 111.
LaTeX Info: Redefining \% on input line 111.
\c@lstlisting=\count394
 (Unit02.nav)

<images/IB.png, id=74, 301.125pt x 301.125pt>
File: images/IB.png Graphic file (type png)
<use images/IB.png>
Package pdftex.def Info: images/IB.png  used on input line 115.
(pdftex.def)             Requested size: 24.09048pt x 24.09048pt.
[1

{C:/Users/Leonardo Ortiz/AppData/Local/MiKTeX/fonts/map/pdftex/pdftex.map} <./i
mages/IB.png>] (Unit02.toc
LaTeX Info: Redefining \. on input line 1.
LaTeX Info: Redefining \% on input line 1.
)

File: images/IB.png Graphic file (type png)
<use images/IB.png>
Package pdftex.def Info: images/IB.png  used on input line 119.
(pdftex.def)             Requested size: 24.09048pt x 24.09048pt.
[2

]
<images/2_HALCON_logo.png, id=105, 752.8125pt x 255.95625pt>
File: images/2_HALCON_logo.png Graphic file (type png)
<use images/2_HALCON_logo.png>
Package pdftex.def Info: images/2_HALCON_logo.png  used on input line 128.
(pdftex.def)             Requested size: 308.06367pt x 104.74355pt.


File: images/IB.png Graphic file (type png)
<use images/IB.png>
Package pdftex.def Info: images/IB.png  used on input line 128.
(pdftex.def)             Requested size: 24.09048pt x 24.09048pt.
[3

 <./images/2_HALCON_logo.png>]

File: images/IB.png Graphic file (type png)
<use images/IB.png>
Package pdftex.def Info: images/IB.png  used on input line 132.
(pdftex.def)             Requested size: 24.09048pt x 24.09048pt.
[4

]

File: images/IB.png Graphic file (type png)
<use images/IB.png>
Package pdftex.def Info: images/IB.png  used on input line 146.
(pdftex.def)             Requested size: 24.09048pt x 24.09048pt.
[5

]
<images/2_HALCON_structure.png, id=129, 800.23969pt x 509.65407pt>
File: images/2_HALCON_structure.png Graphic file (type png)
<use images/2_HALCON_structure.png>
Package pdftex.def Info: images/2_HALCON_structure.png  used on input line 154.

(pdftex.def)             Requested size: 308.06367pt x 196.19797pt.


File: images/IB.png Graphic file (type png)
<use images/IB.png>
Package pdftex.def Info: images/IB.png  used on input line 154.
(pdftex.def)             Requested size: 24.09048pt x 24.09048pt.
[6

 <./images/2_HALCON_structure.png>]
<images/2_HALCON_core.png, id=138, 897.3525pt x 317.68687pt>
File: images/2_HALCON_core.png Graphic file (type png)
<use images/2_HALCON_core.png>
Package pdftex.def Info: images/2_HALCON_core.png  used on input line 163.
(pdftex.def)             Requested size: 342.2953pt x 121.17792pt.


File: images/IB.png Graphic file (type png)
<use images/IB.png>
Package pdftex.def Info: images/IB.png  used on input line 163.
(pdftex.def)             Requested size: 24.09048pt x 24.09048pt.
[7

 <./images/2_HALCON_core.png>]
LaTeX Font Info:    Trying to load font information for U+msa on input line 179
.

(C:\Program Files\MiKTeX\tex/latex/amsfonts\umsa.fd
File: umsa.fd 2013/01/14 v3.01 AMS symbols A
)
LaTeX Font Info:    Trying to load font information for U+msb on input line 179
.

(C:\Program Files\MiKTeX\tex/latex/amsfonts\umsb.fd
File: umsb.fd 2013/01/14 v3.01 AMS symbols B
)
<images/2_HALCON_module.png, id=147, 607.51968pt x 159.59625pt>
File: images/2_HALCON_module.png Graphic file (type png)
<use images/2_HALCON_module.png>
Package pdftex.def Info: images/2_HALCON_module.png  used on input line 179.
(pdftex.def)             Requested size: 308.06367pt x 80.9303pt.


File: images/IB.png Graphic file (type png)
<use images/IB.png>
Package pdftex.def Info: images/IB.png  used on input line 179.
(pdftex.def)             Requested size: 24.09048pt x 24.09048pt.
[8

 <./images/2_HALCON_module.png>]
<images/2_HALCON_module_2.png, id=156, 636.87938pt x 270.25969pt>
File: images/2_HALCON_module_2.png Graphic file (type png)
<use images/2_HALCON_module_2.png>
Package pdftex.def Info: images/2_HALCON_module_2.png  used on input line 187.
(pdftex.def)             Requested size: 308.06367pt x 130.72525pt.


File: images/IB.png Graphic file (type png)
<use images/IB.png>
Package pdftex.def Info: images/IB.png  used on input line 187.
(pdftex.def)             Requested size: 24.09048pt x 24.09048pt.
[9

 <./images/2_HALCON_module_2.png>]
<images/2_HALCON_registers_ports.png, id=164, 737.00343pt x 185.19188pt>
File: images/2_HALCON_registers_ports.png Graphic file (type png)
<use images/2_HALCON_registers_ports.png>
Package pdftex.def Info: images/2_HALCON_registers_ports.png  used on input lin
e 205.
(pdftex.def)             Requested size: 308.06367pt x 77.40704pt.


File: images/IB.png Graphic file (type png)
<use images/IB.png>
Package pdftex.def Info: images/IB.png  used on input line 205.
(pdftex.def)             Requested size: 24.09048pt x 24.09048pt.
[10

 <./images/2_HALCON_registers_ports.png>]
<images/2_HALCON_register_ports_2.png, id=173, 1044.90375pt x 424.58624pt>
File: images/2_HALCON_register_ports_2.png Graphic file (type png)
<use images/2_HALCON_register_ports_2.png>
Package pdftex.def Info: images/2_HALCON_register_ports_2.png  used on input li
ne 214.
(pdftex.def)             Requested size: 342.2953pt x 139.09026pt.


File: images/IB.png Graphic file (type png)
<use images/IB.png>
Package pdftex.def Info: images/IB.png  used on input line 214.
(pdftex.def)             Requested size: 24.09048pt x 24.09048pt.
[11

 <./images/2_HALCON_register_ports_2.png>]
<images/2_HALCON_puerto_combinacional.png, id=181, 523.20468pt x 301.8778pt>
File: images/2_HALCON_puerto_combinacional.png Graphic file (type png)
<use images/2_HALCON_puerto_combinacional.png>
Package pdftex.def Info: images/2_HALCON_puerto_combinacional.png  used on inpu
t line 243.
(pdftex.def)             Requested size: 171.14764pt x 98.74478pt.
<images/2_HALCON_puerto_secuencial.png, id=182, 472.76625pt x 313.17pt>
File: images/2_HALCON_puerto_secuencial.png Graphic file (type png)
<use images/2_HALCON_puerto_secuencial.png>
Package pdftex.def Info: images/2_HALCON_puerto_secuencial.png  used on input l
ine 243.
(pdftex.def)             Requested size: 171.14764pt x 113.37187pt.


File: images/IB.png Graphic file (type png)
<use images/IB.png>
Package pdftex.def Info: images/IB.png  used on input line 243.
(pdftex.def)             Requested size: 24.09048pt x 24.09048pt.
[12

 <./images/2_HALCON_puerto_combinacional.png> <./images/2_HALCON_puerto_secuenc
ial.png>]
<images/2_HALCON_clock.png, id=190, 734.745pt x 182.18062pt>
File: images/2_HALCON_clock.png Graphic file (type png)
<use images/2_HALCON_clock.png>
Package pdftex.def Info: images/2_HALCON_clock.png  used on input line 258.
(pdftex.def)             Requested size: 325.17949pt x 80.6295pt.


File: images/IB.png Graphic file (type png)
<use images/IB.png>
Package pdftex.def Info: images/IB.png  used on input line 258.
(pdftex.def)             Requested size: 24.09048pt x 24.09048pt.
[13

 <./images/2_HALCON_clock.png>]
<images/2_HALCON_clock_2.png, id=199, 786.68906pt x 490.83376pt>
File: images/2_HALCON_clock_2.png Graphic file (type png)
<use images/2_HALCON_clock_2.png>
Package pdftex.def Info: images/2_HALCON_clock_2.png  used on input line 266.
(pdftex.def)             Requested size: 308.06367pt x 192.21078pt.


File: images/IB.png Graphic file (type png)
<use images/IB.png>
Package pdftex.def Info: images/IB.png  used on input line 266.
(pdftex.def)             Requested size: 24.09048pt x 24.09048pt.
[14

 <./images/2_HALCON_clock_2.png>]
<images/2_HALCON_clock_3.png, id=207, 768.62157pt x 539.76656pt>
File: images/2_HALCON_clock_3.png Graphic file (type png)
<use images/2_HALCON_clock_3.png>
Package pdftex.def Info: images/2_HALCON_clock_3.png  used on input line 274.
(pdftex.def)             Requested size: 308.06367pt x 216.33931pt.

Overfull \vbox (8.9849pt too high) detected at line 274
 []



File: images/IB.png Graphic file (type png)
<use images/IB.png>
Package pdftex.def Info: images/IB.png  used on input line 274.
(pdftex.def)             Requested size: 24.09048pt x 24.09048pt.
[15

 <./images/2_HALCON_clock_3.png>]
<images/2_HALCON_clock_4.png, id=215, 771.63281pt x 494.59781pt>
File: images/2_HALCON_clock_4.png Graphic file (type png)
<use images/2_HALCON_clock_4.png>
Package pdftex.def Info: images/2_HALCON_clock_4.png  used on input line 282.
(pdftex.def)             Requested size: 308.06367pt x 197.45827pt.


File: images/IB.png Graphic file (type png)
<use images/IB.png>
Package pdftex.def Info: images/IB.png  used on input line 282.
(pdftex.def)             Requested size: 24.09048pt x 24.09048pt.
[16

 <./images/2_HALCON_clock_4.png>]
<images/2_HALCON_clock_5.png, id=223, 1038.12843pt x 400.49625pt>
File: images/2_HALCON_clock_5.png Graphic file (type png)
<use images/2_HALCON_clock_5.png>
Package pdftex.def Info: images/2_HALCON_clock_5.png  used on input line 291.
(pdftex.def)             Requested size: 342.2953pt x 132.04805pt.


File: images/IB.png Graphic file (type png)
<use images/IB.png>
Package pdftex.def Info: images/IB.png  used on input line 291.
(pdftex.def)             Requested size: 24.09048pt x 24.09048pt.
[17

 <./images/2_HALCON_clock_5.png>]
<images/2_HALCON_clock_6.png, id=233, 510.40688pt x 547.2947pt>
File: images/2_HALCON_clock_6.png Graphic file (type png)
<use images/2_HALCON_clock_6.png>
Package pdftex.def Info: images/2_HALCON_clock_6.png  used on input line 321.
(pdftex.def)             Requested size: 171.14764pt x 183.51396pt.


File: images/IB.png Graphic file (type png)
<use images/IB.png>
Package pdftex.def Info: images/IB.png  used on input line 321.
(pdftex.def)             Requested size: 24.09048pt x 24.09048pt.
[18

 <./images/2_HALCON_clock_6.png>]
File: images/2_HALCON_clock_2.png Graphic file (type png)
<use images/2_HALCON_clock_2.png>
Package pdftex.def Info: images/2_HALCON_clock_2.png  used on input line 329.
(pdftex.def)             Requested size: 308.06367pt x 192.21078pt.


File: images/IB.png Graphic file (type png)
<use images/IB.png>
Package pdftex.def Info: images/IB.png  used on input line 329.
(pdftex.def)             Requested size: 24.09048pt x 24.09048pt.
[19

]
<images/2_HALCON_simulator.png, id=249, 867.24pt x 217.5628pt>
File: images/2_HALCON_simulator.png Graphic file (type png)
<use images/2_HALCON_simulator.png>
Package pdftex.def Info: images/2_HALCON_simulator.png  used on input line 343.

(pdftex.def)             Requested size: 308.06367pt x 77.28346pt.


File: images/IB.png Graphic file (type png)
<use images/IB.png>
Package pdftex.def Info: images/IB.png  used on input line 343.
(pdftex.def)             Requested size: 24.09048pt x 24.09048pt.
[20

 <./images/2_HALCON_simulator.png>]
File: images/2_HALCON_simulator.png Graphic file (type png)
<use images/2_HALCON_simulator.png>
Package pdftex.def Info: images/2_HALCON_simulator.png  used on input line 358.

(pdftex.def)             Requested size: 308.06367pt x 77.28346pt.


File: images/IB.png Graphic file (type png)
<use images/IB.png>
Package pdftex.def Info: images/IB.png  used on input line 358.
(pdftex.def)             Requested size: 24.09048pt x 24.09048pt.
[21

]
<images/2_HALCON_simulator_1_code.png, id=264, 557.83406pt x 169.38281pt>
File: images/2_HALCON_simulator_1_code.png Graphic file (type png)
<use images/2_HALCON_simulator_1_code.png>
Package pdftex.def Info: images/2_HALCON_simulator_1_code.png  used on input li
ne 381.
(pdftex.def)             Requested size: 205.37926pt x 62.3605pt.
<images/2_HALCON_simulator_1.png, id=265, 865.73438pt x 367.3725pt>
File: images/2_HALCON_simulator_1.png Graphic file (type png)
<use images/2_HALCON_simulator_1.png>
Package pdftex.def Info: images/2_HALCON_simulator_1.png  used on input line 38
1.
(pdftex.def)             Requested size: 308.06367pt x 130.72365pt.


File: images/IB.png Graphic file (type png)
<use images/IB.png>
Package pdftex.def Info: images/IB.png  used on input line 381.
(pdftex.def)             Requested size: 24.09048pt x 24.09048pt.
[22

 <./images/2_HALCON_simulator_1_code.png> <./images/2_HALCON_simulator_1.png>]
<images/2_HALCON_simulator_2_code.png, id=274, 351.56343pt x 167.12437pt>
File: images/2_HALCON_simulator_2_code.png Graphic file (type png)
<use images/2_HALCON_simulator_2_code.png>
Package pdftex.def Info: images/2_HALCON_simulator_2_code.png  used on input li
ne 396.
(pdftex.def)             Requested size: 154.03183pt x 73.22127pt.
<images/2_HALCON_simulator_2.png, id=275, 866.48718pt x 370.38374pt>
File: images/2_HALCON_simulator_2.png Graphic file (type png)
<use images/2_HALCON_simulator_2.png>
Package pdftex.def Info: images/2_HALCON_simulator_2.png  used on input line 39
6.
(pdftex.def)             Requested size: 273.83728pt x 117.05014pt.


File: images/IB.png Graphic file (type png)
<use images/IB.png>
Package pdftex.def Info: images/IB.png  used on input line 396.
(pdftex.def)             Requested size: 24.09048pt x 24.09048pt.
[23

 <./images/2_HALCON_simulator_2_code.png> <./images/2_HALCON_simulator_2.png>]
<images/2_HALCON_simulator_3_code.png, id=283, 345.54094pt x 168.63pt>
File: images/2_HALCON_simulator_3_code.png Graphic file (type png)
<use images/2_HALCON_simulator_3_code.png>
Package pdftex.def Info: images/2_HALCON_simulator_3_code.png  used on input li
ne 411.
(pdftex.def)             Requested size: 154.03183pt x 75.17004pt.
<images/2_HALCON_simulator_3.png, id=284, 863.47594pt x 368.1253pt>
File: images/2_HALCON_simulator_3.png Graphic file (type png)
<use images/2_HALCON_simulator_3.png>
Package pdftex.def Info: images/2_HALCON_simulator_3.png  used on input line 41
1.
(pdftex.def)             Requested size: 273.83728pt x 116.74086pt.


File: images/IB.png Graphic file (type png)
<use images/IB.png>
Package pdftex.def Info: images/IB.png  used on input line 411.
(pdftex.def)             Requested size: 24.09048pt x 24.09048pt.
[24

 <./images/2_HALCON_simulator_3_code.png> <./images/2_HALCON_simulator_3.png>]
<images/2_HALCON_simulator_4_code.png, id=292, 493.845pt x 170.13562pt>
File: images/2_HALCON_simulator_4_code.png Graphic file (type png)
<use images/2_HALCON_simulator_4_code.png>
Package pdftex.def Info: images/2_HALCON_simulator_4_code.png  used on input li
ne 425.
(pdftex.def)             Requested size: 205.37926pt x 70.75552pt.
<images/2_HALCON_simulator_4.png, id=293, 867.99281pt x 369.63094pt>
File: images/2_HALCON_simulator_4.png Graphic file (type png)
<use images/2_HALCON_simulator_4.png>
Package pdftex.def Info: images/2_HALCON_simulator_4.png  used on input line 42
5.
(pdftex.def)             Requested size: 273.83728pt x 116.61484pt.


File: images/IB.png Graphic file (type png)
<use images/IB.png>
Package pdftex.def Info: images/IB.png  used on input line 425.
(pdftex.def)             Requested size: 24.09048pt x 24.09048pt.
[25

 <./images/2_HALCON_simulator_4_code.png> <./images/2_HALCON_simulator_4.png>]
<images/2_HALCON_simulator_5_code.png, id=302, 464.4853pt x 172.39406pt>
File: images/2_HALCON_simulator_5_code.png Graphic file (type png)
<use images/2_HALCON_simulator_5_code.png>
Package pdftex.def Info: images/2_HALCON_simulator_5_code.png  used on input li
ne 439.
(pdftex.def)             Requested size: 188.26346pt x 69.87445pt.
<images/2_HALCON_simulator_5.png, id=303, 858.95906pt x 368.87813pt>
File: images/2_HALCON_simulator_5.png Graphic file (type png)
<use images/2_HALCON_simulator_5.png>
Package pdftex.def Info: images/2_HALCON_simulator_5.png  used on input line 43
9.
(pdftex.def)             Requested size: 273.83728pt x 117.59874pt.


File: images/IB.png Graphic file (type png)
<use images/IB.png>
Package pdftex.def Info: images/IB.png  used on input line 439.
(pdftex.def)             Requested size: 24.09048pt x 24.09048pt.
[26

 <./images/2_HALCON_simulator_5_code.png> <./images/2_HALCON_simulator_5.png>]
<images/2_HALCON_simulator_6_code.png, id=311, 480.29437pt x 167.12437pt>
File: images/2_HALCON_simulator_6_code.png Graphic file (type png)
<use images/2_HALCON_simulator_6_code.png>
Package pdftex.def Info: images/2_HALCON_simulator_6_code.png  used on input li
ne 454.
(pdftex.def)             Requested size: 188.26346pt x 65.50975pt.
<images/2_HALCON_simulator_6.png, id=312, 858.95906pt x 367.3725pt>
File: images/2_HALCON_simulator_6.png Graphic file (type png)
<use images/2_HALCON_simulator_6.png>
Package pdftex.def Info: images/2_HALCON_simulator_6.png  used on input line 45
4.
(pdftex.def)             Requested size: 273.83728pt x 117.11874pt.


File: images/IB.png Graphic file (type png)
<use images/IB.png>
Package pdftex.def Info: images/IB.png  used on input line 454.
(pdftex.def)             Requested size: 24.09048pt x 24.09048pt.
[27

 <./images/2_HALCON_simulator_6_code.png> <./images/2_HALCON_simulator_6.png>]
<images/2_HALCON_simulator_7_code.png, id=320, 483.30562pt x 169.38281pt>
File: images/2_HALCON_simulator_7_code.png Graphic file (type png)
<use images/2_HALCON_simulator_7_code.png>
Package pdftex.def Info: images/2_HALCON_simulator_7_code.png  used on input li
ne 469.
(pdftex.def)             Requested size: 188.26346pt x 65.9789pt.
<images/2_HALCON_simulator_7.png, id=321, 860.46469pt x 368.1253pt>
File: images/2_HALCON_simulator_7.png Graphic file (type png)
<use images/2_HALCON_simulator_7.png>
Package pdftex.def Info: images/2_HALCON_simulator_7.png  used on input line 46
9.
(pdftex.def)             Requested size: 273.83728pt x 117.15652pt.


File: images/IB.png Graphic file (type png)
<use images/IB.png>
Package pdftex.def Info: images/IB.png  used on input line 469.
(pdftex.def)             Requested size: 24.09048pt x 24.09048pt.
[28

 <./images/2_HALCON_simulator_7_code.png> <./images/2_HALCON_simulator_7.png>]
<images/2_HALCON_simulator_8_code.png, id=329, 485.56406pt x 170.88844pt>
File: images/2_HALCON_simulator_8_code.png Graphic file (type png)
<use images/2_HALCON_simulator_8_code.png>
Package pdftex.def Info: images/2_HALCON_simulator_8_code.png  used on input li
ne 484.
(pdftex.def)             Requested size: 188.26346pt x 66.25508pt.
<images/2_HALCON_simulator_8.png, id=330, 860.46469pt x 368.87813pt>
File: images/2_HALCON_simulator_8.png Graphic file (type png)
<use images/2_HALCON_simulator_8.png>
Package pdftex.def Info: images/2_HALCON_simulator_8.png  used on input line 48
4.
(pdftex.def)             Requested size: 273.83728pt x 117.39612pt.


File: images/IB.png Graphic file (type png)
<use images/IB.png>
Package pdftex.def Info: images/IB.png  used on input line 484.
(pdftex.def)             Requested size: 24.09048pt x 24.09048pt.
[29

 <./images/2_HALCON_simulator_8_code.png> <./images/2_HALCON_simulator_8.png>]
<images/2_HALCON_simulator_9_code.png, id=338, 385.44pt x 168.63pt>
File: images/2_HALCON_simulator_9_code.png Graphic file (type png)
<use images/2_HALCON_simulator_9_code.png>
Package pdftex.def Info: images/2_HALCON_simulator_9_code.png  used on input li
ne 498.
(pdftex.def)             Requested size: 188.26346pt x 82.36438pt.
<images/2_HALCON_simulator_9.png, id=339, 902.6222pt x 366.61969pt>
File: images/2_HALCON_simulator_9.png Graphic file (type png)
<use images/2_HALCON_simulator_9.png>
Package pdftex.def Info: images/2_HALCON_simulator_9.png  used on input line 49
8.
(pdftex.def)             Requested size: 273.83728pt x 111.22305pt.


File: images/IB.png Graphic file (type png)
<use images/IB.png>
Package pdftex.def Info: images/IB.png  used on input line 498.
(pdftex.def)             Requested size: 24.09048pt x 24.09048pt.
[30

 <./images/2_HALCON_simulator_9_code.png> <./images/2_HALCON_simulator_9.png>]
<images/2_HALCON_simulator_10.png, id=347, 859.71187pt x 365.86688pt>
File: images/2_HALCON_simulator_10.png Graphic file (type png)
<use images/2_HALCON_simulator_10.png>
Package pdftex.def Info: images/2_HALCON_simulator_10.png  used on input line 5
07.
(pdftex.def)             Requested size: 342.2953pt x 145.66866pt.


File: images/IB.png Graphic file (type png)
<use images/IB.png>
Package pdftex.def Info: images/IB.png  used on input line 507.
(pdftex.def)             Requested size: 24.09048pt x 24.09048pt.
[31

 <./images/2_HALCON_simulator_10.png>]
<images/2_HALCON_LOGS.png, id=356, 364.36125pt x 435.87843pt>
File: images/2_HALCON_LOGS.png Graphic file (type png)
<use images/2_HALCON_LOGS.png>
Package pdftex.def Info: images/2_HALCON_LOGS.png  used on input line 531.
(pdftex.def)             Requested size: 171.14764pt x 204.73651pt.


File: images/IB.png Graphic file (type png)
<use images/IB.png>
Package pdftex.def Info: images/IB.png  used on input line 531.
(pdftex.def)             Requested size: 24.09048pt x 24.09048pt.
[32

 <./images/2_HALCON_LOGS.png>]
<images/2_HALCON_LOGS_2.png, id=363, 989.94844pt x 332.74312pt>
File: images/2_HALCON_LOGS_2.png Graphic file (type png)
<use images/2_HALCON_LOGS_2.png>
Package pdftex.def Info: images/2_HALCON_LOGS_2.png  used on input line 538.
(pdftex.def)             Requested size: 342.2953pt x 115.05035pt.


File: images/IB.png Graphic file (type png)
<use images/IB.png>
Package pdftex.def Info: images/IB.png  used on input line 538.
(pdftex.def)             Requested size: 24.09048pt x 24.09048pt.
[33

 <./images/2_HALCON_LOGS_2.png>]
<images/2_HALCON_sweep.png, id=371, 395.97937pt x 260.47313pt>
File: images/2_HALCON_sweep.png Graphic file (type png)
<use images/2_HALCON_sweep.png>
Package pdftex.def Info: images/2_HALCON_sweep.png  used on input line 547.
(pdftex.def)             Requested size: 188.26346pt x 123.84128pt.


File: images/IB.png Graphic file (type png)
<use images/IB.png>
Package pdftex.def Info: images/IB.png  used on input line 547.
(pdftex.def)             Requested size: 24.09048pt x 24.09048pt.
[34

 <./images/2_HALCON_sweep.png>]
<images/2_HALCON_sweep_2.png, id=379, 1063.72406pt x 370.38374pt>
File: images/2_HALCON_sweep_2.png Graphic file (type png)
<use images/2_HALCON_sweep_2.png>
Package pdftex.def Info: images/2_HALCON_sweep_2.png  used on input line 555.
(pdftex.def)             Requested size: 342.2953pt x 119.1808pt.


File: images/IB.png Graphic file (type png)
<use images/IB.png>
Package pdftex.def Info: images/IB.png  used on input line 555.
(pdftex.def)             Requested size: 24.09048pt x 24.09048pt.
[35

 <./images/2_HALCON_sweep_2.png>]
<images/2_HALCON_sweep_3.png, id=387, 1050.17343pt x 465.99094pt>
File: images/2_HALCON_sweep_3.png Graphic file (type png)
<use images/2_HALCON_sweep_3.png>
Package pdftex.def Info: images/2_HALCON_sweep_3.png  used on input line 563.
(pdftex.def)             Requested size: 342.2953pt x 151.8861pt.


File: images/IB.png Graphic file (type png)
<use images/IB.png>
Package pdftex.def Info: images/IB.png  used on input line 563.
(pdftex.def)             Requested size: 24.09048pt x 24.09048pt.
[36

 <./images/2_HALCON_sweep_3.png>]
<images/2_HALCON_sweep_4.png, id=395, 1053.1847pt x 281.55188pt>
File: images/2_HALCON_sweep_4.png Graphic file (type png)
<use images/2_HALCON_sweep_4.png>
Package pdftex.def Info: images/2_HALCON_sweep_4.png  used on input line 571.
(pdftex.def)             Requested size: 342.2953pt x 91.50757pt.


File: images/IB.png Graphic file (type png)
<use images/IB.png>
Package pdftex.def Info: images/IB.png  used on input line 571.
(pdftex.def)             Requested size: 24.09048pt x 24.09048pt.
[37

 <./images/2_HALCON_sweep_4.png>]
<images/2_HALCON_sweep_5.png, id=404, 999.735pt x 514.17094pt>
File: images/2_HALCON_sweep_5.png Graphic file (type png)
<use images/2_HALCON_sweep_5.png>
Package pdftex.def Info: images/2_HALCON_sweep_5.png  used on input line 579.
(pdftex.def)             Requested size: 342.2953pt x 176.03972pt.


File: images/IB.png Graphic file (type png)
<use images/IB.png>
Package pdftex.def Info: images/IB.png  used on input line 579.
(pdftex.def)             Requested size: 24.09048pt x 24.09048pt.
[38

 <./images/2_HALCON_sweep_5.png>]
<images/2_HALCON_sweep_6.png, id=412, 1015.54407pt x 529.98pt>
File: images/2_HALCON_sweep_6.png Graphic file (type png)
<use images/2_HALCON_sweep_6.png>
Package pdftex.def Info: images/2_HALCON_sweep_6.png  used on input line 587.
(pdftex.def)             Requested size: 342.2953pt x 178.63005pt.


File: images/IB.png Graphic file (type png)
<use images/IB.png>
Package pdftex.def Info: images/IB.png  used on input line 587.
(pdftex.def)             Requested size: 24.09048pt x 24.09048pt.
[39

 <./images/2_HALCON_sweep_6.png>]
<images/2_HALCON_sweep_7.png, id=420, 1088.56688pt x 651.93562pt>
File: images/2_HALCON_sweep_7.png Graphic file (type png)
<use images/2_HALCON_sweep_7.png>
Package pdftex.def Info: images/2_HALCON_sweep_7.png  used on input line 595.
(pdftex.def)             Requested size: 342.2953pt x 204.99274pt.


File: images/IB.png Graphic file (type png)
<use images/IB.png>
Package pdftex.def Info: images/IB.png  used on input line 595.
(pdftex.def)             Requested size: 24.09048pt x 24.09048pt.
[40

 <./images/2_HALCON_sweep_7.png>]

File: images/IB.png Graphic file (type png)
<use images/IB.png>
Package pdftex.def Info: images/IB.png  used on input line 602.
(pdftex.def)             Requested size: 24.09048pt x 24.09048pt.
[41

]
<images/2_HALCON_sr_1.png, id=435, 526.21594pt x 168.63pt>
File: images/2_HALCON_sr_1.png Graphic file (type png)
<use images/2_HALCON_sr_1.png>
Package pdftex.def Info: images/2_HALCON_sr_1.png  used on input line 618.
(pdftex.def)             Requested size: 171.14764pt x 54.84526pt.
<images/2_HALCON_sr_1_code.png, id=436, 490.08093pt x 581.92406pt>
File: images/2_HALCON_sr_1_code.png Graphic file (type png)
<use images/2_HALCON_sr_1_code.png>
Package pdftex.def Info: images/2_HALCON_sr_1_code.png  used on input line 618.

(pdftex.def)             Requested size: 171.14764pt x 203.21474pt.


File: images/IB.png Graphic file (type png)
<use images/IB.png>
Package pdftex.def Info: images/IB.png  used on input line 618.
(pdftex.def)             Requested size: 24.09048pt x 24.09048pt.
[42

 <./images/2_HALCON_sr_1.png> <./images/2_HALCON_sr_1_code.png>]
File: images/2_HALCON_sr_1.png Graphic file (type png)
<use images/2_HALCON_sr_1.png>
Package pdftex.def Info: images/2_HALCON_sr_1.png  used on input line 634.
(pdftex.def)             Requested size: 171.14764pt x 54.84526pt.
<images/2_HALCON_sr_2_code.png, id=444, 474.27188pt x 585.68813pt>
File: images/2_HALCON_sr_2_code.png Graphic file (type png)
<use images/2_HALCON_sr_2_code.png>
Package pdftex.def Info: images/2_HALCON_sr_2_code.png  used on input line 634.

(pdftex.def)             Requested size: 171.14764pt x 211.34802pt.

Overfull \vbox (4.9936pt too high) detected at line 634
 []



File: images/IB.png Graphic file (type png)
<use images/IB.png>
Package pdftex.def Info: images/IB.png  used on input line 634.
(pdftex.def)             Requested size: 24.09048pt x 24.09048pt.
[43

 <./images/2_HALCON_sr_2_code.png>]
File: images/2_HALCON_sr_1.png Graphic file (type png)
<use images/2_HALCON_sr_1.png>
Package pdftex.def Info: images/2_HALCON_sr_1.png  used on input line 650.
(pdftex.def)             Requested size: 171.14764pt x 54.84526pt.
<images/2_HALCON_sr_3_code.png, id=453, 499.11469pt x 627.84563pt>
File: images/2_HALCON_sr_3_code.png Graphic file (type png)
<use images/2_HALCON_sr_3_code.png>
Package pdftex.def Info: images/2_HALCON_sr_3_code.png  used on input line 650.

(pdftex.def)             Requested size: 171.14764pt x 215.28491pt.

Overfull \vbox (8.9305pt too high) detected at line 650
 []



File: images/IB.png Graphic file (type png)
<use images/IB.png>
Package pdftex.def Info: images/IB.png  used on input line 650.
(pdftex.def)             Requested size: 24.09048pt x 24.09048pt.
[44

 <./images/2_HALCON_sr_3_code.png>]
<images/2_HALCON_sr_4.png, id=461, 533.74406pt x 298.86656pt>
File: images/2_HALCON_sr_4.png Graphic file (type png)
<use images/2_HALCON_sr_4.png>
Package pdftex.def Info: images/2_HALCON_sr_4.png  used on input line 668.
(pdftex.def)             Requested size: 171.14764pt x 95.83078pt.
<images/2_HALCON_sr_4_code.png, id=462, 492.33937pt x 621.82312pt>
File: images/2_HALCON_sr_4_code.png Graphic file (type png)
<use images/2_HALCON_sr_4_code.png>
Package pdftex.def Info: images/2_HALCON_sr_4_code.png  used on input line 668.

(pdftex.def)             Requested size: 171.14764pt x 216.16118pt.

Overfull \vbox (9.80676pt too high) detected at line 668
 []



File: images/IB.png Graphic file (type png)
<use images/IB.png>
Package pdftex.def Info: images/IB.png  used on input line 668.
(pdftex.def)             Requested size: 24.09048pt x 24.09048pt.
[45

 <./images/2_HALCON_sr_4.png> <./images/2_HALCON_sr_4_code.png>]
<images/2_HALCON_sr_5_code_1.png, id=470, 477.28313pt x 439.6425pt>
File: images/2_HALCON_sr_5_code_1.png Graphic file (type png)
<use images/2_HALCON_sr_5_code_1.png>
Package pdftex.def Info: images/2_HALCON_sr_5_code_1.png  used on input line 68
4.
(pdftex.def)             Requested size: 171.14764pt x 157.6473pt.
<images/2_HALCON_sr_5_code_2.png, id=471, 510.40688pt x 580.41844pt>
File: images/2_HALCON_sr_5_code_2.png Graphic file (type png)
<use images/2_HALCON_sr_5_code_2.png>
Package pdftex.def Info: images/2_HALCON_sr_5_code_2.png  used on input line 68
4.
(pdftex.def)             Requested size: 171.14764pt x 194.62073pt.


File: images/IB.png Graphic file (type png)
<use images/IB.png>
Package pdftex.def Info: images/IB.png  used on input line 684.
(pdftex.def)             Requested size: 24.09048pt x 24.09048pt.
[46

 <./images/2_HALCON_sr_5_code_1.png> <./images/2_HALCON_sr_5_code_2.png>]
<images/2_HALCON_sr_6_code_1.png, id=479, 390.70969pt x 440.39531pt>
File: images/2_HALCON_sr_6_code_1.png Graphic file (type png)
<use images/2_HALCON_sr_6_code_1.png>
Package pdftex.def Info: images/2_HALCON_sr_6_code_1.png  used on input line 70
0.
(pdftex.def)             Requested size: 171.14764pt x 192.91438pt.
<images/2_HALCON_sr_6_code_2.png, id=480, 487.8225pt x 493.0922pt>
File: images/2_HALCON_sr_6_code_2.png Graphic file (type png)
<use images/2_HALCON_sr_6_code_2.png>
Package pdftex.def Info: images/2_HALCON_sr_6_code_2.png  used on input line 70
0.
(pdftex.def)             Requested size: 171.14764pt x 172.99867pt.


File: images/IB.png Graphic file (type png)
<use images/IB.png>
Package pdftex.def Info: images/IB.png  used on input line 700.
(pdftex.def)             Requested size: 24.09048pt x 24.09048pt.
[47

 <./images/2_HALCON_sr_6_code_1.png> <./images/2_HALCON_sr_6_code_2.png>]
<images/2_HALCON_sr_7_code_1.png, id=488, 385.44pt x 441.14813pt>
File: images/2_HALCON_sr_7_code_1.png Graphic file (type png)
<use images/2_HALCON_sr_7_code_1.png>
Package pdftex.def Info: images/2_HALCON_sr_7_code_1.png  used on input line 71
6.
(pdftex.def)             Requested size: 154.03183pt x 176.29457pt.
<images/2_HALCON_sr_7_code_2.png, id=489, 611.28375pt x 380.92313pt>
File: images/2_HALCON_sr_7_code_2.png Graphic file (type png)
<use images/2_HALCON_sr_7_code_2.png>
Package pdftex.def Info: images/2_HALCON_sr_7_code_2.png  used on input line 71
6.
(pdftex.def)             Requested size: 188.26346pt x 117.31189pt.


File: images/IB.png Graphic file (type png)
<use images/IB.png>
Package pdftex.def Info: images/IB.png  used on input line 716.
(pdftex.def)             Requested size: 24.09048pt x 24.09048pt.
[48

 <./images/2_HALCON_sr_7_code_1.png> <./images/2_HALCON_sr_7_code_2.png>]

File: images/IB.png Graphic file (type png)
<use images/IB.png>
Package pdftex.def Info: images/IB.png  used on input line 729.
(pdftex.def)             Requested size: 24.09048pt x 24.09048pt.
[49

]
\tf@nav=\write6
\openout6 = `Unit02.nav'.

\tf@toc=\write7
\openout7 = `Unit02.toc'.

\tf@snm=\write8
\openout8 = `Unit02.snm'.

 (Unit02.aux
LaTeX Info: Redefining \. on input line 12.
LaTeX Info: Redefining \% on input line 12.
)
 ***********
LaTeX2e <2025-06-01> patch level 1
L3 programming layer <2025-10-09>
 ***********
Package rerunfilecheck Info: File `Unit02.out' has not changed.
(rerunfilecheck)             Checksum: 5BA36AE3E341633490ECE2AF0D9FB34D;272.
 ) 
Here is how much of TeX's memory you used:
 34861 strings out of 468079
 735302 string characters out of 5435789
 1140847 words of memory out of 5000000
 62789 multiletter control sequences out of 15000+600000
 641601 words of font info for 73 fonts, out of 8000000 for 9000
 1141 hyphenation exceptions out of 8191
 128i,15n,123p,400b,911s stack positions out of 10000i,1000n,20000p,200000b,200000s
 <C:\Users\Leonardo Ortiz\AppData\Local\MiKTeX\fonts/pk/ljfour/jknappen/ec/dp
i600\ecbx2488.pk> <C:\Users\Leonardo Ortiz\AppData\Local\MiKTeX\fonts/pk/ljfour
/jknappen/ec/dpi600\ecbx1440.pk> <C:\Users\Leonardo Ortiz\AppData\Local\MiKTeX\
fonts/pk/ljfour/jknappen/ec/dpi600\ecbx1000.pk> <C:\Users\Leonardo Ortiz\AppDat
a\Local\MiKTeX\fonts/pk/ljfour/jknappen/ec/dpi600\ecrm1000.pk> <C:\Users\Leonar
do Ortiz\AppData\Local\MiKTeX\fonts/pk/ljfour/jknappen/ec/dpi600\ecbx1095.pk> <
C:\Users\Leonardo Ortiz\AppData\Local\MiKTeX\fonts/pk/ljfour/jknappen/ec/dpi600
\ecrm0600.pk> <C:\Users\Leonardo Ortiz\AppData\Local\MiKTeX\fonts/pk/ljfour/jkn
appen/ec/dpi600\ecrm0800.pk> <C:\Users\Leonardo Ortiz\AppData\Local\MiKTeX\font
s/pk/ljfour/jknappen/ec/dpi600\ecrm1095.pk> <C:\Users\Leonardo Ortiz\AppData\Lo
cal\MiKTeX\fonts/pk/ljfour/jknappen/ec/dpi600\ecrm1440.pk>
Output written on Unit02.pdf (49 pages, 3825563 bytes).
PDF statistics:
 875 PDF objects out of 1000 (max. 8388607)
 102 named destinations out of 1000 (max. 500000)
 550 words of extra memory for PDF output out of 10000 (max. 10000000)

